Component: ARM Compiler 5.06 update 6 (build 750) Tool: armlink [4d35ed]

==============================================================================

Section Cross References

    event_groups.o(.text) refers to heap_1.o(.text) for pvPortMalloc
    event_groups.o(.text) refers to list.o(.text) for vListInitialise
    event_groups.o(.text) refers to tasks.o(.text) for vTaskSuspendAll
    event_groups.o(.text) refers to port.o(.text) for vPortEnterCritical
    queue.o(.text) refers to port.o(.text) for vPortEnterCritical
    queue.o(.text) refers to tasks.o(.text) for xTaskRemoveFromEventList
    queue.o(.text) refers to list.o(.text) for vListInitialise
    queue.o(.text) refers to heap_1.o(.text) for pvPortMalloc
    queue.o(.text) refers to memcpya.o(.text) for __aeabi_memcpy
    tasks.o(.text) refers to list.o(.text) for vListInitialise
    tasks.o(.text) refers to port.o(.text) for vPortEnterCritical
    tasks.o(.text) refers to memseta.o(.text) for __aeabi_memset
    tasks.o(.text) refers to heap_1.o(.text) for pvPortMalloc
    tasks.o(.text) refers to tasks.o(.bss) for pxReadyTasksLists
    tasks.o(.text) refers to tasks.o(.data) for pxDelayedTaskList
    tasks.o(.text) refers to timers.o(.text) for xTimerCreateTimerTask
    timers.o(.text) refers to list.o(.text) for vListInsert
    timers.o(.text) refers to tasks.o(.text) for xTaskGetSchedulerState
    timers.o(.text) refers to queue.o(.text) for xQueueGenericSend
    timers.o(.text) refers to heap_1.o(.text) for vPortFree
    timers.o(.text) refers to port.o(.text) for vPortEnterCritical
    timers.o(.text) refers to timers.o(.data) for pxOverflowTimerList
    timers.o(.text) refers to timers.o(.bss) for xActiveTimerList1
    heap_1.o(.text) refers to tasks.o(.text) for vTaskSuspendAll
    heap_1.o(.text) refers to heap_1.o(.data) for pucAlignedHeap
    heap_1.o(.text) refers to heap_1.o(.bss) for ucHeap
    port.o(.emb_text) refers to tasks.o(.text) for vTaskSwitchContext
    port.o(.emb_text) refers to tasks.o(.data) for pxCurrentTCB
    port.o(.text) refers to port.o(.emb_text) for __asm___6_port_c_39a90d8d__prvStartFirstTask
    port.o(.text) refers to tasks.o(.text) for xTaskIncrementTick
    port.o(.text) refers to port.o(.data) for uxCriticalNesting
    mb.o(.text) refers to mbrtu.o(.text) for eMBRTUInit
    mb.o(.text) refers to portevent.o(.text) for xMBPortEventInit
    mb.o(.text) refers to mb.o(.data) for ucMBAddress
    mb.o(.data) refers to mbfuncinput.o(.text) for eMBFuncReadInputRegister
    mb.o(.data) refers to mbfuncholding.o(.text) for eMBFuncReadHoldingRegister
    mbfuncholding.o(.text) refers to modbuscb.o(.text) for eMBRegHoldingCB
    mbfuncholding.o(.text) refers to mbutils.o(.text) for prveMBError2Exception
    mbfuncinput.o(.text) refers to modbuscb.o(.text) for eMBRegInputCB
    mbfuncinput.o(.text) refers to mbutils.o(.text) for prveMBError2Exception
    mbcrc.o(.text) refers to mbcrc.o(.constdata) for aucCRCHi
    mbrtu.o(.text) refers to portserial.o(.text) for xMBPortSerialInit
    mbrtu.o(.text) refers to porttimer.o(.text) for xMBPortTimersInit
    mbrtu.o(.text) refers to mbcrc.o(.text) for usMBCRC16
    mbrtu.o(.text) refers to portevent.o(.text) for xMBPortEventPost
    mbrtu.o(.text) refers to mbrtu.o(.data) for eRcvState
    mbrtu.o(.text) refers to mbrtu.o(.bss) for ucRTUBuf
    portevent.o(.text) refers to portevent.o(.data) for xEventInQueue
    portserial.o(.text) refers to stm32f10x_rcc.o(.text) for RCC_APB2PeriphClockCmd
    portserial.o(.text) refers to stm32f10x_gpio.o(.text) for GPIO_PinRemapConfig
    portserial.o(.text) refers to stm32f10x_usart.o(.text) for USART_Init
    portserial.o(.text) refers to mb.o(.data) for pxMBFrameCBTransmitterEmpty
    portserial.o(.text) refers to devupdatecode.o(.bss) for g_updatePara
    portserial.o(.text) refers to portserial.o(.data) for g_mbRcved
    porttimer.o(.text) refers to bsptimer.o(.text) for bspTIM2Init
    porttimer.o(.text) refers to stm32f10x_tim.o(.text) for TIM_ClearITPendingBit
    porttimer.o(.text) refers to mb.o(.data) for pxMBPortCBTimerExpired
    main.o(.text) refers to nvic.o(.text) for NVIC_Configuration
    main.o(.text) refers to ledthread.o(.text) for ledthread_init
    main.o(.text) refers to modbuscb.o(.text) for modbus_init
    main.o(.text) refers to cfgthread.o(.text) for cfgThread_init
    main.o(.text) refers to netthread.o(.text) for netThread_init
    main.o(.text) refers to airsensor.o(.text) for airSensorThread_init
    main.o(.text) refers to devcom.o(.text) for devComThread_init
    main.o(.text) refers to tasks.o(.text) for vTaskStartScheduler
    ledthread.o(.text) refers to bspled.o(.text) for bspLedInit
    ledthread.o(.text) refers to tasks.o(.text) for vTaskDelay
    ledthread.o(.text) refers to bspiwdg.o(.text) for IWDG_Feed
    modbuscb.o(.text) refers to mb.o(.text) for eMBInit
    modbuscb.o(.text) refers to devupdatecode.o(.text) for DevUpdate
    modbuscb.o(.text) refers to tasks.o(.text) for vTaskDelay
[...]
    vListInitialiseItem                      0x080025f9   Thumb Code     6  list.o(.text)
    vListInsertEnd                           0x080025ff   Thumb Code    24  list.o(.text)
    vListInsert                              0x08002617   Thumb Code    52  list.o(.text)
    uxListRemove                             0x0800264b   Thumb Code    40  list.o(.text)
    xQueueGenericReset                       0x08002675   Thumb Code   122  queue.o(.text)
    xQueueGenericCreate                      0x08002715   Thumb Code    56  queue.o(.text)
    xQueueGenericSend                        0x08002865   Thumb Code   276  queue.o(.text)
    xQueueCreateMutex                        0x08002995   Thumb Code    34  queue.o(.text)
    xQueueGenericSendFromISR                 0x080029b7   Thumb Code   134  queue.o(.text)
    xQueueGiveFromISR                        0x08002a3d   Thumb Code   124  queue.o(.text)
    xQueueGenericReceive                     0x08002afd   Thumb Code   342  queue.o(.text)
    xQueueReceiveFromISR                     0x08002c53   Thumb Code   130  queue.o(.text)
    xQueuePeekFromISR                        0x08002cd5   Thumb Code    74  queue.o(.text)
    uxQueueMessagesWaiting                   0x08002d1f   Thumb Code    18  queue.o(.text)
    uxQueueSpacesAvailable                   0x08002d31   Thumb Code    24  queue.o(.text)
    uxQueueMessagesWaitingFromISR            0x08002d49   Thumb Code     6  queue.o(.text)
    vQueueDelete                             0x08002d4f   Thumb Code    14  queue.o(.text)
    xQueueIsQueueEmptyFromISR                0x08002d5d   Thumb Code    14  queue.o(.text)
    xQueueIsQueueFullFromISR                 0x08002d6b   Thumb Code    18  queue.o(.text)
    vQueueWaitForMessageRestricted           0x08002d7d   Thumb Code    74  queue.o(.text)
    xTaskCreate                              0x08002f39   Thumb Code    96  tasks.o(.text)
    vTaskDelete                              0x08002fd5   Thumb Code   166  tasks.o(.text)
    xTaskIncrementTick                       0x0800307b   Thumb Code   238  tasks.o(.text)
    xTaskResumeAll                           0x08003169   Thumb Code   282  tasks.o(.text)
    vTaskSuspendAll                          0x080032ff   Thumb Code    12  tasks.o(.text)
    vTaskDelayUntil                          0x0800330b   Thumb Code   106  tasks.o(.text)
    vTaskDelay                               0x08003375   Thumb Code    46  tasks.o(.text)
    uxTaskPriorityGet                        0x080033a3   Thumb Code    30  tasks.o(.text)
    uxTaskPriorityGetFromISR                 0x080033c1   Thumb Code    52  tasks.o(.text)
    vTaskPrioritySet                         0x080033f5   Thumb Code   226  tasks.o(.text)
    vTaskSwitchContext                       0x080034d7   Thumb Code    76  tasks.o(.text)
    vTaskSuspend                             0x08003523   Thumb Code   160  tasks.o(.text)
    vTaskResume                              0x080035fb   Thumb Code   172  tasks.o(.text)
    xTaskResumeFromISR                       0x080036a7   Thumb Code   130  tasks.o(.text)
    vTaskStartScheduler                      0x0800379f   Thumb Code    82  tasks.o(.text)
    vTaskEndScheduler                        0x080037f1   Thumb Code    32  tasks.o(.text)
    xTaskGetTickCount                        0x08003811   Thumb Code     6  tasks.o(.text)
    xTaskGetTickCountFromISR                 0x08003817   Thumb Code     8  tasks.o(.text)
    uxTaskGetNumberOfTasks                   0x0800381f   Thumb Code     6  tasks.o(.text)
    pcTaskGetName                            0x08003825   Thumb Code    20  tasks.o(.text)
    vTaskPlaceOnEventList                    0x08003839   Thumb Code    28  tasks.o(.text)
    vTaskPlaceOnUnorderedEventList           0x08003855   Thumb Code    40  tasks.o(.text)
    vTaskPlaceOnEventListRestricted          0x0800387d   Thumb Code    36  tasks.o(.text)
    xTaskRemoveFromEventList                 0x080038a1   Thumb Code   104  tasks.o(.text)
    xTaskRemoveFromUnorderedEventList        0x08003909   Thumb Code    94  tasks.o(.text)
    vTaskSetTimeOutState                     0x08003967   Thumb Code    14  tasks.o(.text)
    xTaskCheckForTimeOut                     0x08003975   Thumb Code    84  tasks.o(.text)
    vTaskMissedYield                         0x080039c9   Thumb Code     8  tasks.o(.text)
    uxTaskGetStackHighWaterMark              0x080039e7   Thumb Code    34  tasks.o(.text)
    xTaskGetCurrentTaskHandle                0x08003a09   Thumb Code     6  tasks.o(.text)
    xTaskGetSchedulerState                   0x08003a0f   Thumb Code    24  tasks.o(.text)
    vTaskPriorityInherit                     0x08003a27   Thumb Code   238  tasks.o(.text)
    xTaskPriorityDisinherit                  0x08003b15   Thumb Code   122  tasks.o(.text)
    uxTaskResetEventItemValue                0x08003b8f   Thumb Code    24  tasks.o(.text)
    pvTaskIncrementMutexHeldCount            0x08003ba7   Thumb Code    26  tasks.o(.text)
    ulTaskNotifyTake                         0x08003bc1   Thumb Code   108  tasks.o(.text)
    xTaskNotifyWait                          0x08003c2d   Thumb Code   150  tasks.o(.text)
    xTaskGenericNotify                       0x08003cc3   Thumb Code   178  tasks.o(.text)
    xTaskGenericNotifyFromISR                0x08003d75   Thumb Code   228  tasks.o(.text)
    vTaskNotifyGiveFromISR                   0x08003e59   Thumb Code   184  tasks.o(.text)
    xTaskNotifyStateClear                    0x08003f11   Thumb Code    48  tasks.o(.text)
    xTimerGenericCommand                     0x08003f9d   Thumb Code   102  timers.o(.text)
    xTimerCreateTimerTask                    0x0800427f   Thumb Code    40  timers.o(.text)
    xTimerCreate                             0x080042d5   Thumb Code    48  timers.o(.text)
    xTimerGetTimerDaemonTaskHandle           0x08004305   Thumb Code     6  timers.o(.text)
    xTimerGetPeriod                          0x0800430b   Thumb Code     8  timers.o(.text)
    xTimerGetExpiryTime                      0x08004313   Thumb Code     8  timers.o(.text)
    pcTimerGetName                           0x0800431b   Thumb Code     8  timers.o(.text)
    xTimerIsTimerActive                      0x08004323   Thumb Code    32  timers.o(.text)
    pvTimerGetTimerID                        0x08004343   Thumb Code    66  timers.o(.text)
    vTimerSetTimerID                         0x08004385   Thumb Code    20  timers.o(.text)
    pvPortMalloc                             0x08004399   Thumb Code    98  heap_1.o(.text)
    vPortFree                                0x080043fb   Thumb Code     2  heap_1.o(.text)
    vPortInitialiseBlocks                    0x080043fd   Thumb Code     8  heap_1.o(.text)
    xPortGetFreeHeapSize                     0x08004405   Thumb Code    12  heap_1.o(.text)
    pxPortInitialiseStack                    0x08004433   Thumb Code    30  port.o(.text)
    vPortSetupTimerInterrupt                 0x08004451   Thumb Code    14  port.o(.text)
    xPortStartScheduler                      0x0800445f   Thumb Code    42  port.o(.text)
    vPortEndScheduler                        0x08004489   Thumb Code     2  port.o(.text)
    vPortEnterCritical                       0x0800448b   Thumb Code    30  port.o(.text)
    vPortExitCritical                        0x080044a9   Thumb Code    28  port.o(.text)
    xPortSysTickHandler                      0x080044c5   Thumb Code    48  port.o(.text)
    eMBInit                                  0x08004505   Thumb Code   150  mb.o(.text)
    eMBRegisterCB                            0x0800459b   Thumb Code   128  mb.o(.text)
    eMBClose                                 0x0800461b   Thumb Code    32  mb.o(.text)
    eMBEnable                                0x0800463b   Thumb Code    32  mb.o(.text)
    eMBDisable                               0x0800465b   Thumb Code    42  mb.o(.text)
    eMBPoll                                  0x08004685   Thumb Code   268  mb.o(.text)
    eMBFuncWriteHoldingRegister              0x080047f1   Thumb Code    66  mbfuncholding.o(.text)
    eMBFuncWriteMultipleHoldingRegister      0x08004833   Thumb Code   110  mbfuncholding.o(.text)
    eMBFuncReadHoldingRegister               0x080048a1   Thumb Code   140  mbfuncholding.o(.text)
    eMBFuncReadInputRegister                 0x0800492d   Thumb Code   140  mbfuncinput.o(.text)
    xMBUtilSetBits                           0x080049b9   Thumb Code    96  mbutils.o(.text)
    xMBUtilGetBits                           0x08004a19   Thumb Code    42  mbutils.o(.text)
    prveMBError2Exception                    0x08004a43   Thumb Code    34  mbutils.o(.text)
    usMBCRC16                                0x08004a65   Thumb Code    48  mbcrc.o(.text)
    eMBRTUInit                               0x08004a9d   Thumb Code    80  mbrtu.o(.text)
    eMBRTUStart                              0x08004aed   Thumb Code    26  mbrtu.o(.text)
    eMBRTUStop                               0x08004b07   Thumb Code    20  mbrtu.o(.text)
    eMBRTUReceive                            0x08004b1b   Thumb Code    66  mbrtu.o(.text)
    eMBRTUSend                               0x08004b5d   Thumb Code   120  mbrtu.o(.text)
    xMBRTUReceiveFSM                         0x08004bd5   Thumb Code   122  mbrtu.o(.text)
    xMBRTUTransmitFSM                        0x08004c4f   Thumb Code    94  mbrtu.o(.text)
    xMBRTUTimerT35Expired                    0x08004cad   Thumb Code    60  mbrtu.o(.text)
    xMBPortEventInit                         0x08004d05   Thumb Code    10  portevent.o(.text)
    xMBPortEventPost                         0x08004d0f   Thumb Code    16  portevent.o(.text)
    xMBPortEventGet                          0x08004d1f   Thumb Code    26  portevent.o(.text)
    Modbus_485_Config                        0x08004d41   Thumb Code   164  portserial.o(.text)
    vMBPortSerialEnable                      0x08004de5   Thumb Code    98  portserial.o(.text)
    xMBPortSerialInit                        0x08004e47   Thumb Code    24  portserial.o(.text)
    xMBPortSerialPutByte                     0x08004e5f   Thumb Code    30  portserial.o(.text)
    xMBPortSerialGetByte                     0x08004e7d   Thumb Code    16  portserial.o(.text)
    MBPortSerialSend                         0x08004e8d   Thumb Code    56  portserial.o(.text)
    UART5_IRQHandler                         0x08004ed9   Thumb Code   238  portserial.o(.text)
    xMBPortTimersInit                        0x08004fed   Thumb Code    28  porttimer.o(.text)
    vMBPortTimersEnable                      0x08005009   Thumb Code     8  porttimer.o(.text)
    vMBPortTimersDisable                     0x08005011   Thumb Code     8  porttimer.o(.text)
    TIM2_IRQHandler                          0x08005023   Thumb Code    16  porttimer.o(.text)
    main                                     0x08005039   Thumb Code    36  main.o(.text)
    ledthread_init                           0x08005075   Thumb Code    38  ledthread.o(.text)
    Modbus_Task                              0x080050ad   Thumb Code   148  modbuscb.o(.text)
    modbus_init                              0x08005141   Thumb Code    62  modbuscb.o(.text)
    eMBRegHoldingCB                          0x0800517f   Thumb Code   520  modbuscb.o(.text)
    eMBRegInputCB                            0x08005387   Thumb Code    70  modbuscb.o(.text)
    write_holdReg_handle                     0x080053cd   Thumb Code     6  modbuscb.o(.text)
    air_data_update                          0x0800540d   Thumb Code  2824  airsensor.o(.text)
    air_para_query                           0x08005f93   Thumb Code  1186  airsensor.o(.text)
    air_rsp_timeOut                          0x08006435   Thumb Code    56  airsensor.o(.text)
    airSensorThread_init                     0x0800646d   Thumb Code   212  airsensor.o(.text)
    write_device                             0x0800658d   Thumb Code   244  cfgthread.o(.text)
    set_dev_num                              0x08006681   Thumb Code    74  cfgthread.o(.text)
    set_para_default                         0x080066cb   Thumb Code    20  cfgthread.o(.text)
    write_flash                              0x080066df   Thumb Code    96  cfgthread.o(.text)
    read_flash                               0x0800673f   Thumb Code   122  cfgthread.o(.text)
    sysTimUpdate                             0x080067b9   Thumb Code   280  cfgthread.o(.text)
    sysConfig                                0x080068d1   Thumb Code    84  cfgthread.o(.text)
    cfgThread_init                           0x08006a0d   Thumb Code   106  cfgthread.o(.text)
    dev_data_update                          0x08006aa1   Thumb Code  1588  devcom.o(.text)
    dev_para_query                           0x080071f1   Thumb Code   310  devcom.o(.text)
    dev_rsp_timeout                          0x08007327   Thumb Code    26  devcom.o(.text)
    devComThread_init                        0x08007341   Thumb Code   276  devcom.o(.text)
    Wifi232_Thread_Init                      0x08007617   Thumb Code    36  wifi232.o(.text)
    netThread_init                           0x080077f7   Thumb Code    70  netthread.o(.text)
    Clm920_Thread_Init                       0x080079b3   Thumb Code    64  clm920.o(.text)
    bspLedInit                               0x08007a59   Thumb Code    48  bspled.o(.text)
    bspLedToggle                             0x08007a89   Thumb Code    38  bspled.o(.text)
    NVIC_Configuration                       0x08007ab5   Thumb Code   180  nvic.o(.text)
    set_dev_priority                         0x08007b69   Thumb Code   330  nvic.o(.text)
    bspTIM2Init                              0x08007cb3   Thumb Code    50  bsptimer.o(.text)
    bspTIM2Enable                            0x08007ce5   Thumb Code    40  bsptimer.o(.text)
    bspTIM2Disable                           0x08007d0d   Thumb Code    32  bsptimer.o(.text)
    IWDG_Init                                0x08007d2d   Thumb Code    36  bspiwdg.o(.text)
    IWDG_Feed                                0x08007d51   Thumb Code     8  bspiwdg.o(.text)
    STMFLASH_ReadHalfWord                    0x08007d59   Thumb Code     6  bsp_internalflash.o(.text)
    STMFLASH_Write_NoCheck                   0x08007d5f   Thumb Code    38  bsp_internalflash.o(.text)
    STMFLASH_Read                            0x08007d85   Thumb Code    34  bsp_internalflash.o(.text)
    STMFLASH_Write                           0x08007da7   Thumb Code   230  bsp_internalflash.o(.text)
    Test_Write                               0x08007e8d   Thumb Code    16  bsp_internalflash.o(.text)
    Air_Snd_Buf                              0x08007fd7   Thumb Code    46  bspaircom.o(.text)
    Air_TX_Service                           0x08008005   Thumb Code   278  bspaircom.o(.text)
    Air_RX_Service                           0x0800811b   Thumb Code   304  bspaircom.o(.text)
    Air_485_Config                           0x0800824b   Thumb Code   194  bspaircom.o(.text)
    UART4_IRQHandler                         0x0800830d   Thumb Code   314  bspaircom.o(.text)
    RTC_Get_Week                             0x0800849f   Thumb Code   116  bsprtc.o(.text)
    Is_Leap_Year                             0x08008513   Thumb Code    58  bsprtc.o(.text)
    RTC_Get                                  0x0800854d   Thumb Code   250  bsprtc.o(.text)
    RTC_Set                                  0x08008647   Thumb Code   184  bsprtc.o(.text)
    RTC_Init                                 0x080086ff   Thumb Code   192  bsprtc.o(.text)
    RTC_IRQHandler                           0x080087bf   Thumb Code    54  bsprtc.o(.text)
    RTC_Alarm_Set                            0x080087f5   Thumb Code   184  bsprtc.o(.text)
    Dev_Snd_Buf                              0x080089b1   Thumb Code    52  bspdevcom.o(.text)
    Dev_TX_Service                           0x080089e5   Thumb Code   278  bspdevcom.o(.text)
    Dev_RX_Service                           0x08008afb   Thumb Code   238  bspdevcom.o(.text)
    Dev_485_Config                           0x08008be9   Thumb Code   166  bspdevcom.o(.text)
    USART1_IRQHandler                        0x08008c8f   Thumb Code   380  bspdevcom.o(.text)
    Dew_point_Fun                            0x08008e29   Thumb Code   246  bspdevctl.o(.text)
    bsp_dev_ctl                              0x08008f1f   Thumb Code  2286  bspdevctl.o(.text)
    bsp_dev_schedule                         0x0800980d   Thumb Code   332  bspdevctl.o(.text)
    Wifi232b2_DeInit                         0x08009979   Thumb Code    18  bspwifi232b2.o(.text)
    wifi232b2_gpio_cfg                       0x0800998b   Thumb Code   138  bspwifi232b2.o(.text)
    wifi232b2_usart_cfg                      0x08009a15   Thumb Code   152  bspwifi232b2.o(.text)
    USART3_IRQHandler                        0x08009aad   Thumb Code   286  bspwifi232b2.o(.text)
    Usart_SendByte                           0x08009bcb   Thumb Code    30  bspwifi232b2.o(.text)
    Usart_SendArray                          0x08009be9   Thumb Code    48  bspwifi232b2.o(.text)
    delay_ms                                 0x08009c19   Thumb Code    10  bspwifi232b2.o(.text)
    wifi232b2_key_scan                       0x08009c23   Thumb Code    56  bspwifi232b2.o(.text)
    wifi232_Send                             0x08009c5b   Thumb Code    44  bspwifi232b2.o(.text)
    Wait_Wifi232b2_Ready                     0x08009de9   Thumb Code    32  bspwifi232b2.o(.text)
    wifi232b2_Reset                          0x08009e09   Thumb Code    86  bspwifi232b2.o(.text)
    wifi232b2_Reload                         0x08009e5f   Thumb Code    30  bspwifi232b2.o(.text)
    set_Tcp_Para                             0x0800a467   Thumb Code    46  bspwifi232b2.o(.text)
    wifi232b2_chg_ip                         0x0800a495   Thumb Code    16  bspwifi232b2.o(.text)
    wifi232b2_Con_Wifi                       0x0800a4a5   Thumb Code   338  bspwifi232b2.o(.text)
    check_Wifi232b2_Status                   0x0800a5f7   Thumb Code   174  bspwifi232b2.o(.text)
    wifi232b2_State_Machine                  0x0800a6a5   Thumb Code   152  bspwifi232b2.o(.text)
    wifi232b2_Init                           0x0800a73d   Thumb Code   164  bspwifi232b2.o(.text)
    WIFI_Task                                0x0800a7e1   Thumb Code   114  bspwifi232b2.o(.text)
    bspClm920_gpio_init                      0x0800a865   Thumb Code   112  bspclm920.o(.text)
    bspClm920_Snd_Buf                        0x0800a8d5   Thumb Code    44  bspclm920.o(.text)
    bspClm920_Snd_Cmd                        0x0800a901   Thumb Code    30  bspclm920.o(.text)
    bspClm920_Set_Heart_Dat                  0x0800aa85   Thumb Code    24  bspclm920.o(.text)
    bspClm920_Usart_Init                     0x0800aa9d   Thumb Code   146  bspclm920.o(.text)
    bspClm920_Init                           0x0800ab2f   Thumb Code    36  bspclm920.o(.text)
    bspClm920_Reset                          0x0800ab53   Thumb Code    34  bspclm920.o(.text)
    bspClm920_HWReset                        0x0800ab75   Thumb Code    40  bspclm920.o(.text)
    bspClm920_Set_TCP_Para                   0x0800ab9d   Thumb Code    40  bspclm920.o(.text)
    bspClm920_Change_IP                      0x0800abc5   Thumb Code    76  bspclm920.o(.text)
    bspWhgm5_Relink                          0x0800ac11   Thumb Code    54  bspclm920.o(.text)
    bspClm920_Chk_Sta                        0x0800ac47   Thumb Code   420  bspclm920.o(.text)
    bspClm920_Rcv_Cmd                        0x0800adeb   Thumb Code   374  bspclm920.o(.text)
    bspClm920_ChangeOperator                 0x0800af61   Thumb Code   102  bspclm920.o(.text)
    bspClm920_State_Machine                  0x0800afc7   Thumb Code   144  bspclm920.o(.text)
    bspClm920_DeInit                         0x0800b057   Thumb Code    18  bspclm920.o(.text)
    USART2_IRQHandler                        0x0800b069   Thumb Code   352  bspclm920.o(.text)
    net_change_IP                            0x0800b1c9   Thumb Code    46  bspnetcom.o(.text)
    net_wait_trans                           0x0800b1f7   Thumb Code    56  bspnetcom.o(.text)
    net_snd_buf                              0x0800b22f   Thumb Code    60  bspnetcom.o(.text)
    net_snd_info                             0x0800b26b   Thumb Code   198  bspnetcom.o(.text)
    net_rcv_data_handle                      0x0800b331   Thumb Code   586  bspnetcom.o(.text)
    CheckXOR8                                0x0800b5a1   Thumb Code    26  bsppublic.o(.text)
    str2Hex                                  0x0800b5bb   Thumb Code   104  bsppublic.o(.text)
    str2HexLong                              0x0800b623   Thumb Code    78  bsppublic.o(.text)
    SlaveDevUpDateCode_Init                  0x0800b675   Thumb Code    12  devupdatecode.o(.text)
    DevUpDateCode_Init                       0x0800b681   Thumb Code    12  devupdatecode.o(.text)
    GetGetSlaveDevUpDateCodeFream_ComType    0x0800b68d   Thumb Code     6  devupdatecode.o(.text)
    SetGetSlaveDevUpDateCodeFream_ComType    0x0800b693   Thumb Code     8  devupdatecode.o(.text)
    GetDevUpDateCodeFream_UpDateCodeStatus   0x0800b69b   Thumb Code    22  devupdatecode.o(.text)
    GetDevUpDateCodeFream_NowSegLen          0x0800b6b1   Thumb Code    34  devupdatecode.o(.text)
    GetDevUpDateCodeFream_SessionNum         0x0800b6d3   Thumb Code    22  devupdatecode.o(.text)
    GetDevUpDateCodeFream_NowSegNum          0x0800b6e9   Thumb Code    58  devupdatecode.o(.text)
    GetDevUpDateCodeFream_TotalSegNum        0x0800b723   Thumb Code    58  devupdatecode.o(.text)
    SlaveDevUpDateCode_TimeClr               0x0800b75d   Thumb Code    10  devupdatecode.o(.text)
    IsSlaveDevDateCodeOK                     0x0800b767   Thumb Code    32  devupdatecode.o(.text)
    IsGetSlaveDevUpDateCodeFream_UpDateCodeStatusOk 0x0800b787   Thumb Code    50  devupdatecode.o(.text)
    GetDevUpDateCodeFream_FunCode            0x0800b7b9   Thumb Code    22  devupdatecode.o(.text)
    GetGetDevUpDateCodeFream_ComType         0x0800b7cf   Thumb Code     6  devupdatecode.o(.text)
    SetGetDevUpDateCodeFream_ComType         0x0800b7d5   Thumb Code     8  devupdatecode.o(.text)
    DevUpDateCode_TimeClr                    0x0800b7dd   Thumb Code    10  devupdatecode.o(.text)
    IsGetDevUpDateCodeFream_UpDateCodeStatusOk 0x0800b7e7   Thumb Code    50  devupdatecode.o(.text)
    GetDevUpDateCodeFream_Handle             0x0800b819   Thumb Code  2270  devupdatecode.o(.text)
    DevUpdate                                0x0800c0f7   Thumb Code    86  devupdatecode.o(.text)
    DevConfigureConVar_Init                  0x0800c14d   Thumb Code     8  devupdatecode.o(.text)
    Set_Fist_Init_Flag                       0x0800c155   Thumb Code    10  devupdatecode.o(.text)
    DevConfigureHandle                       0x0800c15f   Thumb Code     2  devupdatecode.o(.text)
    Set_DevUpDateCode_Status                 0x0800c161   Thumb Code     6  devupdatecode.o(.text)
    Set_SlaveDevUpDateCode_Status            0x0800c167   Thumb Code     6  devupdatecode.o(.text)
    DevUpDateCode_TimeCount                  0x0800c16d   Thumb Code    30  devupdatecode.o(.text)
    IsDevUpDateCode_TimeOver                 0x0800c18b   Thumb Code    28  devupdatecode.o(.text)
    IsSlaveDevUpDateCode_TimeOver            0x0800c1a7   Thumb Code    28  devupdatecode.o(.text)
    SetSlaveDateCodeComErr                   0x0800c1c3   Thumb Code     8  devupdatecode.o(.text)
    IsSlaveDateCodeComErrStatus              0x0800c1cb   Thumb Code     8  devupdatecode.o(.text)
    SlaveDateCodeComBackHandle               0x0800c1d3   Thumb Code   246  devupdatecode.o(.text)
    IsSlaveDevDateCode                       0x0800c2c9   Thumb Code     6  devupdatecode.o(.text)
    DevUpDateCodeHandle                      0x0800c2cf   Thumb Code   150  devupdatecode.o(.text)
    SlaveDevUpDateCodeHandle                 0x0800c365   Thumb Code   158  devupdatecode.o(.text)
    SlaveDevDateCodeSend                     0x0800c403   Thumb Code   544  devupdatecode.o(.text)
    IsGetDevUpDateCodeFream_NowSegLenOk      0x0800c623   Thumb Code    28  devupdatecode.o(.text)
    NVIC_PriorityGroupConfig                 0x0800c65d   Thumb Code    10  misc.o(.text)
    NVIC_Init                                0x0800c667   Thumb Code   100  misc.o(.text)
    NVIC_SetVectorTable                      0x0800c6cb   Thumb Code    14  misc.o(.text)
    NVIC_SystemLPConfig                      0x0800c6d9   Thumb Code    34  misc.o(.text)
    SysTick_CLKSourceConfig                  0x0800c6fb   Thumb Code    40  misc.o(.text)
    FLASH_SetLatency                         0x0800c739   Thumb Code    18  stm32f10x_flash.o(.text)
    FLASH_HalfCycleAccessCmd                 0x0800c74b   Thumb Code    22  stm32f10x_flash.o(.text)
    FLASH_PrefetchBufferCmd                  0x0800c761   Thumb Code    22  stm32f10x_flash.o(.text)
    FLASH_Unlock                             0x0800c777   Thumb Code    20  stm32f10x_flash.o(.text)
    FLASH_UnlockBank1                        0x0800c78b   Thumb Code    12  stm32f10x_flash.o(.text)
    FLASH_UnlockBank2                        0x0800c797   Thumb Code    12  stm32f10x_flash.o(.text)
    FLASH_Lock                               0x0800c7a3   Thumb Code    24  stm32f10x_flash.o(.text)
    FLASH_LockBank1                          0x0800c7bb   Thumb Code    14  stm32f10x_flash.o(.text)
    FLASH_LockBank2                          0x0800c7c9   Thumb Code    14  stm32f10x_flash.o(.text)
    FLASH_GetBank2Status                     0x0800c7d7   Thumb Code    48  stm32f10x_flash.o(.text)
    FLASH_WaitForLastBank2Operation          0x0800c807   Thumb Code    38  stm32f10x_flash.o(.text)
    FLASH_GetBank1Status                     0x0800c82d   Thumb Code    48  stm32f10x_flash.o(.text)
    FLASH_WaitForLastBank1Operation          0x0800c85d   Thumb Code    38  stm32f10x_flash.o(.text)
    FLASH_ErasePage                          0x0800c883   Thumb Code   136  stm32f10x_flash.o(.text)
    FLASH_EraseAllPages                      0x0800c90b   Thumb Code   112  stm32f10x_flash.o(.text)
    FLASH_EraseAllBank1Pages                 0x0800c97b   Thumb Code    64  stm32f10x_flash.o(.text)
    FLASH_EraseAllBank2Pages                 0x0800c9bb   Thumb Code    64  stm32f10x_flash.o(.text)
    FLASH_WaitForLastOperation               0x0800c9fb   Thumb Code    38  stm32f10x_flash.o(.text)
    FLASH_GetReadOutProtectionStatus         0x0800ca21   Thumb Code    20  stm32f10x_flash.o(.text)
    FLASH_EraseOptionBytes                   0x0800ca35   Thumb Code   156  stm32f10x_flash.o(.text)
    FLASH_ProgramWord                        0x0800cad1   Thumb Code   368  stm32f10x_flash.o(.text)
    FLASH_ProgramHalfWord                    0x0800cc41   Thumb Code   110  stm32f10x_flash.o(.text)
    FLASH_ProgramOptionByteData              0x0800ccaf   Thumb Code    80  stm32f10x_flash.o(.text)
    FLASH_EnableWriteProtection              0x0800ccff   Thumb Code   188  stm32f10x_flash.o(.text)
    FLASH_ReadOutProtection                  0x0800cdbb   Thumb Code   164  stm32f10x_flash.o(.text)
    FLASH_UserOptionByteConfig               0x0800ce5f   Thumb Code    88  stm32f10x_flash.o(.text)
    FLASH_BootConfig                         0x0800ceb7   Thumb Code   130  stm32f10x_flash.o(.text)
    FLASH_GetUserOptionByte                  0x0800cf39   Thumb Code     8  stm32f10x_flash.o(.text)
    FLASH_GetWriteProtectionOptionByte       0x0800cf41   Thumb Code     6  stm32f10x_flash.o(.text)
    FLASH_GetPrefetchBufferStatus            0x0800cf47   Thumb Code    20  stm32f10x_flash.o(.text)
    FLASH_ITConfig                           0x0800cf5b   Thumb Code    66  stm32f10x_flash.o(.text)
    FLASH_GetFlagStatus                      0x0800cf9d   Thumb Code    64  stm32f10x_flash.o(.text)
    FLASH_ClearFlag                          0x0800cfdd   Thumb Code    18  stm32f10x_flash.o(.text)
    FLASH_GetStatus                          0x0800cfef   Thumb Code    48  stm32f10x_flash.o(.text)
    GPIO_DeInit                              0x0800d025   Thumb Code   172  stm32f10x_gpio.o(.text)
    GPIO_AFIODeInit                          0x0800d0d1   Thumb Code    20  stm32f10x_gpio.o(.text)
    GPIO_Init                                0x0800d0e5   Thumb Code   278  stm32f10x_gpio.o(.text)
    GPIO_StructInit                          0x0800d1fb   Thumb Code    16  stm32f10x_gpio.o(.text)
    GPIO_ReadInputDataBit                    0x0800d20b   Thumb Code    18  stm32f10x_gpio.o(.text)
    GPIO_ReadInputData                       0x0800d21d   Thumb Code     8  stm32f10x_gpio.o(.text)
    GPIO_ReadOutputDataBit                   0x0800d225   Thumb Code    18  stm32f10x_gpio.o(.text)
    GPIO_ReadOutputData                      0x0800d237   Thumb Code     8  stm32f10x_gpio.o(.text)
    GPIO_SetBits                             0x0800d23f   Thumb Code     4  stm32f10x_gpio.o(.text)
    GPIO_ResetBits                           0x0800d243   Thumb Code     4  stm32f10x_gpio.o(.text)
    GPIO_WriteBit                            0x0800d247   Thumb Code    10  stm32f10x_gpio.o(.text)
    GPIO_Write                               0x0800d251   Thumb Code     4  stm32f10x_gpio.o(.text)
    GPIO_PinLockConfig                       0x0800d255   Thumb Code    18  stm32f10x_gpio.o(.text)
    GPIO_EventOutputConfig                   0x0800d267   Thumb Code    26  stm32f10x_gpio.o(.text)
    GPIO_EventOutputCmd                      0x0800d281   Thumb Code     6  stm32f10x_gpio.o(.text)
    GPIO_PinRemapConfig                      0x0800d287   Thumb Code   138  stm32f10x_gpio.o(.text)
    GPIO_EXTILineConfig                      0x0800d311   Thumb Code    66  stm32f10x_gpio.o(.text)
    GPIO_ETH_MediaInterfaceConfig            0x0800d353   Thumb Code     8  stm32f10x_gpio.o(.text)
    IWDG_WriteAccessCmd                      0x0800d381   Thumb Code     6  stm32f10x_iwdg.o(.text)
    IWDG_SetPrescaler                        0x0800d387   Thumb Code     6  stm32f10x_iwdg.o(.text)
    IWDG_SetReload                           0x0800d38d   Thumb Code     6  stm32f10x_iwdg.o(.text)
    IWDG_ReloadCounter                       0x0800d393   Thumb Code    10  stm32f10x_iwdg.o(.text)
    IWDG_Enable                              0x0800d39d   Thumb Code    10  stm32f10x_iwdg.o(.text)
    IWDG_GetFlagStatus                       0x0800d3a7   Thumb Code    20  stm32f10x_iwdg.o(.text)
    PWR_DeInit                               0x0800d3c1   Thumb Code    22  stm32f10x_pwr.o(.text)
    PWR_BackupAccessCmd                      0x0800d3d7   Thumb Code     6  stm32f10x_pwr.o(.text)
    PWR_PVDCmd                               0x0800d3dd   Thumb Code     6  stm32f10x_pwr.o(.text)
    PWR_PVDLevelConfig                       0x0800d3e3   Thumb Code    18  stm32f10x_pwr.o(.text)
    PWR_WakeUpPinCmd                         0x0800d3f5   Thumb Code     8  stm32f10x_pwr.o(.text)
    PWR_EnterSTOPMode                        0x0800d3fd   Thumb Code    54  stm32f10x_pwr.o(.text)
    PWR_EnterSTANDBYMode                     0x0800d433   Thumb Code    42  stm32f10x_pwr.o(.text)
    PWR_GetFlagStatus                        0x0800d45d   Thumb Code    20  stm32f10x_pwr.o(.text)
    PWR_ClearFlag                            0x0800d471   Thumb Code    14  stm32f10x_pwr.o(.text)
    RCC_DeInit                               0x0800d48d   Thumb Code    64  stm32f10x_rcc.o(.text)
    RCC_HSEConfig                            0x0800d4cd   Thumb Code    70  stm32f10x_rcc.o(.text)
    RCC_GetFlagStatus                        0x0800d513   Thumb Code    56  stm32f10x_rcc.o(.text)
    RCC_WaitForHSEStartUp                    0x0800d54b   Thumb Code    58  stm32f10x_rcc.o(.text)
    RCC_AdjustHSICalibrationValue            0x0800d585   Thumb Code    20  stm32f10x_rcc.o(.text)
    RCC_HSICmd                               0x0800d599   Thumb Code     6  stm32f10x_rcc.o(.text)
    RCC_PLLConfig                            0x0800d59f   Thumb Code    24  stm32f10x_rcc.o(.text)
    RCC_PLLCmd                               0x0800d5b7   Thumb Code     6  stm32f10x_rcc.o(.text)
    RCC_SYSCLKConfig                         0x0800d5bd   Thumb Code    18  stm32f10x_rcc.o(.text)
    RCC_GetSYSCLKSource                      0x0800d5cf   Thumb Code    10  stm32f10x_rcc.o(.text)
    RCC_HCLKConfig                           0x0800d5d9   Thumb Code    18  stm32f10x_rcc.o(.text)
    RCC_PCLK1Config                          0x0800d5eb   Thumb Code    18  stm32f10x_rcc.o(.text)
    RCC_PCLK2Config                          0x0800d5fd   Thumb Code    20  stm32f10x_rcc.o(.text)
    RCC_ITConfig                             0x0800d611   Thumb Code    26  stm32f10x_rcc.o(.text)
    RCC_USBCLKConfig                         0x0800d62b   Thumb Code     8  stm32f10x_rcc.o(.text)
    RCC_ADCCLKConfig                         0x0800d633   Thumb Code    18  stm32f10x_rcc.o(.text)
    RCC_LSEConfig                            0x0800d645   Thumb Code    50  stm32f10x_rcc.o(.text)
    RCC_LSICmd                               0x0800d677   Thumb Code     6  stm32f10x_rcc.o(.text)
    RCC_RTCCLKConfig                         0x0800d67d   Thumb Code    12  stm32f10x_rcc.o(.text)
    RCC_RTCCLKCmd                            0x0800d689   Thumb Code     8  stm32f10x_rcc.o(.text)
    RCC_GetClocksFreq                        0x0800d691   Thumb Code   192  stm32f10x_rcc.o(.text)
    RCC_AHBPeriphClockCmd                    0x0800d751   Thumb Code    26  stm32f10x_rcc.o(.text)
    RCC_APB2PeriphClockCmd                   0x0800d76b   Thumb Code    26  stm32f10x_rcc.o(.text)
    RCC_APB1PeriphClockCmd                   0x0800d785   Thumb Code    26  stm32f10x_rcc.o(.text)
    RCC_APB2PeriphResetCmd                   0x0800d79f   Thumb Code    26  stm32f10x_rcc.o(.text)
    RCC_APB1PeriphResetCmd                   0x0800d7b9   Thumb Code    26  stm32f10x_rcc.o(.text)
    RCC_BackupResetCmd                       0x0800d7d3   Thumb Code     8  stm32f10x_rcc.o(.text)
    RCC_ClockSecuritySystemCmd               0x0800d7db   Thumb Code     6  stm32f10x_rcc.o(.text)
    RCC_MCOConfig                            0x0800d7e1   Thumb Code     6  stm32f10x_rcc.o(.text)
    RCC_ClearFlag                            0x0800d7e7   Thumb Code    14  stm32f10x_rcc.o(.text)
    RCC_GetITStatus                          0x0800d7f5   Thumb Code    20  stm32f10x_rcc.o(.text)
    RCC_ClearITPendingBit                    0x0800d809   Thumb Code     6  stm32f10x_rcc.o(.text)
    RTC_ITConfig                             0x0800d835   Thumb Code    26  stm32f10x_rtc.o(.text)
    RTC_EnterConfigMode                      0x0800d84f   Thumb Code    18  stm32f10x_rtc.o(.text)
    RTC_ExitConfigMode                       0x0800d861   Thumb Code    20  stm32f10x_rtc.o(.text)
    RTC_GetCounter                           0x0800d875   Thumb Code    18  stm32f10x_rtc.o(.text)
    RTC_SetCounter                           0x0800d887   Thumb Code    26  stm32f10x_rtc.o(.text)
    RTC_SetPrescaler                         0x0800d8a1   Thumb Code    28  stm32f10x_rtc.o(.text)
    RTC_SetAlarm                             0x0800d8bd   Thumb Code    26  stm32f10x_rtc.o(.text)
    RTC_GetDivider                           0x0800d8d7   Thumb Code    22  stm32f10x_rtc.o(.text)
    RTC_WaitForLastTask                      0x0800d8ed   Thumb Code    18  stm32f10x_rtc.o(.text)
    RTC_WaitForSynchro                       0x0800d8ff   Thumb Code    36  stm32f10x_rtc.o(.text)
    RTC_GetFlagStatus                        0x0800d923   Thumb Code    22  stm32f10x_rtc.o(.text)
    RTC_ClearFlag                            0x0800d939   Thumb Code    16  stm32f10x_rtc.o(.text)
    RTC_GetITStatus                          0x0800d949   Thumb Code    32  stm32f10x_rtc.o(.text)
    RTC_ClearITPendingBit                    0x0800d969   Thumb Code    16  stm32f10x_rtc.o(.text)
    TIM_DeInit                               0x0800d97d   Thumb Code   424  stm32f10x_tim.o(.text)
    TIM_TimeBaseInit                         0x0800db25   Thumb Code   122  stm32f10x_tim.o(.text)
    TIM_OC1Init                              0x0800db9f   Thumb Code   132  stm32f10x_tim.o(.text)
    TIM_OC2Init                              0x0800dc23   Thumb Code   154  stm32f10x_tim.o(.text)
    TIM_OC3Init                              0x0800dcbd   Thumb Code   150  stm32f10x_tim.o(.text)
    TIM_OC4Init                              0x0800dd53   Thumb Code   182  stm32f10x_tim.o(.text)
    TIM_SetIC4Prescaler                      0x0800de09   Thumb Code    26  stm32f10x_tim.o(.text)
    TIM_SetIC3Prescaler                      0x0800dea5   Thumb Code    18  stm32f10x_tim.o(.text)
    TIM_SetIC2Prescaler                      0x0800df31   Thumb Code    26  stm32f10x_tim.o(.text)
    TIM_SetIC1Prescaler                      0x0800dfcd   Thumb Code    18  stm32f10x_tim.o(.text)
    TIM_ICInit                               0x0800e04b   Thumb Code   150  stm32f10x_tim.o(.text)
    TIM_PWMIConfig                           0x0800e0e1   Thumb Code   124  stm32f10x_tim.o(.text)
    TIM_BDTRConfig                           0x0800e15d   Thumb Code    32  stm32f10x_tim.o(.text)
    TIM_TimeBaseStructInit                   0x0800e17d   Thumb Code    18  stm32f10x_tim.o(.text)
    TIM_OCStructInit                         0x0800e18f   Thumb Code    20  stm32f10x_tim.o(.text)
    TIM_ICStructInit                         0x0800e1a3   Thumb Code    18  stm32f10x_tim.o(.text)
    TIM_BDTRStructInit                       0x0800e1b5   Thumb Code    40  stm32f10x_tim.o(.text)
    TIM_Cmd                                  0x0800e1dd   Thumb Code    24  stm32f10x_tim.o(.text)
    TIM_CtrlPWMOutputs                       0x0800e1f5   Thumb Code    30  stm32f10x_tim.o(.text)
    TIM_ITConfig                             0x0800e213   Thumb Code    18  stm32f10x_tim.o(.text)
    TIM_GenerateEvent                        0x0800e225   Thumb Code     4  stm32f10x_tim.o(.text)
    TIM_DMAConfig                            0x0800e229   Thumb Code    10  stm32f10x_tim.o(.text)
    TIM_DMACmd                               0x0800e233   Thumb Code    18  stm32f10x_tim.o(.text)
    TIM_InternalClockConfig                  0x0800e245   Thumb Code    12  stm32f10x_tim.o(.text)
    TIM_SelectInputTrigger                   0x0800e251   Thumb Code    18  stm32f10x_tim.o(.text)
    TIM_ITRxExternalClockConfig              0x0800e263   Thumb Code    24  stm32f10x_tim.o(.text)
    TIM_TIxExternalClockConfig               0x0800e27b   Thumb Code    62  stm32f10x_tim.o(.text)
    TIM_ETRConfig                            0x0800e2b9   Thumb Code    28  stm32f10x_tim.o(.text)
    TIM_ETRClockMode1Config                  0x0800e2d5   Thumb Code    54  stm32f10x_tim.o(.text)
    TIM_ETRClockMode2Config                  0x0800e30b   Thumb Code    32  stm32f10x_tim.o(.text)
    TIM_PrescalerConfig                      0x0800e32b   Thumb Code     6  stm32f10x_tim.o(.text)
    TIM_CounterModeConfig                    0x0800e331   Thumb Code    18  stm32f10x_tim.o(.text)
    TIM_EncoderInterfaceConfig               0x0800e343   Thumb Code    66  stm32f10x_tim.o(.text)
    TIM_ForcedOC1Config                      0x0800e385   Thumb Code    18  stm32f10x_tim.o(.text)
    TIM_ForcedOC2Config                      0x0800e397   Thumb Code    26  stm32f10x_tim.o(.text)
    TIM_ForcedOC3Config                      0x0800e3b1   Thumb Code    18  stm32f10x_tim.o(.text)
    TIM_ForcedOC4Config                      0x0800e3c3   Thumb Code    26  stm32f10x_tim.o(.text)
    TIM_ARRPreloadConfig                     0x0800e3dd   Thumb Code    24  stm32f10x_tim.o(.text)
    TIM_SelectCOM                            0x0800e3f5   Thumb Code    24  stm32f10x_tim.o(.text)
    TIM_SelectCCDMA                          0x0800e40d   Thumb Code    24  stm32f10x_tim.o(.text)
    TIM_CCPreloadControl                     0x0800e425   Thumb Code    24  stm32f10x_tim.o(.text)
    TIM_OC1PreloadConfig                     0x0800e43d   Thumb Code    18  stm32f10x_tim.o(.text)
    TIM_OC2PreloadConfig                     0x0800e44f   Thumb Code    26  stm32f10x_tim.o(.text)
    TIM_OC3PreloadConfig                     0x0800e469   Thumb Code    18  stm32f10x_tim.o(.text)
    TIM_OC4PreloadConfig                     0x0800e47b   Thumb Code    26  stm32f10x_tim.o(.text)
    TIM_OC1FastConfig                        0x0800e495   Thumb Code    18  stm32f10x_tim.o(.text)
    TIM_OC2FastConfig                        0x0800e4a7   Thumb Code    26  stm32f10x_tim.o(.text)
    TIM_OC3FastConfig                        0x0800e4c1   Thumb Code    18  stm32f10x_tim.o(.text)
    TIM_OC4FastConfig                        0x0800e4d3   Thumb Code    26  stm32f10x_tim.o(.text)
    TIM_ClearOC1Ref                          0x0800e4ed   Thumb Code    18  stm32f10x_tim.o(.text)
    TIM_ClearOC2Ref                          0x0800e4ff   Thumb Code    24  stm32f10x_tim.o(.text)
    TIM_ClearOC3Ref                          0x0800e517   Thumb Code    18  stm32f10x_tim.o(.text)
    TIM_ClearOC4Ref                          0x0800e529   Thumb Code    24  stm32f10x_tim.o(.text)
    TIM_OC1PolarityConfig                    0x0800e541   Thumb Code    18  stm32f10x_tim.o(.text)
    TIM_OC1NPolarityConfig                   0x0800e553   Thumb Code    18  stm32f10x_tim.o(.text)
    TIM_OC2PolarityConfig                    0x0800e565   Thumb Code    26  stm32f10x_tim.o(.text)
    TIM_OC2NPolarityConfig                   0x0800e57f   Thumb Code    26  stm32f10x_tim.o(.text)
    TIM_OC3PolarityConfig                    0x0800e599   Thumb Code    26  stm32f10x_tim.o(.text)
    TIM_OC3NPolarityConfig                   0x0800e5b3   Thumb Code    26  stm32f10x_tim.o(.text)
    TIM_OC4PolarityConfig                    0x0800e5cd   Thumb Code    26  stm32f10x_tim.o(.text)
    TIM_CCxCmd                               0x0800e5e7   Thumb Code    30  stm32f10x_tim.o(.text)
    TIM_CCxNCmd                              0x0800e605   Thumb Code    30  stm32f10x_tim.o(.text)
    TIM_SelectOCxM                           0x0800e623   Thumb Code    82  stm32f10x_tim.o(.text)
    TIM_UpdateDisableConfig                  0x0800e675   Thumb Code    24  stm32f10x_tim.o(.text)
    TIM_UpdateRequestConfig                  0x0800e68d   Thumb Code    24  stm32f10x_tim.o(.text)
    TIM_SelectHallSensor                     0x0800e6a5   Thumb Code    24  stm32f10x_tim.o(.text)
    TIM_SelectOnePulseMode                   0x0800e6bd   Thumb Code    18  stm32f10x_tim.o(.text)
    TIM_SelectOutputTrigger                  0x0800e6cf   Thumb Code    18  stm32f10x_tim.o(.text)
    TIM_SelectSlaveMode                      0x0800e6e1   Thumb Code    18  stm32f10x_tim.o(.text)
    TIM_SelectMasterSlaveMode                0x0800e6f3   Thumb Code    18  stm32f10x_tim.o(.text)
    TIM_SetCounter                           0x0800e705   Thumb Code     4  stm32f10x_tim.o(.text)
    TIM_SetAutoreload                        0x0800e709   Thumb Code     4  stm32f10x_tim.o(.text)
    TIM_SetCompare1                          0x0800e70d   Thumb Code     4  stm32f10x_tim.o(.text)
    TIM_SetCompare2                          0x0800e711   Thumb Code     4  stm32f10x_tim.o(.text)
    TIM_SetCompare3                          0x0800e715   Thumb Code     4  stm32f10x_tim.o(.text)
    TIM_SetCompare4                          0x0800e719   Thumb Code     6  stm32f10x_tim.o(.text)
    TIM_SetClockDivision                     0x0800e71f   Thumb Code    18  stm32f10x_tim.o(.text)
    TIM_GetCapture1                          0x0800e731   Thumb Code     6  stm32f10x_tim.o(.text)
    TIM_GetCapture2                          0x0800e737   Thumb Code     6  stm32f10x_tim.o(.text)
    TIM_GetCapture3                          0x0800e73d   Thumb Code     6  stm32f10x_tim.o(.text)
    TIM_GetCapture4                          0x0800e743   Thumb Code     8  stm32f10x_tim.o(.text)
    TIM_GetCounter                           0x0800e74b   Thumb Code     6  stm32f10x_tim.o(.text)
    TIM_GetPrescaler                         0x0800e751   Thumb Code     6  stm32f10x_tim.o(.text)
    TIM_GetFlagStatus                        0x0800e757   Thumb Code    18  stm32f10x_tim.o(.text)
    TIM_ClearFlag                            0x0800e769   Thumb Code     6  stm32f10x_tim.o(.text)
    TIM_GetITStatus                          0x0800e76f   Thumb Code    34  stm32f10x_tim.o(.text)
    TIM_ClearITPendingBit                    0x0800e791   Thumb Code     6  stm32f10x_tim.o(.text)
    USART_DeInit                             0x0800e799   Thumb Code   134  stm32f10x_usart.o(.text)
    USART_Init                               0x0800e81f   Thumb Code   210  stm32f10x_usart.o(.text)
    USART_StructInit                         0x0800e8f1   Thumb Code    24  stm32f10x_usart.o(.text)
    USART_ClockInit                          0x0800e909   Thumb Code    34  stm32f10x_usart.o(.text)
    USART_ClockStructInit                    0x0800e92b   Thumb Code    12  stm32f10x_usart.o(.text)
    USART_Cmd                                0x0800e937   Thumb Code    24  stm32f10x_usart.o(.text)
    USART_ITConfig                           0x0800e94f   Thumb Code    74  stm32f10x_usart.o(.text)
    USART_DMACmd                             0x0800e999   Thumb Code    18  stm32f10x_usart.o(.text)
    USART_SetAddress                         0x0800e9ab   Thumb Code    18  stm32f10x_usart.o(.text)
    USART_WakeUpConfig                       0x0800e9bd   Thumb Code    18  stm32f10x_usart.o(.text)
    USART_ReceiverWakeUpCmd                  0x0800e9cf   Thumb Code    24  stm32f10x_usart.o(.text)
    USART_LINBreakDetectLengthConfig         0x0800e9e7   Thumb Code    18  stm32f10x_usart.o(.text)
    USART_LINCmd                             0x0800e9f9   Thumb Code    24  stm32f10x_usart.o(.text)
    USART_SendData                           0x0800ea11   Thumb Code     8  stm32f10x_usart.o(.text)
    USART_ReceiveData                        0x0800ea19   Thumb Code    10  stm32f10x_usart.o(.text)
    USART_SendBreak                          0x0800ea23   Thumb Code    10  stm32f10x_usart.o(.text)
    USART_SetGuardTime                       0x0800ea2d   Thumb Code    16  stm32f10x_usart.o(.text)
    USART_SetPrescaler                       0x0800ea3d   Thumb Code    16  stm32f10x_usart.o(.text)
    USART_SmartCardCmd                       0x0800ea4d   Thumb Code    24  stm32f10x_usart.o(.text)
    USART_SmartCardNACKCmd                   0x0800ea65   Thumb Code    24  stm32f10x_usart.o(.text)
    USART_HalfDuplexCmd                      0x0800ea7d   Thumb Code    24  stm32f10x_usart.o(.text)
    USART_OverSampling8Cmd                   0x0800ea95   Thumb Code    22  stm32f10x_usart.o(.text)
    USART_OneBitMethodCmd                    0x0800eaab   Thumb Code    24  stm32f10x_usart.o(.text)
    USART_IrDAConfig                         0x0800eac3   Thumb Code    18  stm32f10x_usart.o(.text)
    USART_IrDACmd                            0x0800ead5   Thumb Code    24  stm32f10x_usart.o(.text)
    USART_GetFlagStatus                      0x0800eaed   Thumb Code    26  stm32f10x_usart.o(.text)
    USART_ClearFlag                          0x0800eb07   Thumb Code    18  stm32f10x_usart.o(.text)
    USART_GetITStatus                        0x0800eb19   Thumb Code    84  stm32f10x_usart.o(.text)
    USART_ClearITPendingBit                  0x0800eb6d   Thumb Code    52  stm32f10x_usart.o(.text)
    NMI_Handler                              0x0800eba1   Thumb Code     2  stm32f10x_it.o(.text)
    HardFault_Handler                        0x0800eba3   Thumb Code     8  stm32f10x_it.o(.text)
    MemManage_Handler                        0x0800ebab   Thumb Code     4  stm32f10x_it.o(.text)
    BusFault_Handler                         0x0800ebaf   Thumb Code     4  stm32f10x_it.o(.text)
    UsageFault_Handler                       0x0800ebb3   Thumb Code     4  stm32f10x_it.o(.text)
    DebugMon_Handler                         0x0800ebb7   Thumb Code     2  stm32f10x_it.o(.text)
    SystemInit                               0x0800ec99   Thumb Code    76  system_stm32f10x.o(.text)
    SystemCoreClockUpdate                    0x0800ece5   Thumb Code   142  system_stm32f10x.o(.text)
    BKP_DeInit                               0x0800ed9d   Thumb Code    16  stm32f10x_bkp.o(.text)
    BKP_TamperPinLevelConfig                 0x0800edad   Thumb Code     6  stm32f10x_bkp.o(.text)
    BKP_TamperPinCmd                         0x0800edb3   Thumb Code     8  stm32f10x_bkp.o(.text)
    BKP_ITConfig                             0x0800edbb   Thumb Code     8  stm32f10x_bkp.o(.text)
    BKP_RTCOutputConfig                      0x0800edc3   Thumb Code    22  stm32f10x_bkp.o(.text)
    BKP_SetRTCCalibrationValue               0x0800edd9   Thumb Code    22  stm32f10x_bkp.o(.text)
    BKP_WriteBackupRegister                  0x0800edef   Thumb Code    24  stm32f10x_bkp.o(.text)
    BKP_ReadBackupRegister                   0x0800ee07   Thumb Code    26  stm32f10x_bkp.o(.text)
    BKP_GetFlagStatus                        0x0800ee21   Thumb Code    10  stm32f10x_bkp.o(.text)
    BKP_ClearFlag                            0x0800ee2b   Thumb Code    18  stm32f10x_bkp.o(.text)
    BKP_GetITStatus                          0x0800ee3d   Thumb Code    10  stm32f10x_bkp.o(.text)
    BKP_ClearITPendingBit                    0x0800ee47   Thumb Code    18  stm32f10x_bkp.o(.text)
    Reset_Handler                            0x0800ee61   Thumb Code     8  startup_stm32f10x_xl.o(.text)
    SVC_Handler                              0x0800ee73   Thumb Code     2  startup_stm32f10x_xl.o(.text)
    PendSV_Handler                           0x0800ee77   Thumb Code     2  startup_stm32f10x_xl.o(.text)
    SysTick_Handler                          0x0800ee79   Thumb Code     2  startup_stm32f10x_xl.o(.text)
    ADC1_2_IRQHandler                        0x0800ee7b   Thumb Code     0  startup_stm32f10x_xl.o(.text)
    ADC3_IRQHandler                          0x0800ee7b   Thumb Code     0  startup_stm32f10x_xl.o(.text)
    CAN1_RX1_IRQHandler                      0x0800ee7b   Thumb Code     0  startup_stm32f10x_xl.o(.text)
    CAN1_SCE_IRQHandler                      0x0800ee7b   Thumb Code     0  startup_stm32f10x_xl.o(.text)
    DMA1_Channel1_IRQHandler                 0x0800ee7b   Thumb Code     0  startup_stm32f10x_xl.o(.text)
    DMA1_Channel2_IRQHandler                 0x0800ee7b   Thumb Code     0  startup_stm32f10x_xl.o(.text)
    DMA1_Channel3_IRQHandler                 0x0800ee7b   Thumb Code     0  startup_stm32f10x_xl.o(.text)
    DMA1_Channel4_IRQHandler                 0x0800ee7b   Thumb Code     0  startup_stm32f10x_xl.o(.text)
    DMA1_Channel5_IRQHandler                 0x0800ee7b   Thumb Code     0  startup_stm32f10x_xl.o(.text)
    DMA1_Channel6_IRQHandler                 0x0800ee7b   Thumb Code     0  startup_stm32f10x_xl.o(.text)
    DMA1_Channel7_IRQHandler                 0x0800ee7b   Thumb Code     0  startup_stm32f10x_xl.o(.text)
    DMA2_Channel1_IRQHandler                 0x0800ee7b   Thumb Code     0  startup_stm32f10x_xl.o(.text)
    DMA2_Channel2_IRQHandler                 0x0800ee7b   Thumb Code     0  startup_stm32f10x_xl.o(.text)
    DMA2_Channel3_IRQHandler                 0x0800ee7b   Thumb Code     0  startup_stm32f10x_xl.o(.text)
    DMA2_Channel4_5_IRQHandler               0x0800ee7b   Thumb Code     0  startup_stm32f10x_xl.o(.text)
    EXTI0_IRQHandler                         0x0800ee7b   Thumb Code     0  startup_stm32f10x_xl.o(.text)
    EXTI15_10_IRQHandler                     0x0800ee7b   Thumb Code     0  startup_stm32f10x_xl.o(.text)
    EXTI1_IRQHandler                         0x0800ee7b   Thumb Code     0  startup_stm32f10x_xl.o(.text)
    EXTI2_IRQHandler                         0x0800ee7b   Thumb Code     0  startup_stm32f10x_xl.o(.text)
    EXTI3_IRQHandler                         0x0800ee7b   Thumb Code     0  startup_stm32f10x_xl.o(.text)
    EXTI4_IRQHandler                         0x0800ee7b   Thumb Code     0  startup_stm32f10x_xl.o(.text)
    EXTI9_5_IRQHandler                       0x0800ee7b   Thumb Code     0  startup_stm32f10x_xl.o(.text)
    FLASH_IRQHandler                         0x0800ee7b   Thumb Code     0  startup_stm32f10x_xl.o(.text)
    FSMC_IRQHandler                          0x0800ee7b   Thumb Code     0  startup_stm32f10x_xl.o(.text)
    I2C1_ER_IRQHandler                       0x0800ee7b   Thumb Code     0  startup_stm32f10x_xl.o(.text)
    I2C1_EV_IRQHandler                       0x0800ee7b   Thumb Code     0  startup_stm32f10x_xl.o(.text)
    I2C2_ER_IRQHandler                       0x0800ee7b   Thumb Code     0  startup_stm32f10x_xl.o(.text)
    I2C2_EV_IRQHandler                       0x0800ee7b   Thumb Code     0  startup_stm32f10x_xl.o(.text)
    PVD_IRQHandler                           0x0800ee7b   Thumb Code     0  startup_stm32f10x_xl.o(.text)
    RCC_IRQHandler                           0x0800ee7b   Thumb Code     0  startup_stm32f10x_xl.o(.text)
    RTCAlarm_IRQHandler                      0x0800ee7b   Thumb Code     0  startup_stm32f10x_xl.o(.text)
    SDIO_IRQHandler                          0x0800ee7b   Thumb Code     0  startup_stm32f10x_xl.o(.text)
    SPI1_IRQHandler                          0x0800ee7b   Thumb Code     0  startup_stm32f10x_xl.o(.text)
    SPI2_IRQHandler                          0x0800ee7b   Thumb Code     0  startup_stm32f10x_xl.o(.text)
    SPI3_IRQHandler                          0x0800ee7b   Thumb Code     0  startup_stm32f10x_xl.o(.text)
    TAMPER_IRQHandler                        0x0800ee7b   Thumb Code     0  startup_stm32f10x_xl.o(.text)
    TIM1_BRK_TIM9_IRQHandler                 0x0800ee7b   Thumb Code     0  startup_stm32f10x_xl.o(.text)
    TIM1_CC_IRQHandler                       0x0800ee7b   Thumb Code     0  startup_stm32f10x_xl.o(.text)
    TIM1_TRG_COM_TIM11_IRQHandler            0x0800ee7b   Thumb Code     0  startup_stm32f10x_xl.o(.text)
    TIM1_UP_TIM10_IRQHandler                 0x0800ee7b   Thumb Code     0  startup_stm32f10x_xl.o(.text)
    TIM3_IRQHandler                          0x0800ee7b   Thumb Code     0  startup_stm32f10x_xl.o(.text)
    TIM4_IRQHandler                          0x0800ee7b   Thumb Code     0  startup_stm32f10x_xl.o(.text)
    TIM5_IRQHandler                          0x0800ee7b   Thumb Code     0  startup_stm32f10x_xl.o(.text)
    TIM6_IRQHandler                          0x0800ee7b   Thumb Code     0  startup_stm32f10x_xl.o(.text)
    TIM7_IRQHandler                          0x0800ee7b   Thumb Code     0  startup_stm32f10x_xl.o(.text)
    TIM8_BRK_TIM12_IRQHandler                0x0800ee7b   Thumb Code     0  startup_stm32f10x_xl.o(.text)
    TIM8_CC_IRQHandler                       0x0800ee7b   Thumb Code     0  startup_stm32f10x_xl.o(.text)
    TIM8_TRG_COM_TIM14_IRQHandler            0x0800ee7b   Thumb Code     0  startup_stm32f10x_xl.o(.text)
    TIM8_UP_TIM13_IRQHandler                 0x0800ee7b   Thumb Code     0  startup_stm32f10x_xl.o(.text)
    USBWakeUp_IRQHandler                     0x0800ee7b   Thumb Code     0  startup_stm32f10x_xl.o(.text)
    USB_HP_CAN1_TX_IRQHandler                0x0800ee7b   Thumb Code     0  startup_stm32f10x_xl.o(.text)
    USB_LP_CAN1_RX0_IRQHandler               0x0800ee7b   Thumb Code     0  startup_stm32f10x_xl.o(.text)
    WWDG_IRQHandler                          0x0800ee7b   Thumb Code     0  startup_stm32f10x_xl.o(.text)
    __aeabi_memcpy                           0x0800ee85   Thumb Code    36  memcpya.o(.text)
    __aeabi_memcpy4                          0x0800ee85   Thumb Code     0  memcpya.o(.text)
    __aeabi_memcpy8                          0x0800ee85   Thumb Code     0  memcpya.o(.text)
    __aeabi_memset                           0x0800eea9   Thumb Code    14  memseta.o(.text)
    __aeabi_memset4                          0x0800eea9   Thumb Code     0  memseta.o(.text)
    __aeabi_memset8                          0x0800eea9   Thumb Code     0  memseta.o(.text)
    __aeabi_memclr                           0x0800eeb7   Thumb Code     4  memseta.o(.text)
    __aeabi_memclr4                          0x0800eeb7   Thumb Code     0  memseta.o(.text)
    __aeabi_memclr8                          0x0800eeb7   Thumb Code     0  memseta.o(.text)
    _memset$wrapper                          0x0800eebb   Thumb Code    18  memseta.o(.text)
    strstr                                   0x0800eecd   Thumb Code    36  strstr.o(.text)
    strncpy                                  0x0800eef1   Thumb Code    24  strncpy.o(.text)
    strlen                                   0x0800ef09   Thumb Code    14  strlen.o(.text)
    strcmp                                   0x0800ef17   Thumb Code    28  strcmp.o(.text)
    memcmp                                   0x0800ef33   Thumb Code    26  memcmp.o(.text)
    strcpy                                   0x0800ef4d   Thumb Code    18  strcpy.o(.text)
    strncmp                                  0x0800ef5f   Thumb Code    30  strncmp.o(.text)
    __aeabi_dadd                             0x0800ef7d   Thumb Code   322  dadd.o(.text)
    __aeabi_dsub                             0x0800f0bf   Thumb Code     6  dadd.o(.text)
    __aeabi_drsub                            0x0800f0c5   Thumb Code     6  dadd.o(.text)
    __aeabi_dmul                             0x0800f0cb   Thumb Code   228  dmul.o(.text)
    __aeabi_ddiv                             0x0800f1af   Thumb Code   222  ddiv.o(.text)
    __aeabi_i2d                              0x0800f28d   Thumb Code    34  dflti.o(.text)
    __aeabi_f2iz                             0x0800f2af   Thumb Code    50  ffixi.o(.text)
    __aeabi_f2d                              0x0800f2e1   Thumb Code    38  f2d.o(.text)
    __aeabi_cdcmpeq                          0x0800f309   Thumb Code     0  cdcmple.o(.text)
    __aeabi_cdcmple                          0x0800f309   Thumb Code    48  cdcmple.o(.text)
    __aeabi_cdrcmple                         0x0800f339   Thumb Code    48  cdrcmple.o(.text)
    __aeabi_d2f                              0x0800f369   Thumb Code    56  d2f.o(.text)
    __aeabi_uldivmod                         0x0800f3a1   Thumb Code    98  uldiv.o(.text)
    __aeabi_llsl                             0x0800f403   Thumb Code    30  llshl.o(.text)
    _ll_shift_l                              0x0800f403   Thumb Code     0  llshl.o(.text)
    __aeabi_lasr                             0x0800f421   Thumb Code    36  llsshr.o(.text)
    _ll_sshift_r                             0x0800f421   Thumb Code     0  llsshr.o(.text)
    __I$use$fp                               0x0800f445   Thumb Code     0  iusefp.o(.text)
    _float_round                             0x0800f445   Thumb Code    18  fepilogue.o(.text)
    _float_epilogue                          0x0800f457   Thumb Code    92  fepilogue.o(.text)
    _double_round                            0x0800f4b3   Thumb Code    30  depilogue.o(.text)
    _double_epilogue                         0x0800f4d1   Thumb Code   156  depilogue.o(.text)
    __ARM_scalbn                             0x0800f56d   Thumb Code    46  dscalb.o(.text)
    scalbn                                   0x0800f56d   Thumb Code     0  dscalb.o(.text)
    __scatterload                            0x0800f59d   Thumb Code    28  init.o(.text)
    __scatterload_rt2                        0x0800f59d   Thumb Code     0  init.o(.text)
    __aeabi_llsr                             0x0800f5c1   Thumb Code    32  llushr.o(.text)
    _ll_ushift_r                             0x0800f5c1   Thumb Code     0  llushr.o(.text)
    __decompress                             0x0800f5e1   Thumb Code     0  __dczerorl2.o(.text)
    __decompress1                            0x0800f5e1   Thumb Code    86  __dczerorl2.o(.text)
    __0sprintf$5                             0x0800f639   Thumb Code    34  printf5.o(i.__0sprintf$5)
    __1sprintf$5                             0x0800f639   Thumb Code     0  printf5.o(i.__0sprintf$5)
    __2sprintf                               0x0800f639   Thumb Code     0  printf5.o(i.__0sprintf$5)
    __kernel_poly                            0x0800f661   Thumb Code   170  poly.o(i.__kernel_poly)
    __mathlib_dbl_divzero                    0x0800f70d   Thumb Code    12  dunder.o(i.__mathlib_dbl_divzero)
    __mathlib_dbl_infnan                     0x0800f71d   Thumb Code     6  dunder.o(i.__mathlib_dbl_infnan)
    __mathlib_dbl_invalid                    0x0800f723   Thumb Code    12  dunder.o(i.__mathlib_dbl_invalid)
    __scatterload_copy                       0x0800f72f   Thumb Code    14  handlers.o(i.__scatterload_copy)
    __scatterload_null                       0x0800f73d   Thumb Code     2  handlers.o(i.__scatterload_null)
    __scatterload_zeroinit                   0x0800f73f   Thumb Code    14  handlers.o(i.__scatterload_zeroinit)
    __set_errno                              0x0800f74d   Thumb Code     6  errno.o(i.__set_errno)
    log                                      0x0800fa25   Thumb Code   808  log.o(i.log)
    log10                                    0x0800fd81   Thumb Code   198  log10.o(i.log10)
    table_week                               0x08010074   Data          12  bsprtc.o(.constdata)
    mon_table                                0x08010080   Data          12  bsprtc.o(.constdata)
    __mathlib_zero                           0x080103b0   Data           8  qnan.o(.constdata)
    Region$$Table$$Base                      0x080103b8   Number         0  anon$$obj.o(Region$$Table)
    Region$$Table$$Limit                     0x080103d8   Number         0  anon$$obj.o(Region$$Table)
    pxCurrentTCB                             0x20000000   Data           4  tasks.o(.data)
    pxMBFrameCBByteReceived                  0x20000074   Data           4  mb.o(.data)
    pxMBFrameCBTransmitterEmpty              0x20000078   Data           4  mb.o(.data)
    pxMBPortCBTimerExpired                   0x2000007c   Data           4  mb.o(.data)
    pxMBFrameCBReceiveFSMCur                 0x20000080   Data           4  mb.o(.data)
    pxMBFrameCBTransmitFSMCur                0x20000084   Data           4  mb.o(.data)
    g_mbRcved                                0x20000122   Data           2  portserial.o(.data)
    Modbus_Write_Queue                       0x20000124   Data           4  modbuscb.o(.data)
    usRegInputBuf                            0x20000128   Data           2  modbuscb.o(.data)
    g_modbusWriteFlag                        0x2000012c   Data           4  modbuscb.o(.data)
    g_handChangeFlag                         0x20000134   Data           1  airsensor.o(.data)
    Air_Snd_Queue                            0x20000138   Data           4  airsensor.o(.data)
    Air_Query_Timer                          0x2000013c   Data           4  airsensor.o(.data)
    Air_Rsp_Timeout                          0x20000140   Data           4  airsensor.o(.data)
    Air_Snd_Flag                             0x20000144   Data           4  airsensor.o(.data)
    Air_Rcv_Flag                             0x20000148   Data           4  airsensor.o(.data)
    g_Config_Queue                           0x2000014c   Data           4  cfgthread.o(.data)
    g_SysRegOpt_Mutex                        0x20000150   Data           4  cfgthread.o(.data)
    Dev_Snd_Queue                            0x20000154   Data           4  devcom.o(.data)
    Dev_Query_Timer                          0x20000158   Data           4  devcom.o(.data)
    Dev_Rsp_Timeout                          0x2000015c   Data           4  devcom.o(.data)
    Dev_Snd_Flag                             0x20000160   Data           4  devcom.o(.data)
    Dev_Rcv_Flag                             0x20000164   Data           4  devcom.o(.data)
    Dev_Upd_Mutex                            0x20000168   Data           4  devcom.o(.data)
    g_devChangeFlag                          0x2000016c   Data           1  devcom.o(.data)
    g_devConfigRegID                         0x2000016e   Data           2  devcom.o(.data)
    wifiHandle1                              0x20000178   Data           4  wifi232.o(.data)
    wifiHandle2                              0x2000017c   Data           4  wifi232.o(.data)
    Net_Snd_Queue                            0x20000194   Data           4  netthread.o(.data)
    Net_Queue_Data                           0x20000198   Data           8  netthread.o(.data)
    g_infoSndFlag                            0x200001a0   Data           1  netthread.o(.data)
    clm920Handle1                            0x200001a4   Data           4  clm920.o(.data)
    clm920Handle2                            0x200001a8   Data           4  clm920.o(.data)
    Clm920_status_check                      0x200001ac   Data           4  clm920.o(.data)
    g_netModuleChgFlag                       0x200001e0   Data           1  bspnetcom.o(.data)
    g_netModule                              0x200001e1   Data           1  bspnetcom.o(.data)
    s_DevRegHandle                           0x200001e2   Data           3  devupdatecode.o(.data)
    SystemCoreClock                          0x200001fc   Data           4  system_stm32f10x.o(.data)
    AHBPrescTable                            0x20000200   Data          16  system_stm32f10x.o(.data)
    ucRTUBuf                                 0x20006704   Data         256  mbrtu.o(.bss)
    usSysRegHoldingBuf                       0x20006804   Data         200  modbuscb.o(.bss)
    usRegHoldingBuf                          0x200068cc   Data        6120  modbuscb.o(.bss)
    temptemp                                 0x2000818c   Data          50  clm920.o(.bss)
    STMFLASH_BUF                             0x200081be   Data        2048  bsp_internalflash.o(.bss)
    HoldReg_Air                              0x200089be   Data         352  bspaircom.o(.bss)
    HoldReg_Hand                             0x20008b1e   Data        1152  bspaircom.o(.bss)
    Air_Com_Para                             0x20008f9e   Data         314  bspaircom.o(.bss)
    Air_Para                                 0x200090d8   Data          32  bspaircom.o(.bss)
    calendar                                 0x200090f8   Data          16  bsprtc.o(.bss)
    HoldReg_Dev                              0x20009108   Data        3776  bspdevcom.o(.bss)
    Dev_Com_Para                             0x20009fc8   Data        1568  bspdevcom.o(.bss)
    Dev_Para                                 0x2000a5e8   Data          16  bspdevcom.o(.bss)
    wifi232b2Para                            0x2000a624   Data          88  bspwifi232b2.o(.bss)
    Clm920_Para                              0x2000a67c   Data          62  bspclm920.o(.bss)
    Clm920_Com_Para                          0x2000a6bc   Data          16  bspclm920.o(.bss)
    g_netRcvBuf                              0x2000a6cc   Data        1050  bspnetcom.o(.bss)
    g_netSndBuf                              0x2000aae6   Data        6200  bspnetcom.o(.bss)
    s_DevUpDateCode                          0x2000c31e   Data          25  devupdatecode.o(.bss)
    s_SlaveDevUpDateCode                     0x2000c337   Data          42  devupdatecode.o(.bss)
    g_updatePara                             0x2000c361   Data        1151  devupdatecode.o(.bss)
    __initial_sp                             0x2000cbe0   Data           0  startup_stm32f10x_xl.o(STACK)



==============================================================================

Memory Map of the image

  Image Entry point : 0x08002531

  Load Region LR_IROM1 (Base: 0x08002400, Size: 0x0000e1ec, Max: 0x00100000, ABSOLUTE, COMPRESSED[0x0000e020])

    Execution Region ER_IROM1 (Exec base: 0x08002400, Load base: 0x08002400, Size: 0x0000dfd8, Max: 0x00100000, ABSOLUTE)

    Exec Addr    Load Addr    Size         Type   Attr      Idx    E Section Name        Object

    0x08002400   0x08002400   0x00000130   Data   RO         1163    RESET               startup_stm32f10x_xl.o
    0x08002530   0x08002530   0x00000000   Code   RO         1176  * .ARM.Collect$$$$00000000  mc_w.l(entry.o)
    0x08002530   0x08002530   0x00000004   Code   RO         1502    .ARM.Collect$$$$00000001  mc_w.l(entry2.o)
    0x08002534   0x08002534   0x00000004   Code   RO         1505    .ARM.Collect$$$$00000004  mc_w.l(entry5.o)
    0x08002538   0x08002538   0x00000000   Code   RO         1507    .ARM.Collect$$$$00000008  mc_w.l(entry7b.o)
    0x08002538   0x08002538   0x00000000   Code   RO         1509    .ARM.Collect$$$$0000000A  mc_w.l(entry8b.o)
    0x08002538   0x08002538   0x00000008   Code   RO         1510    .ARM.Collect$$$$0000000B  mc_w.l(entry9a.o)
    0x08002540   0x08002540   0x00000000   Code   RO         1512    .ARM.Collect$$$$0000000D  mc_w.l(entry10a.o)
    0x08002540   0x08002540   0x00000000   Code   RO         1514    .ARM.Collect$$$$0000000F  mc_w.l(entry11a.o)
    0x08002540   0x08002540   0x00000004   Code   RO         1503    .ARM.Collect$$$$00002712  mc_w.l(entry2.o)
    0x08002544   0x08002544   0x00000096   Code   RO          175    .emb_text           port.o
    0x080025da   0x080025da   0x00000002   PAD
    0x080025dc   0x080025dc   0x00000002   Code   RO         1112    .emb_text           stm32f10x_it.o
    0x080025de   0x080025de   0x00000094   Code   RO           84    .text               list.o
    0x08002672   0x08002672   0x00000002   PAD
    0x08002674   0x08002674   0x00000758   Code   RO           96    .text               queue.o
    0x08002dcc   0x08002dcc   0x00001180   Code   RO          114    .text               tasks.o
    0x08003f4c   0x08003f4c   0x0000044c   Code   RO          145    .text               timers.o
    0x08004398   0x08004398   0x00000084   Code   RO          160    .text               heap_1.o
    0x0800441c   0x0800441c   0x000000e8   Code   RO          176    .text               port.o
    0x08004504   0x08004504   0x000002ec   Code   RO          206    .text               mb.o
    0x080047f0   0x080047f0   0x0000013c   Code   RO          353    .text               mbfuncholding.o
    0x0800492c   0x0800492c   0x0000008c   Code   RO          365    .text               mbfuncinput.o
    0x080049b8   0x080049b8   0x000000ac   Code   RO          383    .text               mbutils.o
    0x08004a64   0x08004a64   0x00000038   Code   RO          395    .text               mbcrc.o
    0x08004a9c   0x08004a9c   0x00000268   Code   RO          412    .text               mbrtu.o
    0x08004d04   0x08004d04   0x0000003c   Code   RO          431    .text               portevent.o
    0x08004d40   0x08004d40   0x000002ac   Code   RO          445    .text               portserial.o
    0x08004fec   0x08004fec   0x0000004c   Code   RO          464    .text               porttimer.o
    0x08005038   0x08005038   0x00000024   Code   RO          479    .text               main.o
    0x0800505c   0x0800505c   0x00000050   Code   RO          522    .text               ledthread.o
    0x080050ac   0x080050ac   0x00000360   Code   RO          540    .text               modbuscb.o
    0x0800540c   0x0800540c   0x00001180   Code   RO          572    .text               airsensor.o
    0x0800658c   0x0800658c   0x00000514   Code   RO          607    .text               cfgthread.o
    0x08006aa0   0x08006aa0   0x00000a20   Code   RO          634    .text               devcom.o
    0x080074c0   0x080074c0   0x000001bc   Code   RO          653    .text               wifi232.o
    0x0800767c   0x0800767c   0x00000208   Code   RO          681    .text               netthread.o
    0x08007884   0x08007884   0x000001d4   Code   RO          700    .text               clm920.o
    0x08007a58   0x08007a58   0x0000005c   Code   RO          718    .text               bspled.o
    0x08007ab4   0x08007ab4   0x000001fe   Code   RO          730    .text               nvic.o
    0x08007cb2   0x08007cb2   0x0000007a   Code   RO          742    .text               bsptimer.o
    0x08007d2c   0x08007d2c   0x0000002c   Code   RO          754    .text               bspiwdg.o
    0x08007d58   0x08007d58   0x00000148   Code   RO          766    .text               bsp_internalflash.o
    0x08007ea0   0x08007ea0   0x000005c0   Code   RO          781    .text               bspaircom.o
    0x08008460   0x08008460   0x00000468   Code   RO          801    .text               bsprtc.o
    0x080088c8   0x080088c8   0x00000560   Code   RO          821    .text               bspdevcom.o
    0x08008e28   0x08008e28   0x00000b50   Code   RO          838    .text               bspdevctl.o
    0x08009978   0x08009978   0x00000eec   Code   RO          856    .text               bspwifi232b2.o
    0x0800a864   0x0800a864   0x00000964   Code   RO          877    .text               bspclm920.o
    0x0800b1c8   0x0800b1c8   0x000003d8   Code   RO          895    .text               bspnetcom.o
    0x0800b5a0   0x0800b5a0   0x000000d4   Code   RO          912    .text               bsppublic.o
    0x0800b674   0x0800b674   0x00000fe8   Code   RO          924    .text               devupdatecode.o
    0x0800c65c   0x0800c65c   0x000000dc   Code   RO          944    .text               misc.o
    0x0800c738   0x0800c738   0x000008ec   Code   RO          992    .text               stm32f10x_flash.o
    0x0800d024   0x0800d024   0x0000035c   Code   RO         1004    .text               stm32f10x_gpio.o
    0x0800d380   0x0800d380   0x00000040   Code   RO         1016    .text               stm32f10x_iwdg.o
    0x0800d3c0   0x0800d3c0   0x000000cc   Code   RO         1028    .text               stm32f10x_pwr.o
    0x0800d48c   0x0800d48c   0x000003a8   Code   RO         1040    .text               stm32f10x_rcc.o
    0x0800d834   0x0800d834   0x00000148   Code   RO         1054    .text               stm32f10x_rtc.o
    0x0800d97c   0x0800d97c   0x00000e1a   Code   RO         1078    .text               stm32f10x_tim.o
    0x0800e796   0x0800e796   0x00000002   PAD
    0x0800e798   0x0800e798   0x00000408   Code   RO         1090    .text               stm32f10x_usart.o
    0x0800eba0   0x0800eba0   0x00000018   Code   RO         1113    .text               stm32f10x_it.o
    0x0800ebb8   0x0800ebb8   0x000001e4   Code   RO         1131    .text               system_stm32f10x.o
    0x0800ed9c   0x0800ed9c   0x000000c4   Code   RO         1149    .text               stm32f10x_bkp.o
    0x0800ee60   0x0800ee60   0x00000024   Code   RO         1164    .text               startup_stm32f10x_xl.o
    0x0800ee84   0x0800ee84   0x00000024   Code   RO         1179    .text               mc_w.l(memcpya.o)
    0x0800eea8   0x0800eea8   0x00000024   Code   RO         1181    .text               mc_w.l(memseta.o)
    0x0800eecc   0x0800eecc   0x00000024   Code   RO         1183    .text               mc_w.l(strstr.o)
    0x0800eef0   0x0800eef0   0x00000018   Code   RO         1185    .text               mc_w.l(strncpy.o)
    0x0800ef08   0x0800ef08   0x0000000e   Code   RO         1187    .text               mc_w.l(strlen.o)
    0x0800ef16   0x0800ef16   0x0000001c   Code   RO         1189    .text               mc_w.l(strcmp.o)
    0x0800ef32   0x0800ef32   0x0000001a   Code   RO         1191    .text               mc_w.l(memcmp.o)
    0x0800ef4c   0x0800ef4c   0x00000012   Code   RO         1193    .text               mc_w.l(strcpy.o)
    0x0800ef5e   0x0800ef5e   0x0000001e   Code   RO         1195    .text               mc_w.l(strncmp.o)
    0x0800ef7c   0x0800ef7c   0x0000014e   Code   RO         1460    .text               mf_w.l(dadd.o)
    0x0800f0ca   0x0800f0ca   0x000000e4   Code   RO         1462    .text               mf_w.l(dmul.o)
    0x0800f1ae   0x0800f1ae   0x000000de   Code   RO         1464    .text               mf_w.l(ddiv.o)
    0x0800f28c   0x0800f28c   0x00000022   Code   RO         1466    .text               mf_w.l(dflti.o)
    0x0800f2ae   0x0800f2ae   0x00000032   Code   RO         1468    .text               mf_w.l(ffixi.o)
    0x0800f2e0   0x0800f2e0   0x00000026   Code   RO         1470    .text               mf_w.l(f2d.o)
    0x0800f306   0x0800f306   0x00000002   PAD
    0x0800f308   0x0800f308   0x00000030   Code   RO         1472    .text               mf_w.l(cdcmple.o)
    0x0800f338   0x0800f338   0x00000030   Code   RO         1474    .text               mf_w.l(cdrcmple.o)
    0x0800f368   0x0800f368   0x00000038   Code   RO         1476    .text               mf_w.l(d2f.o)
    0x0800f3a0   0x0800f3a0   0x00000062   Code   RO         1521    .text               mc_w.l(uldiv.o)
    0x0800f402   0x0800f402   0x0000001e   Code   RO         1523    .text               mc_w.l(llshl.o)
    0x0800f420   0x0800f420   0x00000024   Code   RO         1525    .text               mc_w.l(llsshr.o)
    0x0800f444   0x0800f444   0x00000000   Code   RO         1534    .text               mc_w.l(iusefp.o)
    0x0800f444   0x0800f444   0x0000006e   Code   RO         1535    .text               mf_w.l(fepilogue.o)
    0x0800f4b2   0x0800f4b2   0x000000ba   Code   RO         1537    .text               mf_w.l(depilogue.o)
    0x0800f56c   0x0800f56c   0x0000002e   Code   RO         1539    .text               mf_w.l(dscalb.o)
    0x0800f59a   0x0800f59a   0x00000002   PAD
    0x0800f59c   0x0800f59c   0x00000024   Code   RO         1546    .text               mc_w.l(init.o)
    0x0800f5c0   0x0800f5c0   0x00000020   Code   RO         1549    .text               mc_w.l(llushr.o)
    0x0800f5e0   0x0800f5e0   0x00000056   Code   RO         1560    .text               mc_w.l(__dczerorl2.o)
    0x0800f636   0x0800f636   0x00000002   PAD
    0x0800f638   0x0800f638   0x00000028   Code   RO         1334    i.__0sprintf$5      mc_w.l(printf5.o)
    0x0800f660   0x0800f660   0x000000aa   Code   RO         1543    i.__kernel_poly     m_ws.l(poly.o)
    0x0800f70a   0x0800f70a   0x00000002   PAD
    0x0800f70c   0x0800f70c   0x00000010   Code   RO         1478    i.__mathlib_dbl_divzero  m_ws.l(dunder.o)
    0x0800f71c   0x0800f71c   0x00000006   Code   RO         1479    i.__mathlib_dbl_infnan  m_ws.l(dunder.o)
    0x0800f722   0x0800f722   0x0000000c   Code   RO         1481    i.__mathlib_dbl_invalid  m_ws.l(dunder.o)
    0x0800f72e   0x0800f72e   0x0000000e   Code   RO         1554    i.__scatterload_copy  mc_w.l(handlers.o)
    0x0800f73c   0x0800f73c   0x00000002   Code   RO         1555    i.__scatterload_null  mc_w.l(handlers.o)
    0x0800f73e   0x0800f73e   0x0000000e   Code   RO         1556    i.__scatterload_zeroinit  mc_w.l(handlers.o)
    0x0800f74c   0x0800f74c   0x0000000c   Code   RO         1529    i.__set_errno       mc_w.l(errno.o)
    0x0800f758   0x0800f758   0x000002c0   Code   RO         1339    i._printf_core      mc_w.l(printf5.o)
    0x0800fa18   0x0800fa18   0x0000000a   Code   RO         1341    i._sputc            mc_w.l(printf5.o)
    0x0800fa22   0x0800fa22   0x00000002   PAD
    0x0800fa24   0x0800fa24   0x0000035c   Code   RO         1493    i.log               m_ws.l(log.o)
    0x0800fd80   0x0800fd80   0x000000e4   Code   RO         1169    i.log10             m_ws.l(log10.o)
    0x0800fe64   0x0800fe64   0x00000200   Data   RO          396    .constdata          mbcrc.o
    0x08010064   0x08010064   0x00000009   Data   RO          609    .constdata          cfgthread.o
    0x0801006d   0x0801006d   0x00000003   PAD
    0x08010070   0x08010070   0x00000004   Data   RO          702    .constdata          clm920.o
    0x08010074   0x08010074   0x00000018   Data   RO          803    .constdata          bsprtc.o
    0x0801008c   0x0801008c   0x00000198   Data   RO          858    .constdata          bspwifi232b2.o
    0x08010224   0x08010224   0x0000014e   Data   RO          879    .constdata          bspclm920.o
    0x08010372   0x08010372   0x00000006   PAD
    0x08010378   0x08010378   0x00000038   Data   RO         1494    .constdata          m_ws.l(log.o)
    0x080103b0   0x080103b0   0x00000008   Data   RO         1545    .constdata          m_ws.l(qnan.o)
    0x080103b8   0x080103b8   0x00000020   Data   RO         1552    Region$$Table       anon$$obj.o


    Execution Region RW_IRAM1 (Exec base: 0x20000000, Load base: 0x080103d8, Size: 0x0000cbe0, Max: 0x00018000, ABSOLUTE, COMPRESSED[0x00000048])

    Exec Addr    Load Addr    Size         Type   Attr      Idx    E Section Name        Object

    0x20000000   COMPRESSED   0x0000003c   Data   RW          116    .data               tasks.o
    0x2000003c   COMPRESSED   0x00000014   Data   RW          147    .data               timers.o
    0x20000050   COMPRESSED   0x00000008   Data   RW          162    .data               heap_1.o
    0x20000058   COMPRESSED   0x00000004   Data   RW          177    .data               port.o
    0x2000005c   COMPRESSED   0x000000b5   Data   RW          207    .data               mb.o
    0x20000111   COMPRESSED   0x00000003   PAD
    0x20000114   COMPRESSED   0x0000000c   Data   RW          414    .data               mbrtu.o
    0x20000120   COMPRESSED   0x00000002   Data   RW          432    .data               portevent.o
    0x20000122   COMPRESSED   0x00000002   Data   RW          446    .data               portserial.o
    0x20000124   COMPRESSED   0x0000000d   Data   RW          542    .data               modbuscb.o
    0x20000131   COMPRESSED   0x00000003   PAD
    0x20000134   COMPRESSED   0x00000018   Data   RW          573    .data               airsensor.o
    0x2000014c   COMPRESSED   0x00000008   Data   RW          610    .data               cfgthread.o
    0x20000154   COMPRESSED   0x00000021   Data   RW          635    .data               devcom.o
    0x20000175   COMPRESSED   0x00000003   PAD
    0x20000178   COMPRESSED   0x0000001c   Data   RW          654    .data               wifi232.o
    0x20000194   COMPRESSED   0x0000000e   Data   RW          682    .data               netthread.o
    0x200001a2   COMPRESSED   0x00000002   PAD
    0x200001a4   COMPRESSED   0x00000020   Data   RW          703    .data               clm920.o
    0x200001c4   COMPRESSED   0x00000002   Data   RW          783    .data               bspaircom.o
    0x200001c6   COMPRESSED   0x00000002   Data   RW          804    .data               bsprtc.o
    0x200001c8   COMPRESSED   0x00000002   Data   RW          823    .data               bspdevcom.o
    0x200001ca   COMPRESSED   0x00000002   PAD
    0x200001cc   COMPRESSED   0x0000000c   Data   RW          859    .data               bspwifi232b2.o
    0x200001d8   COMPRESSED   0x00000008   Data   RW          880    .data               bspclm920.o
    0x200001e0   COMPRESSED   0x00000002   Data   RW          897    .data               bspnetcom.o
    0x200001e2   COMPRESSED   0x00000003   Data   RW          926    .data               devupdatecode.o
    0x200001e5   COMPRESSED   0x00000014   Data   RW         1041    .data               stm32f10x_rcc.o
    0x200001f9   COMPRESSED   0x00000003   PAD
    0x200001fc   COMPRESSED   0x00000014   Data   RW         1132    .data               system_stm32f10x.o
    0x20000210   COMPRESSED   0x00000004   Data   RW         1530    .data               mc_w.l(errno.o)
    0x20000214        -       0x000000c8   Zero   RW          115    .bss                tasks.o
    0x200002dc        -       0x00000028   Zero   RW          146    .bss                timers.o
    0x20000304        -       0x00006400   Zero   RW          161    .bss                heap_1.o
    0x20006704        -       0x00000100   Zero   RW          413    .bss                mbrtu.o
    0x20006804        -       0x00001978   Zero   RW          541    .bss                modbuscb.o
    0x2000817c        -       0x00000010   Zero   RW          608    .bss                cfgthread.o
    0x2000818c        -       0x00000032   Zero   RW          701    .bss                clm920.o
    0x200081be        -       0x00000800   Zero   RW          767    .bss                bsp_internalflash.o
    0x200089be        -       0x0000073a   Zero   RW          782    .bss                bspaircom.o
    0x200090f8        -       0x00000010   Zero   RW          802    .bss                bsprtc.o
    0x20009108        -       0x000014f0   Zero   RW          822    .bss                bspdevcom.o
    0x2000a5f8        -       0x0000002a   Zero   RW          839    .bss                bspdevctl.o
    0x2000a622   COMPRESSED   0x00000002   PAD
    0x2000a624        -       0x00000058   Zero   RW          857    .bss                bspwifi232b2.o
    0x2000a67c        -       0x00000050   Zero   RW          878    .bss                bspclm920.o
    0x2000a6cc        -       0x00001c52   Zero   RW          896    .bss                bspnetcom.o
    0x2000c31e        -       0x000004c2   Zero   RW          925    .bss                devupdatecode.o
    0x2000c7e0        -       0x00000400   Zero   RW         1161    STACK               startup_stm32f10x_xl.o


==============================================================================

Image component sizes


      Code (inc. data)   RO Data    RW Data    ZI Data      Debug   Object Name

      4480        198          0         24          0       9553   airsensor.o
       328          4          0          0       2048       2618   bsp_internalflash.o
      1472         56          0          2       1850       5240   bspaircom.o
      2404        362        334          8         80       6579   bspclm920.o
      1376         54          0          2       5360       5088   bspdevcom.o
      2896        116          0          0         42       2285   bspdevctl.o
        44          0          0          0          0        622   bspiwdg.o
        92          6          0          0          0        570   bspled.o
       984         38          0          2       7250       3588   bspnetcom.o
       212          4          0          0          0       1588   bsppublic.o
      1128         28         24          2         16       4362   bsprtc.o
       122          0          0          0          0        763   bsptimer.o
      3820        496        408         12         88      10231   bspwifi232b2.o
      1300        102          9          8         16       6808   cfgthread.o
       468        102          4         32         50       2145   clm920.o
         0          0          0          0          0      14464   croutine.o
      2592        192          0         33          0       3212   devcom.o
      4072         96          0          3       1218      27612   devupdatecode.o
         0          0          0          0          0      11752   event_groups.o
       132         12          0          8      25600       1892   heap_1.o
        80         18          0          0          0        645   ledthread.o
       148          0          0          0          0       1810   list.o
        36          0          0          0          0       8600   main.o
       748         96          0        181          0     264042   mb.o
        56          8        512          0          0       1180   mbcrc.o
         0          0          0          0          0        665   mbfunccoils.o
       316          0          0          0          0       3245   mbfuncholding.o
       140          0          0          0          0       1547   mbfuncinput.o
       616         28          0         12        256       3681   mbrtu.o
       172          0          0          0          0       1918   mbutils.o
       220         22          0          0          0       1997   misc.o
       864         58          0         13       6520      11228   modbuscb.o
       520         72          0         14          0       1406   netthread.o
       510          0          0          0          0       1010   nvic.o
       382         28          0          4          0       6956   port.o
        60          8          0          2          0       1492   portevent.o
       684         38          0          2          0       6129   portserial.o
        76          6          0          0          0       1037   porttimer.o
      1880         10          0          0          0      13863   queue.o
        36          8        304          0       1024        932   startup_stm32f10x_xl.o
       196          8          0          0          0       3696   stm32f10x_bkp.o
      2284         46          0          0          0       9915   stm32f10x_flash.o
       860         38          0          0          0       5933   stm32f10x_gpio.o
        26          0          0          0          0       1499   stm32f10x_it.o
        64          6          0          0          0       1353   stm32f10x_iwdg.o
       204         14          0          0          0       2027   stm32f10x_pwr.o
       936         38          0         20          0       9136   stm32f10x_rcc.o
       328          4          0          0          0       2798   stm32f10x_rtc.o
      3610         88          0          0          0      23040   stm32f10x_tim.o
      1032         22          0          0          0       8656   stm32f10x_usart.o
       484         42          0         20          0       2023   system_stm32f10x.o
      4480        268          0         60        200      28839   tasks.o
      1100         56          0         20         40       7683   timers.o
       444         66          0         28          0       1308   wifi232.o

    ----------------------------------------------------------------------
     51520       2962       1636        528      51660     562261   Object Totals
         0          0         32          0          0          0   (incl. Generated)
         6          0          9         16          2          0   (incl. Padding)

    ----------------------------------------------------------------------

      Code (inc. data)   RO Data    RW Data    ZI Data      Debug   Library Member Name

        34          4          0          0          0        204   dunder.o
       860         52         56          0          0        256   log.o
       228         30          0          0          0        120   log10.o
       170          0          0          0          0         96   poly.o
         0          0          8          0          0          0   qnan.o
        86          0          0          0          0          0   __dczerorl2.o
         0          0          0          0          0          0   entry.o
         0          0          0          0          0          0   entry10a.o
         0          0          0          0          0          0   entry11a.o
         8          4          0          0          0          0   entry2.o
         4          0          0          0          0          0   entry5.o
         0          0          0          0          0          0   entry7b.o
         0          0          0          0          0          0   entry8b.o
         8          4          0          0          0          0   entry9a.o
        12          6          0          4          0         68   errno.o
        30          0          0          0          0          0   handlers.o
        36          8          0          0          0         68   init.o
         0          0          0          0          0          0   iusefp.o
        30          0          0          0          0         68   llshl.o
        36          0          0          0          0         68   llsshr.o
        32          0          0          0          0         68   llushr.o
        26          0          0          0          0         80   memcmp.o
        36          0          0          0          0         68   memcpya.o
        36          0          0          0          0        108   memseta.o
       754         52          0          0          0        252   printf5.o
        28          0          0          0          0         76   strcmp.o
        18          0          0          0          0         68   strcpy.o
        14          0          0          0          0         68   strlen.o
        30          0          0          0          0         80   strncmp.o
        24          0          0          0          0         76   strncpy.o
        36          0          0          0          0         80   strstr.o
        98          0          0          0          0         92   uldiv.o
        48          0          0          0          0         68   cdcmple.o
        48          0          0          0          0         68   cdrcmple.o
        56          0          0          0          0         88   d2f.o
       334          0          0          0          0        148   dadd.o
       222          0          0          0          0        100   ddiv.o
       186          0          0          0          0        176   depilogue.o
        34          0          0          0          0         76   dflti.o
       228          0          0          0          0         96   dmul.o
        46          0          0          0          0         80   dscalb.o
        38          0          0          0          0         68   f2d.o
       110          0          0          0          0        168   fepilogue.o
        50          0          0          0          0         68   ffixi.o

    ----------------------------------------------------------------------
      4084        160         64          4          0       3268   Library Totals
        10          0          0          0          0          0   (incl. Padding)

    ----------------------------------------------------------------------

      Code (inc. data)   RO Data    RW Data    ZI Data      Debug   Library Name

      1292         86         64          0          0        676   m_ws.l
      1382         74          0          4          0       1388   mc_w.l
      1400          0          0          0          0       1204   mf_w.l

    ----------------------------------------------------------------------
      4084        160         64          4          0       3268   Library Totals

    ----------------------------------------------------------------------

==============================================================================


      Code (inc. data)   RO Data    RW Data    ZI Data      Debug   

     55604       3122       1700        532      51660     559209   Grand Totals
     55604       3122       1700         72      51660     559209   ELF Image Totals (compressed)
     55604       3122       1700         72          0          0   ROM Totals

==============================================================================

    Total RO  Size (Code + RO Data)                57304 (  55.96kB)
    Total RW  Size (RW Data + ZI Data)             52192 (  50.97kB)
    Total ROM Size (Code + RO Data + RW Data)      57376 (  56.03kB)

==============================================================================

