Component: ARM Compiler 5.06 update 6 (build 750) Tool: armlink [4d35ed]

==============================================================================

Section Cross References

    main.o(.text) refers to nvic.o(.text) for NVIC_Configuration
    main.o(.text) refers to ledthread.o(.text) for ledthread_init
    main.o(.text) refers to modbuscb.o(.text) for modbus_init
    main.o(.text) refers to cfgthread.o(.text) for cfgThread_init
    main.o(.text) refers to netthread.o(.text) for netThread_init
    main.o(.text) refers to airsensor.o(.text) for airSensorThread_init
    main.o(.text) refers to devcom.o(.text) for devComThread_init
    main.o(.text) refers to tasks.o(.text) for vTaskStartScheduler
    ledthread.o(.text) refers to bspled.o(.text) for bspLedInit
    ledthread.o(.text) refers to tasks.o(.text) for vTaskDelay
    ledthread.o(.text) refers to bspiwdg.o(.text) for IWDG_Feed
    modbuscb.o(.text) refers to mb.o(.text) for eMBInit
    modbuscb.o(.text) refers to devupdatecode.o(.text) for DevUpdate
    modbuscb.o(.text) refers to tasks.o(.text) for vTaskDelay
    modbuscb.o(.text) refers to queue.o(.text) for xQueueGenericCreate
    modbuscb.o(.text) refers to memcpya.o(.text) for __aeabi_memcpy
    modbuscb.o(.text) refers to devupdatecode.o(.bss) for g_updatePara
    modbuscb.o(.text) refers to portserial.o(.data) for g_mbRcved
    modbuscb.o(.text) refers to modbuscb.o(.bss) for usRegHoldingBuf
    modbuscb.o(.text) refers to modbuscb.o(.data) for timCount
    modbuscb.o(.text) refers to cfgthread.o(.data) for g_Config_Queue
    modbuscb.o(.text) refers to devcom.o(.data) for g_devConfigRegID
    airsensor.o(.text) refers to memcpya.o(.text) for __aeabi_memcpy
    airsensor.o(.text) refers to memcmp.o(.text) for memcmp
    airsensor.o(.text) refers to queue.o(.text) for xQueueGenericSend
    airsensor.o(.text) refers to bspaircom.o(.bss) for Air_Para
    airsensor.o(.text) refers to modbuscb.o(.bss) for usRegHoldingBuf
    airsensor.o(.text) refers to modbuscb.o(.data) for g_modbusWriteFlag
    airsensor.o(.text) refers to airsensor.o(.data) for Air_Snd_Queue
    airsensor.o(.text) refers to bspaircom.o(.text) for Air_485_Config
    airsensor.o(.text) refers to tasks.o(.text) for xTaskGetTickCount
    airsensor.o(.text) refers to timers.o(.text) for xTimerGenericCommand
    airsensor.o(.text) refers to memseta.o(.text) for __aeabi_memclr4
    airsensor.o(.text) refers to bsprtc.o(.text) for RTC_Set
    cfgthread.o(.text) refers to memseta.o(.text) for __aeabi_memclr4
    cfgthread.o(.text) refers to queue.o(.text) for xQueueGenericSend
    cfgthread.o(.text) refers to bsp_internalflash.o(.text) for STMFLASH_Write
    cfgthread.o(.text) refers to memcpya.o(.text) for __aeabi_memcpy
    cfgthread.o(.text) refers to bsprtc.o(.text) for RTC_Set
    cfgthread.o(.text) refers to memcmp.o(.text) for memcmp
    cfgthread.o(.text) refers to bspnetcom.o(.text) for net_change_IP
    cfgthread.o(.text) refers to tasks.o(.text) for vTaskDelay
    cfgthread.o(.text) refers to devcom.o(.data) for Dev_Snd_Queue
    cfgthread.o(.text) refers to airsensor.o(.data) for Air_Snd_Queue
    cfgthread.o(.text) refers to modbuscb.o(.bss) for usRegHoldingBuf
    cfgthread.o(.text) refers to cfgthread.o(.constdata) for .constdata
    cfgthread.o(.text) refers to bspnetcom.o(.data) for g_netModule
    cfgthread.o(.text) refers to bspwifi232b2.o(.bss) for wifi232b2Para
    cfgthread.o(.text) refers to bsprtc.o(.bss) for calendar
    cfgthread.o(.text) refers to modbuscb.o(.data) for g_modbusWriteFlag
    cfgthread.o(.text) refers to cfgthread.o(.bss) for tempBuf
    cfgthread.o(.text) refers to cfgthread.o(.data) for g_SysRegOpt_Mutex
    devcom.o(.text) refers to queue.o(.text) for xQueueGenericReceive
    devcom.o(.text) refers to timers.o(.text) for xTimerGenericCommand
    devcom.o(.text) refers to memcpya.o(.text) for __aeabi_memcpy
    devcom.o(.text) refers to bspdevcom.o(.text) for Dev_485_Config
    devcom.o(.text) refers to bspdevcom.o(.bss) for Dev_Para
    devcom.o(.text) refers to modbuscb.o(.bss) for usRegHoldingBuf
    devcom.o(.text) refers to modbuscb.o(.data) for g_modbusWriteFlag
    devcom.o(.text) refers to airsensor.o(.data) for g_handChangeFlag
    devcom.o(.text) refers to devcom.o(.data) for g_devConfigRegID
    devcom.o(.text) refers to devupdatecode.o(.bss) for g_updatePara
    devcom.o(.text) refers to tasks.o(.text) for vTaskDelay
    devcom.o(.text) refers to devupdatecode.o(.text) for SlaveDevDateCodeSend
    devcom.o(.text) refers to bspdevctl.o(.text) for bsp_dev_ctl
    whgm5.o(.text) refers to tasks.o(.text) for vTaskDelay
    whgm5.o(.text) refers to memcpya.o(.text) for __aeabi_memcpy
    whgm5.o(.text) refers to bspwhgm5.o(.text) for bspWhgm5_Rcv_Cmd
    whgm5.o(.text) refers to bspnetcom.o(.text) for net_rcv_data_handle
    whgm5.o(.text) refers to memseta.o(.text) for __aeabi_memclr
    whgm5.o(.text) refers to whgm5.o(.constdata) for .constdata
[...]
    __asm___6_port_c_39a90d8d__prvStartFirstTask 0x08002569   Thumb Code    28  port.o(.emb_text)
    xPortPendSVHandler                       0x08002589   Thumb Code    72  port.o(.emb_text)
    vPortGetIPSR                             0x080025d5   Thumb Code     6  port.o(.emb_text)
    wait                                     0x080025dd   Thumb Code     2  stm32f10x_it.o(.emb_text)
    main                                     0x080025df   Thumb Code    36  main.o(.text)
    ledthread_init                           0x0800261d   Thumb Code    38  ledthread.o(.text)
    Modbus_Task                              0x08002655   Thumb Code   148  modbuscb.o(.text)
    modbus_init                              0x080026e9   Thumb Code    62  modbuscb.o(.text)
    eMBRegHoldingCB                          0x08002727   Thumb Code   520  modbuscb.o(.text)
    eMBRegInputCB                            0x0800292f   Thumb Code    70  modbuscb.o(.text)
    write_holdReg_handle                     0x08002975   Thumb Code     6  modbuscb.o(.text)
    air_data_update                          0x080029b5   Thumb Code  1150  airsensor.o(.text)
    air_para_query                           0x08002eb1   Thumb Code   476  airsensor.o(.text)
    air_rsp_timeOut                          0x0800308d   Thumb Code    26  airsensor.o(.text)
    airSensorThread_init                     0x080030a7   Thumb Code   212  airsensor.o(.text)
    write_device                             0x080031e5   Thumb Code   244  cfgthread.o(.text)
    set_dev_num                              0x080032d9   Thumb Code    74  cfgthread.o(.text)
    set_para_default                         0x08003323   Thumb Code    20  cfgthread.o(.text)
    write_flash                              0x08003337   Thumb Code    96  cfgthread.o(.text)
    read_flash                               0x08003397   Thumb Code   122  cfgthread.o(.text)
    sysTimUpdate                             0x08003411   Thumb Code   198  cfgthread.o(.text)
    sysConfig                                0x080034d7   Thumb Code    84  cfgthread.o(.text)
    cfgThread_init                           0x080035d5   Thumb Code   162  cfgthread.o(.text)
    dev_data_update                          0x08003699   Thumb Code   902  devcom.o(.text)
    dev_para_query                           0x08003b75   Thumb Code   264  devcom.o(.text)
    dev_rsp_timeout                          0x08003c7d   Thumb Code    26  devcom.o(.text)
    devComThread_init                        0x08003c97   Thumb Code   276  devcom.o(.text)
    Whgm5_Thread_Init                        0x08003f4d   Thumb Code    64  whgm5.o(.text)
    Wifi232_Thread_Init                      0x08004147   Thumb Code    36  wifi232.o(.text)
    netThread_init                           0x08004329   Thumb Code    70  netthread.o(.text)
    vListInitialise                          0x080043b9   Thumb Code    26  list.o(.text)
    vListInitialiseItem                      0x080043d3   Thumb Code     6  list.o(.text)
    vListInsertEnd                           0x080043d9   Thumb Code    24  list.o(.text)
    vListInsert                              0x080043f1   Thumb Code    52  list.o(.text)
    uxListRemove                             0x08004425   Thumb Code    40  list.o(.text)
    xQueueGenericReset                       0x0800444d   Thumb Code   122  queue.o(.text)
    xQueueGenericCreate                      0x080044ed   Thumb Code    56  queue.o(.text)
    xQueueGenericSend                        0x0800463d   Thumb Code   276  queue.o(.text)
    xQueueCreateMutex                        0x0800476d   Thumb Code    34  queue.o(.text)
    xQueueGenericSendFromISR                 0x0800478f   Thumb Code   134  queue.o(.text)
    xQueueGiveFromISR                        0x08004815   Thumb Code   124  queue.o(.text)
    xQueueGenericReceive                     0x080048d5   Thumb Code   342  queue.o(.text)
    xQueueReceiveFromISR                     0x08004a2b   Thumb Code   130  queue.o(.text)
    xQueuePeekFromISR                        0x08004aad   Thumb Code    74  queue.o(.text)
    uxQueueMessagesWaiting                   0x08004af7   Thumb Code    18  queue.o(.text)
    uxQueueSpacesAvailable                   0x08004b09   Thumb Code    24  queue.o(.text)
    uxQueueMessagesWaitingFromISR            0x08004b21   Thumb Code     6  queue.o(.text)
    vQueueDelete                             0x08004b27   Thumb Code    14  queue.o(.text)
    xQueueIsQueueEmptyFromISR                0x08004b35   Thumb Code    14  queue.o(.text)
    xQueueIsQueueFullFromISR                 0x08004b43   Thumb Code    18  queue.o(.text)
    vQueueWaitForMessageRestricted           0x08004b55   Thumb Code    74  queue.o(.text)
    xTaskCreate                              0x08004d11   Thumb Code    96  tasks.o(.text)
    vTaskDelete                              0x08004dad   Thumb Code   166  tasks.o(.text)
    xTaskIncrementTick                       0x08004e53   Thumb Code   238  tasks.o(.text)
    xTaskResumeAll                           0x08004f41   Thumb Code   282  tasks.o(.text)
    vTaskSuspendAll                          0x080050d7   Thumb Code    12  tasks.o(.text)
    vTaskDelayUntil                          0x080050e3   Thumb Code   106  tasks.o(.text)
    vTaskDelay                               0x0800514d   Thumb Code    46  tasks.o(.text)
    uxTaskPriorityGet                        0x0800517b   Thumb Code    30  tasks.o(.text)
    uxTaskPriorityGetFromISR                 0x08005199   Thumb Code    52  tasks.o(.text)
    vTaskPrioritySet                         0x080051cd   Thumb Code   226  tasks.o(.text)
    vTaskSwitchContext                       0x080052af   Thumb Code    76  tasks.o(.text)
    vTaskSuspend                             0x080052fb   Thumb Code   160  tasks.o(.text)
    vTaskResume                              0x080053d3   Thumb Code   172  tasks.o(.text)
    xTaskResumeFromISR                       0x0800547f   Thumb Code   130  tasks.o(.text)
    vTaskStartScheduler                      0x08005577   Thumb Code    82  tasks.o(.text)
    vTaskEndScheduler                        0x080055c9   Thumb Code    32  tasks.o(.text)
    xTaskGetTickCount                        0x080055e9   Thumb Code     6  tasks.o(.text)
    xTaskGetTickCountFromISR                 0x080055ef   Thumb Code     8  tasks.o(.text)
    uxTaskGetNumberOfTasks                   0x080055f7   Thumb Code     6  tasks.o(.text)
    pcTaskGetName                            0x080055fd   Thumb Code    20  tasks.o(.text)
    vTaskPlaceOnEventList                    0x08005611   Thumb Code    28  tasks.o(.text)
    vTaskPlaceOnUnorderedEventList           0x0800562d   Thumb Code    40  tasks.o(.text)
    vTaskPlaceOnEventListRestricted          0x08005655   Thumb Code    36  tasks.o(.text)
    xTaskRemoveFromEventList                 0x08005679   Thumb Code   104  tasks.o(.text)
    xTaskRemoveFromUnorderedEventList        0x080056e1   Thumb Code    94  tasks.o(.text)
    vTaskSetTimeOutState                     0x0800573f   Thumb Code    14  tasks.o(.text)
    xTaskCheckForTimeOut                     0x0800574d   Thumb Code    84  tasks.o(.text)
    vTaskMissedYield                         0x080057a1   Thumb Code     8  tasks.o(.text)
    uxTaskGetStackHighWaterMark              0x080057bf   Thumb Code    34  tasks.o(.text)
    xTaskGetCurrentTaskHandle                0x080057e1   Thumb Code     6  tasks.o(.text)
    xTaskGetSchedulerState                   0x080057e7   Thumb Code    24  tasks.o(.text)
    vTaskPriorityInherit                     0x080057ff   Thumb Code   238  tasks.o(.text)
    xTaskPriorityDisinherit                  0x080058ed   Thumb Code   122  tasks.o(.text)
    uxTaskResetEventItemValue                0x08005967   Thumb Code    24  tasks.o(.text)
    pvTaskIncrementMutexHeldCount            0x0800597f   Thumb Code    26  tasks.o(.text)
    ulTaskNotifyTake                         0x08005999   Thumb Code   108  tasks.o(.text)
    xTaskNotifyWait                          0x08005a05   Thumb Code   150  tasks.o(.text)
    xTaskGenericNotify                       0x08005a9b   Thumb Code   178  tasks.o(.text)
    xTaskGenericNotifyFromISR                0x08005b4d   Thumb Code   228  tasks.o(.text)
    vTaskNotifyGiveFromISR                   0x08005c31   Thumb Code   184  tasks.o(.text)
    xTaskNotifyStateClear                    0x08005ce9   Thumb Code    48  tasks.o(.text)
    xTimerGenericCommand                     0x08005d75   Thumb Code   102  timers.o(.text)
    xTimerCreateTimerTask                    0x08006057   Thumb Code    40  timers.o(.text)
    xTimerCreate                             0x080060ad   Thumb Code    48  timers.o(.text)
    xTimerGetTimerDaemonTaskHandle           0x080060dd   Thumb Code     6  timers.o(.text)
    xTimerGetPeriod                          0x080060e3   Thumb Code     8  timers.o(.text)
    xTimerGetExpiryTime                      0x080060eb   Thumb Code     8  timers.o(.text)
    pcTimerGetName                           0x080060f3   Thumb Code     8  timers.o(.text)
    xTimerIsTimerActive                      0x080060fb   Thumb Code    32  timers.o(.text)
    pvTimerGetTimerID                        0x0800611b   Thumb Code    66  timers.o(.text)
    vTimerSetTimerID                         0x0800615d   Thumb Code    20  timers.o(.text)
    pvPortMalloc                             0x08006171   Thumb Code    98  heap_1.o(.text)
    vPortFree                                0x080061d3   Thumb Code     2  heap_1.o(.text)
    vPortInitialiseBlocks                    0x080061d5   Thumb Code     8  heap_1.o(.text)
    xPortGetFreeHeapSize                     0x080061dd   Thumb Code    12  heap_1.o(.text)
    pxPortInitialiseStack                    0x0800620b   Thumb Code    30  port.o(.text)
    vPortSetupTimerInterrupt                 0x08006229   Thumb Code    14  port.o(.text)
    xPortStartScheduler                      0x08006237   Thumb Code    42  port.o(.text)
    vPortEndScheduler                        0x08006261   Thumb Code     2  port.o(.text)
    vPortEnterCritical                       0x08006263   Thumb Code    30  port.o(.text)
    vPortExitCritical                        0x08006281   Thumb Code    28  port.o(.text)
    xPortSysTickHandler                      0x0800629d   Thumb Code    48  port.o(.text)
    eMBInit                                  0x080062dd   Thumb Code   150  mb.o(.text)
    eMBRegisterCB                            0x08006373   Thumb Code   128  mb.o(.text)
    eMBClose                                 0x080063f3   Thumb Code    32  mb.o(.text)
    eMBEnable                                0x08006413   Thumb Code    32  mb.o(.text)
    eMBDisable                               0x08006433   Thumb Code    42  mb.o(.text)
    eMBPoll                                  0x0800645d   Thumb Code   268  mb.o(.text)
    eMBFuncWriteHoldingRegister              0x080065c9   Thumb Code    66  mbfuncholding.o(.text)
    eMBFuncWriteMultipleHoldingRegister      0x0800660b   Thumb Code   110  mbfuncholding.o(.text)
    eMBFuncReadHoldingRegister               0x08006679   Thumb Code   140  mbfuncholding.o(.text)
    eMBFuncReadInputRegister                 0x08006705   Thumb Code   140  mbfuncinput.o(.text)
    xMBUtilSetBits                           0x08006791   Thumb Code    96  mbutils.o(.text)
    xMBUtilGetBits                           0x080067f1   Thumb Code    42  mbutils.o(.text)
    prveMBError2Exception                    0x0800681b   Thumb Code    34  mbutils.o(.text)
    usMBCRC16                                0x0800683d   Thumb Code    48  mbcrc.o(.text)
    eMBRTUInit                               0x08006875   Thumb Code    80  mbrtu.o(.text)
    eMBRTUStart                              0x080068c5   Thumb Code    26  mbrtu.o(.text)
    eMBRTUStop                               0x080068df   Thumb Code    20  mbrtu.o(.text)
    eMBRTUReceive                            0x080068f3   Thumb Code    66  mbrtu.o(.text)
    eMBRTUSend                               0x08006935   Thumb Code   120  mbrtu.o(.text)
    xMBRTUReceiveFSM                         0x080069ad   Thumb Code   122  mbrtu.o(.text)
    xMBRTUTransmitFSM                        0x08006a27   Thumb Code    94  mbrtu.o(.text)
    xMBRTUTimerT35Expired                    0x08006a85   Thumb Code    60  mbrtu.o(.text)
    xMBPortEventInit                         0x08006add   Thumb Code    10  portevent.o(.text)
    xMBPortEventPost                         0x08006ae7   Thumb Code    16  portevent.o(.text)
    xMBPortEventGet                          0x08006af7   Thumb Code    26  portevent.o(.text)
    Modbus_485_Config                        0x08006b19   Thumb Code   164  portserial.o(.text)
    vMBPortSerialEnable                      0x08006bbd   Thumb Code    98  portserial.o(.text)
    xMBPortSerialInit                        0x08006c1f   Thumb Code    24  portserial.o(.text)
    xMBPortSerialPutByte                     0x08006c37   Thumb Code    30  portserial.o(.text)
    xMBPortSerialGetByte                     0x08006c55   Thumb Code    16  portserial.o(.text)
    MBPortSerialSend                         0x08006c65   Thumb Code    56  portserial.o(.text)
    UART5_IRQHandler                         0x08006cb1   Thumb Code   238  portserial.o(.text)
    xMBPortTimersInit                        0x08006dc5   Thumb Code    28  porttimer.o(.text)
    vMBPortTimersEnable                      0x08006de1   Thumb Code     8  porttimer.o(.text)
    vMBPortTimersDisable                     0x08006de9   Thumb Code     8  porttimer.o(.text)
    TIM2_IRQHandler                          0x08006dfb   Thumb Code    16  porttimer.o(.text)
    bspLedInit                               0x08006e11   Thumb Code    48  bspled.o(.text)
    bspLedToggle                             0x08006e41   Thumb Code    38  bspled.o(.text)
    NVIC_Configuration                       0x08006e6d   Thumb Code   180  nvic.o(.text)
    set_dev_priority                         0x08006f21   Thumb Code    36  nvic.o(.text)
    bspTIM2Init                              0x08006f45   Thumb Code    50  bsptimer.o(.text)
    bspTIM2Enable                            0x08006f77   Thumb Code    40  bsptimer.o(.text)
    bspTIM2Disable                           0x08006f9f   Thumb Code    32  bsptimer.o(.text)
    IWDG_Init                                0x08006fbf   Thumb Code    36  bspiwdg.o(.text)
    IWDG_Feed                                0x08006fe3   Thumb Code     8  bspiwdg.o(.text)
    STMFLASH_ReadHalfWord                    0x08006fed   Thumb Code     6  bsp_internalflash.o(.text)
    STMFLASH_Write_NoCheck                   0x08006ff3   Thumb Code    38  bsp_internalflash.o(.text)
    STMFLASH_Read                            0x08007019   Thumb Code    34  bsp_internalflash.o(.text)
    STMFLASH_Write                           0x0800703b   Thumb Code   230  bsp_internalflash.o(.text)
    Test_Write                               0x08007121   Thumb Code    16  bsp_internalflash.o(.text)
    Air_Snd_Buf                              0x0800726b   Thumb Code    46  bspaircom.o(.text)
    Air_TX_Service                           0x08007299   Thumb Code   278  bspaircom.o(.text)
    Air_RX_Service                           0x080073af   Thumb Code   304  bspaircom.o(.text)
    Air_485_Config                           0x080074df   Thumb Code   194  bspaircom.o(.text)
    UART4_IRQHandler                         0x080075a1   Thumb Code   314  bspaircom.o(.text)
    RTC_Get_Week                             0x08007733   Thumb Code   116  bsprtc.o(.text)
    Is_Leap_Year                             0x080077a7   Thumb Code    58  bsprtc.o(.text)
    RTC_Get                                  0x080077e1   Thumb Code   250  bsprtc.o(.text)
    RTC_Set                                  0x080078db   Thumb Code   184  bsprtc.o(.text)
    RTC_Init                                 0x08007993   Thumb Code   192  bsprtc.o(.text)
    RTC_IRQHandler                           0x08007a53   Thumb Code    54  bsprtc.o(.text)
    RTC_Alarm_Set                            0x08007a89   Thumb Code   184  bsprtc.o(.text)
    Dev_Snd_Buf                              0x08007c45   Thumb Code    52  bspdevcom.o(.text)
    Dev_TX_Service                           0x08007c79   Thumb Code   278  bspdevcom.o(.text)
    Dev_RX_Service                           0x08007d8f   Thumb Code   238  bspdevcom.o(.text)
    Dev_485_Config                           0x08007e7d   Thumb Code   166  bspdevcom.o(.text)
    USART1_IRQHandler                        0x08007f23   Thumb Code   380  bspdevcom.o(.text)
    Dew_point_Fun                            0x080080bd   Thumb Code   246  bspdevctl.o(.text)
    bsp_dev_ctl                              0x080081b3   Thumb Code  1644  bspdevctl.o(.text)
    bsp_dev_schedule                         0x0800881f   Thumb Code   376  bspdevctl.o(.text)
    bspWhgm5_gpio_init                       0x080089a9   Thumb Code   108  bspwhgm5.o(.text)
    bspWhgm5_Snd_Buf                         0x08008a15   Thumb Code    48  bspwhgm5.o(.text)
    bspWhgm5_Snd_Cmd                         0x08008a45   Thumb Code    30  bspwhgm5.o(.text)
    bspWhgm5_Set_Heart_Dat                   0x08008c51   Thumb Code    24  bspwhgm5.o(.text)
    bspWhgm5_Usart_Init                      0x08008c69   Thumb Code   146  bspwhgm5.o(.text)
    bspWhgm5_Init                            0x08008cfb   Thumb Code    28  bspwhgm5.o(.text)
    bspWhgm5_Reload                          0x08008d17   Thumb Code    32  bspwhgm5.o(.text)
    bspWhgm5_Reset                           0x08008d37   Thumb Code    30  bspwhgm5.o(.text)
    CheckXOR8                                0x08008d55   Thumb Code    26  bspwhgm5.o(.text)
    str2Hex                                  0x08008d6f   Thumb Code    48  bspwhgm5.o(.text)
    bspWhgm5_Set_TCP_Para                    0x08008f01   Thumb Code    42  bspwhgm5.o(.text)
    bspWhgm5_Change_IP                       0x08008f2b   Thumb Code    96  bspwhgm5.o(.text)
    bspWhgm5_Relink                          0x08008f8b   Thumb Code    60  bspwhgm5.o(.text)
    bspWhgm5_Chk_Sta                         0x08008fc7   Thumb Code    68  bspwhgm5.o(.text)
    bspWhgm5_Rcv_Cmd                         0x0800900b   Thumb Code   306  bspwhgm5.o(.text)
    bspWhgm5_State_Machine                   0x0800913d   Thumb Code   128  bspwhgm5.o(.text)
    bspWhgm5_DeInit                          0x080091bd   Thumb Code    18  bspwhgm5.o(.text)
    USART2_IRQHandler                        0x080091cf   Thumb Code   270  bspwhgm5.o(.text)
    Wifi232b2_DeInit                         0x08009361   Thumb Code    18  bspwifi232b2.o(.text)
    wifi232b2_gpio_cfg                       0x08009373   Thumb Code   138  bspwifi232b2.o(.text)
    wifi232b2_usart_cfg                      0x080093fd   Thumb Code   152  bspwifi232b2.o(.text)
    USART3_IRQHandler                        0x08009495   Thumb Code   286  bspwifi232b2.o(.text)
    Usart_SendByte                           0x080095b3   Thumb Code    30  bspwifi232b2.o(.text)
    Usart_SendArray                          0x080095d1   Thumb Code    48  bspwifi232b2.o(.text)
    delay_ms                                 0x08009601   Thumb Code    10  bspwifi232b2.o(.text)
    wifi232b2_key_scan                       0x0800960b   Thumb Code    56  bspwifi232b2.o(.text)
    wifi232_Send                             0x08009643   Thumb Code    44  bspwifi232b2.o(.text)
    Wait_Wifi232b2_Ready                     0x080097d1   Thumb Code    32  bspwifi232b2.o(.text)
    wifi232b2_Reset                          0x080097f1   Thumb Code    86  bspwifi232b2.o(.text)
    wifi232b2_Reload                         0x08009847   Thumb Code    30  bspwifi232b2.o(.text)
    set_Tcp_Para                             0x08009f01   Thumb Code    46  bspwifi232b2.o(.text)
    wifi232b2_chg_ip                         0x08009f2f   Thumb Code    16  bspwifi232b2.o(.text)
    wifi232b2_Con_Wifi                       0x08009f3f   Thumb Code   338  bspwifi232b2.o(.text)
    check_Wifi232b2_Status                   0x0800a091   Thumb Code   174  bspwifi232b2.o(.text)
    wifi232b2_State_Machine                  0x0800a13f   Thumb Code   214  bspwifi232b2.o(.text)
    wifi232b2_Init                           0x0800a215   Thumb Code   104  bspwifi232b2.o(.text)
    WIFI_Task                                0x0800a27d   Thumb Code   122  bspwifi232b2.o(.text)
    net_change_IP                            0x0800a311   Thumb Code    46  bspnetcom.o(.text)
    net_wait_trans                           0x0800a33f   Thumb Code    56  bspnetcom.o(.text)
    net_snd_buf                              0x0800a377   Thumb Code    60  bspnetcom.o(.text)
    net_snd_info                             0x0800a3b3   Thumb Code   182  bspnetcom.o(.text)
    net_rcv_data_handle                      0x0800a469   Thumb Code   600  bspnetcom.o(.text)
    SlaveDevUpDateCode_Init                  0x0800a6e5   Thumb Code    12  devupdatecode.o(.text)
    DevUpDateCode_Init                       0x0800a6f1   Thumb Code    12  devupdatecode.o(.text)
    GetGetSlaveDevUpDateCodeFream_ComType    0x0800a6fd   Thumb Code     6  devupdatecode.o(.text)
    SetGetSlaveDevUpDateCodeFream_ComType    0x0800a703   Thumb Code     8  devupdatecode.o(.text)
    GetDevUpDateCodeFream_UpDateCodeStatus   0x0800a70b   Thumb Code    22  devupdatecode.o(.text)
    GetDevUpDateCodeFream_NowSegLen          0x0800a721   Thumb Code    34  devupdatecode.o(.text)
    GetDevUpDateCodeFream_SessionNum         0x0800a743   Thumb Code    22  devupdatecode.o(.text)
    GetDevUpDateCodeFream_NowSegNum          0x0800a759   Thumb Code    58  devupdatecode.o(.text)
    GetDevUpDateCodeFream_TotalSegNum        0x0800a793   Thumb Code    58  devupdatecode.o(.text)
    SlaveDevUpDateCode_TimeClr               0x0800a7cd   Thumb Code    10  devupdatecode.o(.text)
    IsSlaveDevDateCodeOK                     0x0800a7d7   Thumb Code    32  devupdatecode.o(.text)
    IsGetSlaveDevUpDateCodeFream_UpDateCodeStatusOk 0x0800a7f7   Thumb Code    50  devupdatecode.o(.text)
    GetDevUpDateCodeFream_FunCode            0x0800a829   Thumb Code    22  devupdatecode.o(.text)
    GetGetDevUpDateCodeFream_ComType         0x0800a83f   Thumb Code     6  devupdatecode.o(.text)
    SetGetDevUpDateCodeFream_ComType         0x0800a845   Thumb Code     8  devupdatecode.o(.text)
    DevUpDateCode_TimeClr                    0x0800a84d   Thumb Code    10  devupdatecode.o(.text)
    IsGetDevUpDateCodeFream_UpDateCodeStatusOk 0x0800a857   Thumb Code    50  devupdatecode.o(.text)
    GetDevUpDateCodeFream_Handle             0x0800a889   Thumb Code  2270  devupdatecode.o(.text)
    DevUpdate                                0x0800b167   Thumb Code    86  devupdatecode.o(.text)
    DevConfigureConVar_Init                  0x0800b1bd   Thumb Code     8  devupdatecode.o(.text)
    Set_Fist_Init_Flag                       0x0800b1c5   Thumb Code    10  devupdatecode.o(.text)
    DevConfigureHandle                       0x0800b1cf   Thumb Code     2  devupdatecode.o(.text)
    Set_DevUpDateCode_Status                 0x0800b1d1   Thumb Code     6  devupdatecode.o(.text)
    Set_SlaveDevUpDateCode_Status            0x0800b1d7   Thumb Code     6  devupdatecode.o(.text)
    DevUpDateCode_TimeCount                  0x0800b1dd   Thumb Code    30  devupdatecode.o(.text)
    IsDevUpDateCode_TimeOver                 0x0800b1fb   Thumb Code    28  devupdatecode.o(.text)
    IsSlaveDevUpDateCode_TimeOver            0x0800b217   Thumb Code    28  devupdatecode.o(.text)
    SetSlaveDateCodeComErr                   0x0800b233   Thumb Code     8  devupdatecode.o(.text)
    IsSlaveDateCodeComErrStatus              0x0800b23b   Thumb Code     8  devupdatecode.o(.text)
    SlaveDateCodeComBackHandle               0x0800b243   Thumb Code   246  devupdatecode.o(.text)
    IsSlaveDevDateCode                       0x0800b339   Thumb Code     6  devupdatecode.o(.text)
    DevUpDateCodeHandle                      0x0800b33f   Thumb Code   150  devupdatecode.o(.text)
    SlaveDevUpDateCodeHandle                 0x0800b3d5   Thumb Code   158  devupdatecode.o(.text)
    SlaveDevDateCodeSend                     0x0800b473   Thumb Code   544  devupdatecode.o(.text)
    IsGetDevUpDateCodeFream_NowSegLenOk      0x0800b693   Thumb Code    28  devupdatecode.o(.text)
    NVIC_PriorityGroupConfig                 0x0800b6cd   Thumb Code    10  misc.o(.text)
    NVIC_Init                                0x0800b6d7   Thumb Code   100  misc.o(.text)
    NVIC_SetVectorTable                      0x0800b73b   Thumb Code    14  misc.o(.text)
    NVIC_SystemLPConfig                      0x0800b749   Thumb Code    34  misc.o(.text)
    SysTick_CLKSourceConfig                  0x0800b76b   Thumb Code    40  misc.o(.text)
    FLASH_SetLatency                         0x0800b7a9   Thumb Code    18  stm32f10x_flash.o(.text)
    FLASH_HalfCycleAccessCmd                 0x0800b7bb   Thumb Code    22  stm32f10x_flash.o(.text)
    FLASH_PrefetchBufferCmd                  0x0800b7d1   Thumb Code    22  stm32f10x_flash.o(.text)
    FLASH_Unlock                             0x0800b7e7   Thumb Code    20  stm32f10x_flash.o(.text)
    FLASH_UnlockBank1                        0x0800b7fb   Thumb Code    12  stm32f10x_flash.o(.text)
    FLASH_UnlockBank2                        0x0800b807   Thumb Code    12  stm32f10x_flash.o(.text)
    FLASH_Lock                               0x0800b813   Thumb Code    24  stm32f10x_flash.o(.text)
    FLASH_LockBank1                          0x0800b82b   Thumb Code    14  stm32f10x_flash.o(.text)
    FLASH_LockBank2                          0x0800b839   Thumb Code    14  stm32f10x_flash.o(.text)
    FLASH_GetBank2Status                     0x0800b847   Thumb Code    48  stm32f10x_flash.o(.text)
    FLASH_WaitForLastBank2Operation          0x0800b877   Thumb Code    38  stm32f10x_flash.o(.text)
    FLASH_GetBank1Status                     0x0800b89d   Thumb Code    48  stm32f10x_flash.o(.text)
    FLASH_WaitForLastBank1Operation          0x0800b8cd   Thumb Code    38  stm32f10x_flash.o(.text)
    FLASH_ErasePage                          0x0800b8f3   Thumb Code   136  stm32f10x_flash.o(.text)
    FLASH_EraseAllPages                      0x0800b97b   Thumb Code   112  stm32f10x_flash.o(.text)
    FLASH_EraseAllBank1Pages                 0x0800b9eb   Thumb Code    64  stm32f10x_flash.o(.text)
    FLASH_EraseAllBank2Pages                 0x0800ba2b   Thumb Code    64  stm32f10x_flash.o(.text)
    FLASH_WaitForLastOperation               0x0800ba6b   Thumb Code    38  stm32f10x_flash.o(.text)
    FLASH_GetReadOutProtectionStatus         0x0800ba91   Thumb Code    20  stm32f10x_flash.o(.text)
    FLASH_EraseOptionBytes                   0x0800baa5   Thumb Code   156  stm32f10x_flash.o(.text)
    FLASH_ProgramWord                        0x0800bb41   Thumb Code   368  stm32f10x_flash.o(.text)
    FLASH_ProgramHalfWord                    0x0800bcb1   Thumb Code   110  stm32f10x_flash.o(.text)
    FLASH_ProgramOptionByteData              0x0800bd1f   Thumb Code    80  stm32f10x_flash.o(.text)
    FLASH_EnableWriteProtection              0x0800bd6f   Thumb Code   188  stm32f10x_flash.o(.text)
    FLASH_ReadOutProtection                  0x0800be2b   Thumb Code   164  stm32f10x_flash.o(.text)
    FLASH_UserOptionByteConfig               0x0800becf   Thumb Code    88  stm32f10x_flash.o(.text)
    FLASH_BootConfig                         0x0800bf27   Thumb Code   130  stm32f10x_flash.o(.text)
    FLASH_GetUserOptionByte                  0x0800bfa9   Thumb Code     8  stm32f10x_flash.o(.text)
    FLASH_GetWriteProtectionOptionByte       0x0800bfb1   Thumb Code     6  stm32f10x_flash.o(.text)
    FLASH_GetPrefetchBufferStatus            0x0800bfb7   Thumb Code    20  stm32f10x_flash.o(.text)
    FLASH_ITConfig                           0x0800bfcb   Thumb Code    66  stm32f10x_flash.o(.text)
    FLASH_GetFlagStatus                      0x0800c00d   Thumb Code    64  stm32f10x_flash.o(.text)
    FLASH_ClearFlag                          0x0800c04d   Thumb Code    18  stm32f10x_flash.o(.text)
    FLASH_GetStatus                          0x0800c05f   Thumb Code    48  stm32f10x_flash.o(.text)
    GPIO_DeInit                              0x0800c095   Thumb Code   172  stm32f10x_gpio.o(.text)
    GPIO_AFIODeInit                          0x0800c141   Thumb Code    20  stm32f10x_gpio.o(.text)
    GPIO_Init                                0x0800c155   Thumb Code   278  stm32f10x_gpio.o(.text)
    GPIO_StructInit                          0x0800c26b   Thumb Code    16  stm32f10x_gpio.o(.text)
    GPIO_ReadInputDataBit                    0x0800c27b   Thumb Code    18  stm32f10x_gpio.o(.text)
    GPIO_ReadInputData                       0x0800c28d   Thumb Code     8  stm32f10x_gpio.o(.text)
    GPIO_ReadOutputDataBit                   0x0800c295   Thumb Code    18  stm32f10x_gpio.o(.text)
    GPIO_ReadOutputData                      0x0800c2a7   Thumb Code     8  stm32f10x_gpio.o(.text)
    GPIO_SetBits                             0x0800c2af   Thumb Code     4  stm32f10x_gpio.o(.text)
    GPIO_ResetBits                           0x0800c2b3   Thumb Code     4  stm32f10x_gpio.o(.text)
    GPIO_WriteBit                            0x0800c2b7   Thumb Code    10  stm32f10x_gpio.o(.text)
    GPIO_Write                               0x0800c2c1   Thumb Code     4  stm32f10x_gpio.o(.text)
    GPIO_PinLockConfig                       0x0800c2c5   Thumb Code    18  stm32f10x_gpio.o(.text)
    GPIO_EventOutputConfig                   0x0800c2d7   Thumb Code    26  stm32f10x_gpio.o(.text)
    GPIO_EventOutputCmd                      0x0800c2f1   Thumb Code     6  stm32f10x_gpio.o(.text)
    GPIO_PinRemapConfig                      0x0800c2f7   Thumb Code   138  stm32f10x_gpio.o(.text)
    GPIO_EXTILineConfig                      0x0800c381   Thumb Code    66  stm32f10x_gpio.o(.text)
    GPIO_ETH_MediaInterfaceConfig            0x0800c3c3   Thumb Code     8  stm32f10x_gpio.o(.text)
    IWDG_WriteAccessCmd                      0x0800c3f1   Thumb Code     6  stm32f10x_iwdg.o(.text)
    IWDG_SetPrescaler                        0x0800c3f7   Thumb Code     6  stm32f10x_iwdg.o(.text)
    IWDG_SetReload                           0x0800c3fd   Thumb Code     6  stm32f10x_iwdg.o(.text)
    IWDG_ReloadCounter                       0x0800c403   Thumb Code    10  stm32f10x_iwdg.o(.text)
    IWDG_Enable                              0x0800c40d   Thumb Code    10  stm32f10x_iwdg.o(.text)
    IWDG_GetFlagStatus                       0x0800c417   Thumb Code    20  stm32f10x_iwdg.o(.text)
    PWR_DeInit                               0x0800c431   Thumb Code    22  stm32f10x_pwr.o(.text)
    PWR_BackupAccessCmd                      0x0800c447   Thumb Code     6  stm32f10x_pwr.o(.text)
    PWR_PVDCmd                               0x0800c44d   Thumb Code     6  stm32f10x_pwr.o(.text)
    PWR_PVDLevelConfig                       0x0800c453   Thumb Code    18  stm32f10x_pwr.o(.text)
    PWR_WakeUpPinCmd                         0x0800c465   Thumb Code     8  stm32f10x_pwr.o(.text)
    PWR_EnterSTOPMode                        0x0800c46d   Thumb Code    54  stm32f10x_pwr.o(.text)
    PWR_EnterSTANDBYMode                     0x0800c4a3   Thumb Code    42  stm32f10x_pwr.o(.text)
    PWR_GetFlagStatus                        0x0800c4cd   Thumb Code    20  stm32f10x_pwr.o(.text)
    PWR_ClearFlag                            0x0800c4e1   Thumb Code    14  stm32f10x_pwr.o(.text)
    RCC_DeInit                               0x0800c4fd   Thumb Code    64  stm32f10x_rcc.o(.text)
    RCC_HSEConfig                            0x0800c53d   Thumb Code    70  stm32f10x_rcc.o(.text)
    RCC_GetFlagStatus                        0x0800c583   Thumb Code    56  stm32f10x_rcc.o(.text)
    RCC_WaitForHSEStartUp                    0x0800c5bb   Thumb Code    58  stm32f10x_rcc.o(.text)
    RCC_AdjustHSICalibrationValue            0x0800c5f5   Thumb Code    20  stm32f10x_rcc.o(.text)
    RCC_HSICmd                               0x0800c609   Thumb Code     6  stm32f10x_rcc.o(.text)
    RCC_PLLConfig                            0x0800c60f   Thumb Code    24  stm32f10x_rcc.o(.text)
    RCC_PLLCmd                               0x0800c627   Thumb Code     6  stm32f10x_rcc.o(.text)
    RCC_SYSCLKConfig                         0x0800c62d   Thumb Code    18  stm32f10x_rcc.o(.text)
    RCC_GetSYSCLKSource                      0x0800c63f   Thumb Code    10  stm32f10x_rcc.o(.text)
    RCC_HCLKConfig                           0x0800c649   Thumb Code    18  stm32f10x_rcc.o(.text)
    RCC_PCLK1Config                          0x0800c65b   Thumb Code    18  stm32f10x_rcc.o(.text)
    RCC_PCLK2Config                          0x0800c66d   Thumb Code    20  stm32f10x_rcc.o(.text)
    RCC_ITConfig                             0x0800c681   Thumb Code    26  stm32f10x_rcc.o(.text)
    RCC_USBCLKConfig                         0x0800c69b   Thumb Code     8  stm32f10x_rcc.o(.text)
    RCC_ADCCLKConfig                         0x0800c6a3   Thumb Code    18  stm32f10x_rcc.o(.text)
    RCC_LSEConfig                            0x0800c6b5   Thumb Code    50  stm32f10x_rcc.o(.text)
    RCC_LSICmd                               0x0800c6e7   Thumb Code     6  stm32f10x_rcc.o(.text)
    RCC_RTCCLKConfig                         0x0800c6ed   Thumb Code    12  stm32f10x_rcc.o(.text)
    RCC_RTCCLKCmd                            0x0800c6f9   Thumb Code     8  stm32f10x_rcc.o(.text)
    RCC_GetClocksFreq                        0x0800c701   Thumb Code   192  stm32f10x_rcc.o(.text)
    RCC_AHBPeriphClockCmd                    0x0800c7c1   Thumb Code    26  stm32f10x_rcc.o(.text)
    RCC_APB2PeriphClockCmd                   0x0800c7db   Thumb Code    26  stm32f10x_rcc.o(.text)
    RCC_APB1PeriphClockCmd                   0x0800c7f5   Thumb Code    26  stm32f10x_rcc.o(.text)
    RCC_APB2PeriphResetCmd                   0x0800c80f   Thumb Code    26  stm32f10x_rcc.o(.text)
    RCC_APB1PeriphResetCmd                   0x0800c829   Thumb Code    26  stm32f10x_rcc.o(.text)
    RCC_BackupResetCmd                       0x0800c843   Thumb Code     8  stm32f10x_rcc.o(.text)
    RCC_ClockSecuritySystemCmd               0x0800c84b   Thumb Code     6  stm32f10x_rcc.o(.text)
    RCC_MCOConfig                            0x0800c851   Thumb Code     6  stm32f10x_rcc.o(.text)
    RCC_ClearFlag                            0x0800c857   Thumb Code    14  stm32f10x_rcc.o(.text)
    RCC_GetITStatus                          0x0800c865   Thumb Code    20  stm32f10x_rcc.o(.text)
    RCC_ClearITPendingBit                    0x0800c879   Thumb Code     6  stm32f10x_rcc.o(.text)
    RTC_ITConfig                             0x0800c8a5   Thumb Code    26  stm32f10x_rtc.o(.text)
    RTC_EnterConfigMode                      0x0800c8bf   Thumb Code    18  stm32f10x_rtc.o(.text)
    RTC_ExitConfigMode                       0x0800c8d1   Thumb Code    20  stm32f10x_rtc.o(.text)
    RTC_GetCounter                           0x0800c8e5   Thumb Code    18  stm32f10x_rtc.o(.text)
    RTC_SetCounter                           0x0800c8f7   Thumb Code    26  stm32f10x_rtc.o(.text)
    RTC_SetPrescaler                         0x0800c911   Thumb Code    28  stm32f10x_rtc.o(.text)
    RTC_SetAlarm                             0x0800c92d   Thumb Code    26  stm32f10x_rtc.o(.text)
    RTC_GetDivider                           0x0800c947   Thumb Code    22  stm32f10x_rtc.o(.text)
    RTC_WaitForLastTask                      0x0800c95d   Thumb Code    18  stm32f10x_rtc.o(.text)
    RTC_WaitForSynchro                       0x0800c96f   Thumb Code    36  stm32f10x_rtc.o(.text)
    RTC_GetFlagStatus                        0x0800c993   Thumb Code    22  stm32f10x_rtc.o(.text)
    RTC_ClearFlag                            0x0800c9a9   Thumb Code    16  stm32f10x_rtc.o(.text)
    RTC_GetITStatus                          0x0800c9b9   Thumb Code    32  stm32f10x_rtc.o(.text)
    RTC_ClearITPendingBit                    0x0800c9d9   Thumb Code    16  stm32f10x_rtc.o(.text)
    TIM_DeInit                               0x0800c9ed   Thumb Code   424  stm32f10x_tim.o(.text)
    TIM_TimeBaseInit                         0x0800cb95   Thumb Code   122  stm32f10x_tim.o(.text)
    TIM_OC1Init                              0x0800cc0f   Thumb Code   132  stm32f10x_tim.o(.text)
    TIM_OC2Init                              0x0800cc93   Thumb Code   154  stm32f10x_tim.o(.text)
    TIM_OC3Init                              0x0800cd2d   Thumb Code   150  stm32f10x_tim.o(.text)
    TIM_OC4Init                              0x0800cdc3   Thumb Code   182  stm32f10x_tim.o(.text)
    TIM_SetIC4Prescaler                      0x0800ce79   Thumb Code    26  stm32f10x_tim.o(.text)
    TIM_SetIC3Prescaler                      0x0800cf15   Thumb Code    18  stm32f10x_tim.o(.text)
    TIM_SetIC2Prescaler                      0x0800cfa1   Thumb Code    26  stm32f10x_tim.o(.text)
    TIM_SetIC1Prescaler                      0x0800d03d   Thumb Code    18  stm32f10x_tim.o(.text)
    TIM_ICInit                               0x0800d0bb   Thumb Code   150  stm32f10x_tim.o(.text)
    TIM_PWMIConfig                           0x0800d151   Thumb Code   124  stm32f10x_tim.o(.text)
    TIM_BDTRConfig                           0x0800d1cd   Thumb Code    32  stm32f10x_tim.o(.text)
    TIM_TimeBaseStructInit                   0x0800d1ed   Thumb Code    18  stm32f10x_tim.o(.text)
    TIM_OCStructInit                         0x0800d1ff   Thumb Code    20  stm32f10x_tim.o(.text)
    TIM_ICStructInit                         0x0800d213   Thumb Code    18  stm32f10x_tim.o(.text)
    TIM_BDTRStructInit                       0x0800d225   Thumb Code    40  stm32f10x_tim.o(.text)
    TIM_Cmd                                  0x0800d24d   Thumb Code    24  stm32f10x_tim.o(.text)
    TIM_CtrlPWMOutputs                       0x0800d265   Thumb Code    30  stm32f10x_tim.o(.text)
    TIM_ITConfig                             0x0800d283   Thumb Code    18  stm32f10x_tim.o(.text)
    TIM_GenerateEvent                        0x0800d295   Thumb Code     4  stm32f10x_tim.o(.text)
    TIM_DMAConfig                            0x0800d299   Thumb Code    10  stm32f10x_tim.o(.text)
    TIM_DMACmd                               0x0800d2a3   Thumb Code    18  stm32f10x_tim.o(.text)
    TIM_InternalClockConfig                  0x0800d2b5   Thumb Code    12  stm32f10x_tim.o(.text)
    TIM_SelectInputTrigger                   0x0800d2c1   Thumb Code    18  stm32f10x_tim.o(.text)
    TIM_ITRxExternalClockConfig              0x0800d2d3   Thumb Code    24  stm32f10x_tim.o(.text)
    TIM_TIxExternalClockConfig               0x0800d2eb   Thumb Code    62  stm32f10x_tim.o(.text)
    TIM_ETRConfig                            0x0800d329   Thumb Code    28  stm32f10x_tim.o(.text)
    TIM_ETRClockMode1Config                  0x0800d345   Thumb Code    54  stm32f10x_tim.o(.text)
    TIM_ETRClockMode2Config                  0x0800d37b   Thumb Code    32  stm32f10x_tim.o(.text)
    TIM_PrescalerConfig                      0x0800d39b   Thumb Code     6  stm32f10x_tim.o(.text)
    TIM_CounterModeConfig                    0x0800d3a1   Thumb Code    18  stm32f10x_tim.o(.text)
    TIM_EncoderInterfaceConfig               0x0800d3b3   Thumb Code    66  stm32f10x_tim.o(.text)
    TIM_ForcedOC1Config                      0x0800d3f5   Thumb Code    18  stm32f10x_tim.o(.text)
    TIM_ForcedOC2Config                      0x0800d407   Thumb Code    26  stm32f10x_tim.o(.text)
    TIM_ForcedOC3Config                      0x0800d421   Thumb Code    18  stm32f10x_tim.o(.text)
    TIM_ForcedOC4Config                      0x0800d433   Thumb Code    26  stm32f10x_tim.o(.text)
    TIM_ARRPreloadConfig                     0x0800d44d   Thumb Code    24  stm32f10x_tim.o(.text)
    TIM_SelectCOM                            0x0800d465   Thumb Code    24  stm32f10x_tim.o(.text)
    TIM_SelectCCDMA                          0x0800d47d   Thumb Code    24  stm32f10x_tim.o(.text)
    TIM_CCPreloadControl                     0x0800d495   Thumb Code    24  stm32f10x_tim.o(.text)
    TIM_OC1PreloadConfig                     0x0800d4ad   Thumb Code    18  stm32f10x_tim.o(.text)
    TIM_OC2PreloadConfig                     0x0800d4bf   Thumb Code    26  stm32f10x_tim.o(.text)
    TIM_OC3PreloadConfig                     0x0800d4d9   Thumb Code    18  stm32f10x_tim.o(.text)
    TIM_OC4PreloadConfig                     0x0800d4eb   Thumb Code    26  stm32f10x_tim.o(.text)
    TIM_OC1FastConfig                        0x0800d505   Thumb Code    18  stm32f10x_tim.o(.text)
    TIM_OC2FastConfig                        0x0800d517   Thumb Code    26  stm32f10x_tim.o(.text)
    TIM_OC3FastConfig                        0x0800d531   Thumb Code    18  stm32f10x_tim.o(.text)
    TIM_OC4FastConfig                        0x0800d543   Thumb Code    26  stm32f10x_tim.o(.text)
    TIM_ClearOC1Ref                          0x0800d55d   Thumb Code    18  stm32f10x_tim.o(.text)
    TIM_ClearOC2Ref                          0x0800d56f   Thumb Code    24  stm32f10x_tim.o(.text)
    TIM_ClearOC3Ref                          0x0800d587   Thumb Code    18  stm32f10x_tim.o(.text)
    TIM_ClearOC4Ref                          0x0800d599   Thumb Code    24  stm32f10x_tim.o(.text)
    TIM_OC1PolarityConfig                    0x0800d5b1   Thumb Code    18  stm32f10x_tim.o(.text)
    TIM_OC1NPolarityConfig                   0x0800d5c3   Thumb Code    18  stm32f10x_tim.o(.text)
    TIM_OC2PolarityConfig                    0x0800d5d5   Thumb Code    26  stm32f10x_tim.o(.text)
    TIM_OC2NPolarityConfig                   0x0800d5ef   Thumb Code    26  stm32f10x_tim.o(.text)
    TIM_OC3PolarityConfig                    0x0800d609   Thumb Code    26  stm32f10x_tim.o(.text)
    TIM_OC3NPolarityConfig                   0x0800d623   Thumb Code    26  stm32f10x_tim.o(.text)
    TIM_OC4PolarityConfig                    0x0800d63d   Thumb Code    26  stm32f10x_tim.o(.text)
    TIM_CCxCmd                               0x0800d657   Thumb Code    30  stm32f10x_tim.o(.text)
    TIM_CCxNCmd                              0x0800d675   Thumb Code    30  stm32f10x_tim.o(.text)
    TIM_SelectOCxM                           0x0800d693   Thumb Code    82  stm32f10x_tim.o(.text)
    TIM_UpdateDisableConfig                  0x0800d6e5   Thumb Code    24  stm32f10x_tim.o(.text)
    TIM_UpdateRequestConfig                  0x0800d6fd   Thumb Code    24  stm32f10x_tim.o(.text)
    TIM_SelectHallSensor                     0x0800d715   Thumb Code    24  stm32f10x_tim.o(.text)
    TIM_SelectOnePulseMode                   0x0800d72d   Thumb Code    18  stm32f10x_tim.o(.text)
    TIM_SelectOutputTrigger                  0x0800d73f   Thumb Code    18  stm32f10x_tim.o(.text)
    TIM_SelectSlaveMode                      0x0800d751   Thumb Code    18  stm32f10x_tim.o(.text)
    TIM_SelectMasterSlaveMode                0x0800d763   Thumb Code    18  stm32f10x_tim.o(.text)
    TIM_SetCounter                           0x0800d775   Thumb Code     4  stm32f10x_tim.o(.text)
    TIM_SetAutoreload                        0x0800d779   Thumb Code     4  stm32f10x_tim.o(.text)
    TIM_SetCompare1                          0x0800d77d   Thumb Code     4  stm32f10x_tim.o(.text)
    TIM_SetCompare2                          0x0800d781   Thumb Code     4  stm32f10x_tim.o(.text)
    TIM_SetCompare3                          0x0800d785   Thumb Code     4  stm32f10x_tim.o(.text)
    TIM_SetCompare4                          0x0800d789   Thumb Code     6  stm32f10x_tim.o(.text)
    TIM_SetClockDivision                     0x0800d78f   Thumb Code    18  stm32f10x_tim.o(.text)
    TIM_GetCapture1                          0x0800d7a1   Thumb Code     6  stm32f10x_tim.o(.text)
    TIM_GetCapture2                          0x0800d7a7   Thumb Code     6  stm32f10x_tim.o(.text)
    TIM_GetCapture3                          0x0800d7ad   Thumb Code     6  stm32f10x_tim.o(.text)
    TIM_GetCapture4                          0x0800d7b3   Thumb Code     8  stm32f10x_tim.o(.text)
    TIM_GetCounter                           0x0800d7bb   Thumb Code     6  stm32f10x_tim.o(.text)
    TIM_GetPrescaler                         0x0800d7c1   Thumb Code     6  stm32f10x_tim.o(.text)
    TIM_GetFlagStatus                        0x0800d7c7   Thumb Code    18  stm32f10x_tim.o(.text)
    TIM_ClearFlag                            0x0800d7d9   Thumb Code     6  stm32f10x_tim.o(.text)
    TIM_GetITStatus                          0x0800d7df   Thumb Code    34  stm32f10x_tim.o(.text)
    TIM_ClearITPendingBit                    0x0800d801   Thumb Code     6  stm32f10x_tim.o(.text)
    USART_DeInit                             0x0800d809   Thumb Code   134  stm32f10x_usart.o(.text)
    USART_Init                               0x0800d88f   Thumb Code   210  stm32f10x_usart.o(.text)
    USART_StructInit                         0x0800d961   Thumb Code    24  stm32f10x_usart.o(.text)
    USART_ClockInit                          0x0800d979   Thumb Code    34  stm32f10x_usart.o(.text)
    USART_ClockStructInit                    0x0800d99b   Thumb Code    12  stm32f10x_usart.o(.text)
    USART_Cmd                                0x0800d9a7   Thumb Code    24  stm32f10x_usart.o(.text)
    USART_ITConfig                           0x0800d9bf   Thumb Code    74  stm32f10x_usart.o(.text)
    USART_DMACmd                             0x0800da09   Thumb Code    18  stm32f10x_usart.o(.text)
    USART_SetAddress                         0x0800da1b   Thumb Code    18  stm32f10x_usart.o(.text)
    USART_WakeUpConfig                       0x0800da2d   Thumb Code    18  stm32f10x_usart.o(.text)
    USART_ReceiverWakeUpCmd                  0x0800da3f   Thumb Code    24  stm32f10x_usart.o(.text)
    USART_LINBreakDetectLengthConfig         0x0800da57   Thumb Code    18  stm32f10x_usart.o(.text)
    USART_LINCmd                             0x0800da69   Thumb Code    24  stm32f10x_usart.o(.text)
    USART_SendData                           0x0800da81   Thumb Code     8  stm32f10x_usart.o(.text)
    USART_ReceiveData                        0x0800da89   Thumb Code    10  stm32f10x_usart.o(.text)
    USART_SendBreak                          0x0800da93   Thumb Code    10  stm32f10x_usart.o(.text)
    USART_SetGuardTime                       0x0800da9d   Thumb Code    16  stm32f10x_usart.o(.text)
    USART_SetPrescaler                       0x0800daad   Thumb Code    16  stm32f10x_usart.o(.text)
    USART_SmartCardCmd                       0x0800dabd   Thumb Code    24  stm32f10x_usart.o(.text)
    USART_SmartCardNACKCmd                   0x0800dad5   Thumb Code    24  stm32f10x_usart.o(.text)
    USART_HalfDuplexCmd                      0x0800daed   Thumb Code    24  stm32f10x_usart.o(.text)
    USART_OverSampling8Cmd                   0x0800db05   Thumb Code    22  stm32f10x_usart.o(.text)
    USART_OneBitMethodCmd                    0x0800db1b   Thumb Code    24  stm32f10x_usart.o(.text)
    USART_IrDAConfig                         0x0800db33   Thumb Code    18  stm32f10x_usart.o(.text)
    USART_IrDACmd                            0x0800db45   Thumb Code    24  stm32f10x_usart.o(.text)
    USART_GetFlagStatus                      0x0800db5d   Thumb Code    26  stm32f10x_usart.o(.text)
    USART_ClearFlag                          0x0800db77   Thumb Code    18  stm32f10x_usart.o(.text)
    USART_GetITStatus                        0x0800db89   Thumb Code    84  stm32f10x_usart.o(.text)
    USART_ClearITPendingBit                  0x0800dbdd   Thumb Code    52  stm32f10x_usart.o(.text)
    NMI_Handler                              0x0800dc11   Thumb Code     2  stm32f10x_it.o(.text)
    HardFault_Handler                        0x0800dc13   Thumb Code     8  stm32f10x_it.o(.text)
    MemManage_Handler                        0x0800dc1b   Thumb Code     4  stm32f10x_it.o(.text)
    BusFault_Handler                         0x0800dc1f   Thumb Code     4  stm32f10x_it.o(.text)
    UsageFault_Handler                       0x0800dc23   Thumb Code     4  stm32f10x_it.o(.text)
    DebugMon_Handler                         0x0800dc27   Thumb Code     2  stm32f10x_it.o(.text)
    SystemInit                               0x0800dd09   Thumb Code    76  system_stm32f10x.o(.text)
    SystemCoreClockUpdate                    0x0800dd55   Thumb Code   142  system_stm32f10x.o(.text)
    BKP_DeInit                               0x0800de0d   Thumb Code    16  stm32f10x_bkp.o(.text)
    BKP_TamperPinLevelConfig                 0x0800de1d   Thumb Code     6  stm32f10x_bkp.o(.text)
    BKP_TamperPinCmd                         0x0800de23   Thumb Code     8  stm32f10x_bkp.o(.text)
    BKP_ITConfig                             0x0800de2b   Thumb Code     8  stm32f10x_bkp.o(.text)
    BKP_RTCOutputConfig                      0x0800de33   Thumb Code    22  stm32f10x_bkp.o(.text)
    BKP_SetRTCCalibrationValue               0x0800de49   Thumb Code    22  stm32f10x_bkp.o(.text)
    BKP_WriteBackupRegister                  0x0800de5f   Thumb Code    24  stm32f10x_bkp.o(.text)
    BKP_ReadBackupRegister                   0x0800de77   Thumb Code    26  stm32f10x_bkp.o(.text)
    BKP_GetFlagStatus                        0x0800de91   Thumb Code    10  stm32f10x_bkp.o(.text)
    BKP_ClearFlag                            0x0800de9b   Thumb Code    18  stm32f10x_bkp.o(.text)
    BKP_GetITStatus                          0x0800dead   Thumb Code    10  stm32f10x_bkp.o(.text)
    BKP_ClearITPendingBit                    0x0800deb7   Thumb Code    18  stm32f10x_bkp.o(.text)
    Reset_Handler                            0x0800ded1   Thumb Code     8  startup_stm32f10x_xl.o(.text)
    SVC_Handler                              0x0800dee3   Thumb Code     2  startup_stm32f10x_xl.o(.text)
    PendSV_Handler                           0x0800dee7   Thumb Code     2  startup_stm32f10x_xl.o(.text)
    SysTick_Handler                          0x0800dee9   Thumb Code     2  startup_stm32f10x_xl.o(.text)
    ADC1_2_IRQHandler                        0x0800deeb   Thumb Code     0  startup_stm32f10x_xl.o(.text)
    ADC3_IRQHandler                          0x0800deeb   Thumb Code     0  startup_stm32f10x_xl.o(.text)
    CAN1_RX1_IRQHandler                      0x0800deeb   Thumb Code     0  startup_stm32f10x_xl.o(.text)
    CAN1_SCE_IRQHandler                      0x0800deeb   Thumb Code     0  startup_stm32f10x_xl.o(.text)
    DMA1_Channel1_IRQHandler                 0x0800deeb   Thumb Code     0  startup_stm32f10x_xl.o(.text)
    DMA1_Channel2_IRQHandler                 0x0800deeb   Thumb Code     0  startup_stm32f10x_xl.o(.text)
    DMA1_Channel3_IRQHandler                 0x0800deeb   Thumb Code     0  startup_stm32f10x_xl.o(.text)
    DMA1_Channel4_IRQHandler                 0x0800deeb   Thumb Code     0  startup_stm32f10x_xl.o(.text)
    DMA1_Channel5_IRQHandler                 0x0800deeb   Thumb Code     0  startup_stm32f10x_xl.o(.text)
    DMA1_Channel6_IRQHandler                 0x0800deeb   Thumb Code     0  startup_stm32f10x_xl.o(.text)
    DMA1_Channel7_IRQHandler                 0x0800deeb   Thumb Code     0  startup_stm32f10x_xl.o(.text)
    DMA2_Channel1_IRQHandler                 0x0800deeb   Thumb Code     0  startup_stm32f10x_xl.o(.text)
    DMA2_Channel2_IRQHandler                 0x0800deeb   Thumb Code     0  startup_stm32f10x_xl.o(.text)
    DMA2_Channel3_IRQHandler                 0x0800deeb   Thumb Code     0  startup_stm32f10x_xl.o(.text)
    DMA2_Channel4_5_IRQHandler               0x0800deeb   Thumb Code     0  startup_stm32f10x_xl.o(.text)
    EXTI0_IRQHandler                         0x0800deeb   Thumb Code     0  startup_stm32f10x_xl.o(.text)
    EXTI15_10_IRQHandler                     0x0800deeb   Thumb Code     0  startup_stm32f10x_xl.o(.text)
    EXTI1_IRQHandler                         0x0800deeb   Thumb Code     0  startup_stm32f10x_xl.o(.text)
    EXTI2_IRQHandler                         0x0800deeb   Thumb Code     0  startup_stm32f10x_xl.o(.text)
    EXTI3_IRQHandler                         0x0800deeb   Thumb Code     0  startup_stm32f10x_xl.o(.text)
    EXTI4_IRQHandler                         0x0800deeb   Thumb Code     0  startup_stm32f10x_xl.o(.text)
    EXTI9_5_IRQHandler                       0x0800deeb   Thumb Code     0  startup_stm32f10x_xl.o(.text)
    FLASH_IRQHandler                         0x0800deeb   Thumb Code     0  startup_stm32f10x_xl.o(.text)
    FSMC_IRQHandler                          0x0800deeb   Thumb Code     0  startup_stm32f10x_xl.o(.text)
    I2C1_ER_IRQHandler                       0x0800deeb   Thumb Code     0  startup_stm32f10x_xl.o(.text)
    I2C1_EV_IRQHandler                       0x0800deeb   Thumb Code     0  startup_stm32f10x_xl.o(.text)
    I2C2_ER_IRQHandler                       0x0800deeb   Thumb Code     0  startup_stm32f10x_xl.o(.text)
    I2C2_EV_IRQHandler                       0x0800deeb   Thumb Code     0  startup_stm32f10x_xl.o(.text)
    PVD_IRQHandler                           0x0800deeb   Thumb Code     0  startup_stm32f10x_xl.o(.text)
    RCC_IRQHandler                           0x0800deeb   Thumb Code     0  startup_stm32f10x_xl.o(.text)
    RTCAlarm_IRQHandler                      0x0800deeb   Thumb Code     0  startup_stm32f10x_xl.o(.text)
    SDIO_IRQHandler                          0x0800deeb   Thumb Code     0  startup_stm32f10x_xl.o(.text)
    SPI1_IRQHandler                          0x0800deeb   Thumb Code     0  startup_stm32f10x_xl.o(.text)
    SPI2_IRQHandler                          0x0800deeb   Thumb Code     0  startup_stm32f10x_xl.o(.text)
    SPI3_IRQHandler                          0x0800deeb   Thumb Code     0  startup_stm32f10x_xl.o(.text)
    TAMPER_IRQHandler                        0x0800deeb   Thumb Code     0  startup_stm32f10x_xl.o(.text)
    TIM1_BRK_TIM9_IRQHandler                 0x0800deeb   Thumb Code     0  startup_stm32f10x_xl.o(.text)
    TIM1_CC_IRQHandler                       0x0800deeb   Thumb Code     0  startup_stm32f10x_xl.o(.text)
    TIM1_TRG_COM_TIM11_IRQHandler            0x0800deeb   Thumb Code     0  startup_stm32f10x_xl.o(.text)
    TIM1_UP_TIM10_IRQHandler                 0x0800deeb   Thumb Code     0  startup_stm32f10x_xl.o(.text)
    TIM3_IRQHandler                          0x0800deeb   Thumb Code     0  startup_stm32f10x_xl.o(.text)
    TIM4_IRQHandler                          0x0800deeb   Thumb Code     0  startup_stm32f10x_xl.o(.text)
    TIM5_IRQHandler                          0x0800deeb   Thumb Code     0  startup_stm32f10x_xl.o(.text)
    TIM6_IRQHandler                          0x0800deeb   Thumb Code     0  startup_stm32f10x_xl.o(.text)
    TIM7_IRQHandler                          0x0800deeb   Thumb Code     0  startup_stm32f10x_xl.o(.text)
    TIM8_BRK_TIM12_IRQHandler                0x0800deeb   Thumb Code     0  startup_stm32f10x_xl.o(.text)
    TIM8_CC_IRQHandler                       0x0800deeb   Thumb Code     0  startup_stm32f10x_xl.o(.text)
    TIM8_TRG_COM_TIM14_IRQHandler            0x0800deeb   Thumb Code     0  startup_stm32f10x_xl.o(.text)
    TIM8_UP_TIM13_IRQHandler                 0x0800deeb   Thumb Code     0  startup_stm32f10x_xl.o(.text)
    USBWakeUp_IRQHandler                     0x0800deeb   Thumb Code     0  startup_stm32f10x_xl.o(.text)
    USB_HP_CAN1_TX_IRQHandler                0x0800deeb   Thumb Code     0  startup_stm32f10x_xl.o(.text)
    USB_LP_CAN1_RX0_IRQHandler               0x0800deeb   Thumb Code     0  startup_stm32f10x_xl.o(.text)
    WWDG_IRQHandler                          0x0800deeb   Thumb Code     0  startup_stm32f10x_xl.o(.text)
    __aeabi_memcpy                           0x0800def5   Thumb Code    36  memcpya.o(.text)
    __aeabi_memcpy4                          0x0800def5   Thumb Code     0  memcpya.o(.text)
    __aeabi_memcpy8                          0x0800def5   Thumb Code     0  memcpya.o(.text)
    __aeabi_memset                           0x0800df19   Thumb Code    14  memseta.o(.text)
    __aeabi_memset4                          0x0800df19   Thumb Code     0  memseta.o(.text)
    __aeabi_memset8                          0x0800df19   Thumb Code     0  memseta.o(.text)
    __aeabi_memclr                           0x0800df27   Thumb Code     4  memseta.o(.text)
    __aeabi_memclr4                          0x0800df27   Thumb Code     0  memseta.o(.text)
    __aeabi_memclr8                          0x0800df27   Thumb Code     0  memseta.o(.text)
    _memset$wrapper                          0x0800df2b   Thumb Code    18  memseta.o(.text)
    strstr                                   0x0800df3d   Thumb Code    36  strstr.o(.text)
    strncpy                                  0x0800df61   Thumb Code    24  strncpy.o(.text)
    strlen                                   0x0800df79   Thumb Code    14  strlen.o(.text)
    strcmp                                   0x0800df87   Thumb Code    28  strcmp.o(.text)
    memcmp                                   0x0800dfa3   Thumb Code    26  memcmp.o(.text)
    strcpy                                   0x0800dfbd   Thumb Code    18  strcpy.o(.text)
    strncmp                                  0x0800dfcf   Thumb Code    30  strncmp.o(.text)
    __aeabi_dadd                             0x0800dfed   Thumb Code   322  dadd.o(.text)
    __aeabi_dsub                             0x0800e12f   Thumb Code     6  dadd.o(.text)
    __aeabi_drsub                            0x0800e135   Thumb Code     6  dadd.o(.text)
    __aeabi_dmul                             0x0800e13b   Thumb Code   228  dmul.o(.text)
    __aeabi_ddiv                             0x0800e21f   Thumb Code   222  ddiv.o(.text)
    __aeabi_i2d                              0x0800e2fd   Thumb Code    34  dflti.o(.text)
    __aeabi_f2iz                             0x0800e31f   Thumb Code    50  ffixi.o(.text)
    __aeabi_f2d                              0x0800e351   Thumb Code    38  f2d.o(.text)
    __aeabi_cdcmpeq                          0x0800e379   Thumb Code     0  cdcmple.o(.text)
    __aeabi_cdcmple                          0x0800e379   Thumb Code    48  cdcmple.o(.text)
    __aeabi_cdrcmple                         0x0800e3a9   Thumb Code    48  cdrcmple.o(.text)
    __aeabi_d2f                              0x0800e3d9   Thumb Code    56  d2f.o(.text)
    __aeabi_uldivmod                         0x0800e411   Thumb Code    98  uldiv.o(.text)
    __aeabi_llsl                             0x0800e473   Thumb Code    30  llshl.o(.text)
    _ll_shift_l                              0x0800e473   Thumb Code     0  llshl.o(.text)
    __aeabi_lasr                             0x0800e491   Thumb Code    36  llsshr.o(.text)
    _ll_sshift_r                             0x0800e491   Thumb Code     0  llsshr.o(.text)
    __I$use$fp                               0x0800e4b5   Thumb Code     0  iusefp.o(.text)
    _float_round                             0x0800e4b5   Thumb Code    18  fepilogue.o(.text)
    _float_epilogue                          0x0800e4c7   Thumb Code    92  fepilogue.o(.text)
    _double_round                            0x0800e523   Thumb Code    30  depilogue.o(.text)
    _double_epilogue                         0x0800e541   Thumb Code   156  depilogue.o(.text)
    __ARM_scalbn                             0x0800e5dd   Thumb Code    46  dscalb.o(.text)
    scalbn                                   0x0800e5dd   Thumb Code     0  dscalb.o(.text)
    __scatterload                            0x0800e60d   Thumb Code    28  init.o(.text)
    __scatterload_rt2                        0x0800e60d   Thumb Code     0  init.o(.text)
    __aeabi_llsr                             0x0800e631   Thumb Code    32  llushr.o(.text)
    _ll_ushift_r                             0x0800e631   Thumb Code     0  llushr.o(.text)
    __decompress                             0x0800e651   Thumb Code     0  __dczerorl2.o(.text)
    __decompress1                            0x0800e651   Thumb Code    86  __dczerorl2.o(.text)
    __0sprintf$5                             0x0800e6a9   Thumb Code    34  printf5.o(i.__0sprintf$5)
    __1sprintf$5                             0x0800e6a9   Thumb Code     0  printf5.o(i.__0sprintf$5)
    __2sprintf                               0x0800e6a9   Thumb Code     0  printf5.o(i.__0sprintf$5)
    __kernel_poly                            0x0800e6d1   Thumb Code   170  poly.o(i.__kernel_poly)
    __mathlib_dbl_divzero                    0x0800e77d   Thumb Code    12  dunder.o(i.__mathlib_dbl_divzero)
    __mathlib_dbl_infnan                     0x0800e78d   Thumb Code     6  dunder.o(i.__mathlib_dbl_infnan)
    __mathlib_dbl_invalid                    0x0800e793   Thumb Code    12  dunder.o(i.__mathlib_dbl_invalid)
    __scatterload_copy                       0x0800e79f   Thumb Code    14  handlers.o(i.__scatterload_copy)
    __scatterload_null                       0x0800e7ad   Thumb Code     2  handlers.o(i.__scatterload_null)
    __scatterload_zeroinit                   0x0800e7af   Thumb Code    14  handlers.o(i.__scatterload_zeroinit)
    __set_errno                              0x0800e7bd   Thumb Code     6  errno.o(i.__set_errno)
    log                                      0x0800ea95   Thumb Code   808  log.o(i.log)
    log10                                    0x0800edf1   Thumb Code   198  log10.o(i.log10)
    table_week                               0x0800f0e4   Data          12  bsprtc.o(.constdata)
    mon_table                                0x0800f0f0   Data          12  bsprtc.o(.constdata)
    __mathlib_zero                           0x0800f388   Data           8  qnan.o(.constdata)
    Region$$Table$$Base                      0x0800f390   Number         0  anon$$obj.o(Region$$Table)
    Region$$Table$$Limit                     0x0800f3b0   Number         0  anon$$obj.o(Region$$Table)
    Modbus_Write_Queue                       0x20000000   Data           4  modbuscb.o(.data)
    g_modbusWriteFlag                        0x20000004   Data           4  modbuscb.o(.data)
    g_handChangeFlag                         0x2000000c   Data           1  airsensor.o(.data)
    Air_Snd_Queue                            0x20000010   Data           4  airsensor.o(.data)
    Air_Query_Timer                          0x20000014   Data           4  airsensor.o(.data)
    Air_Rsp_Timeout                          0x20000018   Data           4  airsensor.o(.data)
    Air_Snd_Flag                             0x2000001c   Data           4  airsensor.o(.data)
    Air_Rcv_Flag                             0x20000020   Data           4  airsensor.o(.data)
    g_Config_Queue                           0x20000024   Data           4  cfgthread.o(.data)
    g_SysRegOpt_Mutex                        0x20000028   Data           4  cfgthread.o(.data)
    Dev_Snd_Queue                            0x2000002c   Data           4  devcom.o(.data)
    Dev_Query_Timer                          0x20000030   Data           4  devcom.o(.data)
    Dev_Rsp_Timeout                          0x20000034   Data           4  devcom.o(.data)
    Dev_Snd_Flag                             0x20000038   Data           4  devcom.o(.data)
    Dev_Rcv_Flag                             0x2000003c   Data           4  devcom.o(.data)
    Dev_Upd_Mutex                            0x20000040   Data           4  devcom.o(.data)
    g_devConfigRegID                         0x20000044   Data           2  devcom.o(.data)
    whgm5Handle1                             0x2000004c   Data           4  whgm5.o(.data)
    whgm5Handle2                             0x20000050   Data           4  whgm5.o(.data)
    whgm5_status_check                       0x20000054   Data           4  whgm5.o(.data)
    wifiHandle1                              0x2000006c   Data           4  wifi232.o(.data)
    wifiHandle2                              0x20000070   Data           4  wifi232.o(.data)
    Net_Snd_Queue                            0x20000088   Data           4  netthread.o(.data)
    Net_Queue_Data                           0x2000008c   Data           8  netthread.o(.data)
    g_infoSndFlag                            0x20000094   Data           1  netthread.o(.data)
    pxCurrentTCB                             0x20000098   Data           4  tasks.o(.data)
    pxMBFrameCBByteReceived                  0x2000010c   Data           4  mb.o(.data)
    pxMBFrameCBTransmitterEmpty              0x20000110   Data           4  mb.o(.data)
    pxMBPortCBTimerExpired                   0x20000114   Data           4  mb.o(.data)
    pxMBFrameCBReceiveFSMCur                 0x20000118   Data           4  mb.o(.data)
    pxMBFrameCBTransmitFSMCur                0x2000011c   Data           4  mb.o(.data)
    g_mbRcved                                0x200001ba   Data           2  portserial.o(.data)
    g_netModuleChgFlag                       0x200001d8   Data           1  bspnetcom.o(.data)
    g_netModule                              0x200001d9   Data           1  bspnetcom.o(.data)
    s_DevRegHandle                           0x200001da   Data           3  devupdatecode.o(.data)
    SystemCoreClock                          0x200001f4   Data           4  system_stm32f10x.o(.data)
    AHBPrescTable                            0x200001f8   Data          16  system_stm32f10x.o(.data)
    usSysRegHoldingBuf                       0x2000020c   Data         200  modbuscb.o(.bss)
    usRegHoldingBuf                          0x200002d4   Data        5640  modbuscb.o(.bss)
    usRegInputBuf                            0x200018dc   Data         320  modbuscb.o(.bss)
    temptemp                                 0x20001af4   Data          50  whgm5.o(.bss)
    ucRTUBuf                                 0x20008018   Data         256  mbrtu.o(.bss)
    STMFLASH_BUF                             0x20008118   Data        2048  bsp_internalflash.o(.bss)
    HoldReg_Air                              0x20008918   Data         352  bspaircom.o(.bss)
    HoldReg_Hand                             0x20008a78   Data         576  bspaircom.o(.bss)
    Air_Com_Para                             0x20008cb8   Data         170  bspaircom.o(.bss)
    Air_Para                                 0x20008d62   Data          32  bspaircom.o(.bss)
    calendar                                 0x20008d84   Data          16  bsprtc.o(.bss)
    HoldReg_Dev                              0x20008d94   Data        3776  bspdevcom.o(.bss)
    Dev_Com_Para                             0x20009c54   Data        1568  bspdevcom.o(.bss)
    Dev_Para                                 0x2000a274   Data          16  bspdevcom.o(.bss)
    Whgm5_Para                               0x2000a2ae   Data          51  bspwhgm5.o(.bss)
    Whgm5_Com_Para                           0x2000a2e1   Data          14  bspwhgm5.o(.bss)
    wifi232b2Para                            0x2000a2f0   Data          88  bspwifi232b2.o(.bss)
    g_netRcvBuf                              0x2000a348   Data        1050  bspnetcom.o(.bss)
    g_netSndBuf                              0x2000a762   Data        5700  bspnetcom.o(.bss)
    s_DevUpDateCode                          0x2000bda6   Data          25  devupdatecode.o(.bss)
    s_SlaveDevUpDateCode                     0x2000bdbf   Data          42  devupdatecode.o(.bss)
    g_updatePara                             0x2000bde9   Data        1151  devupdatecode.o(.bss)
    __initial_sp                             0x2000c668   Data           0  startup_stm32f10x_xl.o(STACK)



==============================================================================

Memory Map of the image

  Image Entry point : 0x08002531

  Load Region LR_IROM1 (Base: 0x08002400, Size: 0x0000d1bc, Max: 0x00100000, ABSOLUTE, COMPRESSED[0x0000cff8])

    Execution Region ER_IROM1 (Exec base: 0x08002400, Load base: 0x08002400, Size: 0x0000cfb0, Max: 0x00100000, ABSOLUTE)

    Exec Addr    Load Addr    Size         Type   Attr      Idx    E Section Name        Object

    0x08002400   0x08002400   0x00000130   Data   RO         1214    RESET               startup_stm32f10x_xl.o
    0x08002530   0x08002530   0x00000000   Code   RO         1227  * .ARM.Collect$$$$00000000  mc_w.l(entry.o)
    0x08002530   0x08002530   0x00000004   Code   RO         1553    .ARM.Collect$$$$00000001  mc_w.l(entry2.o)
    0x08002534   0x08002534   0x00000004   Code   RO         1556    .ARM.Collect$$$$00000004  mc_w.l(entry5.o)
    0x08002538   0x08002538   0x00000000   Code   RO         1558    .ARM.Collect$$$$00000008  mc_w.l(entry7b.o)
    0x08002538   0x08002538   0x00000000   Code   RO         1560    .ARM.Collect$$$$0000000A  mc_w.l(entry8b.o)
    0x08002538   0x08002538   0x00000008   Code   RO         1561    .ARM.Collect$$$$0000000B  mc_w.l(entry9a.o)
    0x08002540   0x08002540   0x00000000   Code   RO         1563    .ARM.Collect$$$$0000000D  mc_w.l(entry10a.o)
    0x08002540   0x08002540   0x00000000   Code   RO         1565    .ARM.Collect$$$$0000000F  mc_w.l(entry11a.o)
    0x08002540   0x08002540   0x00000004   Code   RO         1554    .ARM.Collect$$$$00002712  mc_w.l(entry2.o)
    0x08002544   0x08002544   0x00000096   Code   RO          519    .emb_text           port.o
    0x080025da   0x080025da   0x00000002   PAD
    0x080025dc   0x080025dc   0x00000002   Code   RO         1163    .emb_text           stm32f10x_it.o
    0x080025de   0x080025de   0x00000024   Code   RO            1    .text               main.o
    0x08002602   0x08002602   0x00000002   PAD
    0x08002604   0x08002604   0x00000050   Code   RO          159    .text               ledthread.o
    0x08002654   0x08002654   0x00000360   Code   RO          177    .text               modbuscb.o
    0x080029b4   0x080029b4   0x00000830   Code   RO          234    .text               airsensor.o
    0x080031e4   0x080031e4   0x000004b4   Code   RO          269    .text               cfgthread.o
    0x08003698   0x08003698   0x0000078c   Code   RO          293    .text               devcom.o
    0x08003e24   0x08003e24   0x000001cc   Code   RO          312    .text               whgm5.o
    0x08003ff0   0x08003ff0   0x000001bc   Code   RO          342    .text               wifi232.o
    0x080041ac   0x080041ac   0x0000020c   Code   RO          361    .text               netthread.o
    0x080043b8   0x080043b8   0x00000094   Code   RO          431    .text               list.o
    0x0800444c   0x0800444c   0x00000758   Code   RO          443    .text               queue.o
    0x08004ba4   0x08004ba4   0x00001180   Code   RO          458    .text               tasks.o
    0x08005d24   0x08005d24   0x0000044c   Code   RO          489    .text               timers.o
    0x08006170   0x08006170   0x00000084   Code   RO          504    .text               heap_1.o
    0x080061f4   0x080061f4   0x000000e8   Code   RO          520    .text               port.o
    0x080062dc   0x080062dc   0x000002ec   Code   RO          550    .text               mb.o
    0x080065c8   0x080065c8   0x0000013c   Code   RO          598    .text               mbfuncholding.o
    0x08006704   0x08006704   0x0000008c   Code   RO          610    .text               mbfuncinput.o
    0x08006790   0x08006790   0x000000ac   Code   RO          628    .text               mbutils.o
    0x0800683c   0x0800683c   0x00000038   Code   RO          640    .text               mbcrc.o
    0x08006874   0x08006874   0x00000268   Code   RO          654    .text               mbrtu.o
    0x08006adc   0x08006adc   0x0000003c   Code   RO          670    .text               portevent.o
    0x08006b18   0x08006b18   0x000002ac   Code   RO          684    .text               portserial.o
    0x08006dc4   0x08006dc4   0x0000004c   Code   RO          700    .text               porttimer.o
    0x08006e10   0x08006e10   0x0000005c   Code   RO          785    .text               bspled.o
    0x08006e6c   0x08006e6c   0x000000d8   Code   RO          797    .text               nvic.o
    0x08006f44   0x08006f44   0x0000007a   Code   RO          809    .text               bsptimer.o
    0x08006fbe   0x08006fbe   0x0000002c   Code   RO          821    .text               bspiwdg.o
    0x08006fea   0x08006fea   0x00000002   PAD
    0x08006fec   0x08006fec   0x00000148   Code   RO          833    .text               bsp_internalflash.o
    0x08007134   0x08007134   0x000005c0   Code   RO          848    .text               bspaircom.o
    0x080076f4   0x080076f4   0x00000468   Code   RO          868    .text               bsprtc.o
    0x08007b5c   0x08007b5c   0x00000560   Code   RO          888    .text               bspdevcom.o
    0x080080bc   0x080080bc   0x000008ec   Code   RO          905    .text               bspdevctl.o
    0x080089a8   0x080089a8   0x000009b8   Code   RO          923    .text               bspwhgm5.o
    0x08009360   0x08009360   0x00000fb0   Code   RO          941    .text               bspwifi232b2.o
    0x0800a310   0x0800a310   0x000003d4   Code   RO          958    .text               bspnetcom.o
    0x0800a6e4   0x0800a6e4   0x00000fe8   Code   RO          975    .text               devupdatecode.o
    0x0800b6cc   0x0800b6cc   0x000000dc   Code   RO          995    .text               misc.o
    0x0800b7a8   0x0800b7a8   0x000008ec   Code   RO         1043    .text               stm32f10x_flash.o
    0x0800c094   0x0800c094   0x0000035c   Code   RO         1055    .text               stm32f10x_gpio.o
    0x0800c3f0   0x0800c3f0   0x00000040   Code   RO         1067    .text               stm32f10x_iwdg.o
    0x0800c430   0x0800c430   0x000000cc   Code   RO         1079    .text               stm32f10x_pwr.o
    0x0800c4fc   0x0800c4fc   0x000003a8   Code   RO         1091    .text               stm32f10x_rcc.o
    0x0800c8a4   0x0800c8a4   0x00000148   Code   RO         1105    .text               stm32f10x_rtc.o
    0x0800c9ec   0x0800c9ec   0x00000e1a   Code   RO         1129    .text               stm32f10x_tim.o
    0x0800d806   0x0800d806   0x00000002   PAD
    0x0800d808   0x0800d808   0x00000408   Code   RO         1141    .text               stm32f10x_usart.o
    0x0800dc10   0x0800dc10   0x00000018   Code   RO         1164    .text               stm32f10x_it.o
    0x0800dc28   0x0800dc28   0x000001e4   Code   RO         1182    .text               system_stm32f10x.o
    0x0800de0c   0x0800de0c   0x000000c4   Code   RO         1200    .text               stm32f10x_bkp.o
    0x0800ded0   0x0800ded0   0x00000024   Code   RO         1215    .text               startup_stm32f10x_xl.o
    0x0800def4   0x0800def4   0x00000024   Code   RO         1230    .text               mc_w.l(memcpya.o)
    0x0800df18   0x0800df18   0x00000024   Code   RO         1232    .text               mc_w.l(memseta.o)
    0x0800df3c   0x0800df3c   0x00000024   Code   RO         1234    .text               mc_w.l(strstr.o)
    0x0800df60   0x0800df60   0x00000018   Code   RO         1236    .text               mc_w.l(strncpy.o)
    0x0800df78   0x0800df78   0x0000000e   Code   RO         1238    .text               mc_w.l(strlen.o)
    0x0800df86   0x0800df86   0x0000001c   Code   RO         1240    .text               mc_w.l(strcmp.o)
    0x0800dfa2   0x0800dfa2   0x0000001a   Code   RO         1242    .text               mc_w.l(memcmp.o)
    0x0800dfbc   0x0800dfbc   0x00000012   Code   RO         1244    .text               mc_w.l(strcpy.o)
    0x0800dfce   0x0800dfce   0x0000001e   Code   RO         1246    .text               mc_w.l(strncmp.o)
    0x0800dfec   0x0800dfec   0x0000014e   Code   RO         1511    .text               mf_w.l(dadd.o)
    0x0800e13a   0x0800e13a   0x000000e4   Code   RO         1513    .text               mf_w.l(dmul.o)
    0x0800e21e   0x0800e21e   0x000000de   Code   RO         1515    .text               mf_w.l(ddiv.o)
    0x0800e2fc   0x0800e2fc   0x00000022   Code   RO         1517    .text               mf_w.l(dflti.o)
    0x0800e31e   0x0800e31e   0x00000032   Code   RO         1519    .text               mf_w.l(ffixi.o)
    0x0800e350   0x0800e350   0x00000026   Code   RO         1521    .text               mf_w.l(f2d.o)
    0x0800e376   0x0800e376   0x00000002   PAD
    0x0800e378   0x0800e378   0x00000030   Code   RO         1523    .text               mf_w.l(cdcmple.o)
    0x0800e3a8   0x0800e3a8   0x00000030   Code   RO         1525    .text               mf_w.l(cdrcmple.o)
    0x0800e3d8   0x0800e3d8   0x00000038   Code   RO         1527    .text               mf_w.l(d2f.o)
    0x0800e410   0x0800e410   0x00000062   Code   RO         1572    .text               mc_w.l(uldiv.o)
    0x0800e472   0x0800e472   0x0000001e   Code   RO         1574    .text               mc_w.l(llshl.o)
    0x0800e490   0x0800e490   0x00000024   Code   RO         1576    .text               mc_w.l(llsshr.o)
    0x0800e4b4   0x0800e4b4   0x00000000   Code   RO         1585    .text               mc_w.l(iusefp.o)
    0x0800e4b4   0x0800e4b4   0x0000006e   Code   RO         1586    .text               mf_w.l(fepilogue.o)
    0x0800e522   0x0800e522   0x000000ba   Code   RO         1588    .text               mf_w.l(depilogue.o)
    0x0800e5dc   0x0800e5dc   0x0000002e   Code   RO         1590    .text               mf_w.l(dscalb.o)
    0x0800e60a   0x0800e60a   0x00000002   PAD
    0x0800e60c   0x0800e60c   0x00000024   Code   RO         1597    .text               mc_w.l(init.o)
    0x0800e630   0x0800e630   0x00000020   Code   RO         1600    .text               mc_w.l(llushr.o)
    0x0800e650   0x0800e650   0x00000056   Code   RO         1611    .text               mc_w.l(__dczerorl2.o)
    0x0800e6a6   0x0800e6a6   0x00000002   PAD
    0x0800e6a8   0x0800e6a8   0x00000028   Code   RO         1385    i.__0sprintf$5      mc_w.l(printf5.o)
    0x0800e6d0   0x0800e6d0   0x000000aa   Code   RO         1594    i.__kernel_poly     m_ws.l(poly.o)
    0x0800e77a   0x0800e77a   0x00000002   PAD
    0x0800e77c   0x0800e77c   0x00000010   Code   RO         1529    i.__mathlib_dbl_divzero  m_ws.l(dunder.o)
    0x0800e78c   0x0800e78c   0x00000006   Code   RO         1530    i.__mathlib_dbl_infnan  m_ws.l(dunder.o)
    0x0800e792   0x0800e792   0x0000000c   Code   RO         1532    i.__mathlib_dbl_invalid  m_ws.l(dunder.o)
    0x0800e79e   0x0800e79e   0x0000000e   Code   RO         1605    i.__scatterload_copy  mc_w.l(handlers.o)
    0x0800e7ac   0x0800e7ac   0x00000002   Code   RO         1606    i.__scatterload_null  mc_w.l(handlers.o)
    0x0800e7ae   0x0800e7ae   0x0000000e   Code   RO         1607    i.__scatterload_zeroinit  mc_w.l(handlers.o)
    0x0800e7bc   0x0800e7bc   0x0000000c   Code   RO         1580    i.__set_errno       mc_w.l(errno.o)
    0x0800e7c8   0x0800e7c8   0x000002c0   Code   RO         1390    i._printf_core      mc_w.l(printf5.o)
    0x0800ea88   0x0800ea88   0x0000000a   Code   RO         1392    i._sputc            mc_w.l(printf5.o)
    0x0800ea92   0x0800ea92   0x00000002   PAD
    0x0800ea94   0x0800ea94   0x0000035c   Code   RO         1544    i.log               m_ws.l(log.o)
    0x0800edf0   0x0800edf0   0x000000e4   Code   RO         1220    i.log10             m_ws.l(log10.o)
    0x0800eed4   0x0800eed4   0x00000009   Data   RO          271    .constdata          cfgthread.o
    0x0800eedd   0x0800eedd   0x00000003   PAD
    0x0800eee0   0x0800eee0   0x00000004   Data   RO          314    .constdata          whgm5.o
    0x0800eee4   0x0800eee4   0x00000200   Data   RO          641    .constdata          mbcrc.o
    0x0800f0e4   0x0800f0e4   0x00000018   Data   RO          870    .constdata          bsprtc.o
    0x0800f0fc   0x0800f0fc   0x000000ba   Data   RO          925    .constdata          bspwhgm5.o
    0x0800f1b6   0x0800f1b6   0x00000002   PAD
    0x0800f1b8   0x0800f1b8   0x00000198   Data   RO          943    .constdata          bspwifi232b2.o
    0x0800f350   0x0800f350   0x00000038   Data   RO         1545    .constdata          m_ws.l(log.o)
    0x0800f388   0x0800f388   0x00000008   Data   RO         1596    .constdata          m_ws.l(qnan.o)
    0x0800f390   0x0800f390   0x00000020   Data   RO         1603    Region$$Table       anon$$obj.o


    Execution Region RW_IRAM1 (Exec base: 0x20000000, Load base: 0x0800f3b0, Size: 0x0000c668, Max: 0x00018000, ABSOLUTE, COMPRESSED[0x00000048])

    Exec Addr    Load Addr    Size         Type   Attr      Idx    E Section Name        Object

    0x20000000   COMPRESSED   0x00000009   Data   RW          179    .data               modbuscb.o
    0x20000009   COMPRESSED   0x00000003   PAD
    0x2000000c   COMPRESSED   0x00000018   Data   RW          235    .data               airsensor.o
    0x20000024   COMPRESSED   0x00000008   Data   RW          272    .data               cfgthread.o
    0x2000002c   COMPRESSED   0x0000001f   Data   RW          294    .data               devcom.o
    0x2000004b   COMPRESSED   0x00000001   PAD
    0x2000004c   COMPRESSED   0x00000020   Data   RW          315    .data               whgm5.o
    0x2000006c   COMPRESSED   0x0000001c   Data   RW          343    .data               wifi232.o
    0x20000088   COMPRESSED   0x0000000e   Data   RW          362    .data               netthread.o
    0x20000096   COMPRESSED   0x00000002   PAD
    0x20000098   COMPRESSED   0x0000003c   Data   RW          460    .data               tasks.o
    0x200000d4   COMPRESSED   0x00000014   Data   RW          491    .data               timers.o
    0x200000e8   COMPRESSED   0x00000008   Data   RW          506    .data               heap_1.o
    0x200000f0   COMPRESSED   0x00000004   Data   RW          521    .data               port.o
    0x200000f4   COMPRESSED   0x000000b5   Data   RW          551    .data               mb.o
    0x200001a9   COMPRESSED   0x00000003   PAD
    0x200001ac   COMPRESSED   0x0000000c   Data   RW          656    .data               mbrtu.o
    0x200001b8   COMPRESSED   0x00000002   Data   RW          671    .data               portevent.o
    0x200001ba   COMPRESSED   0x00000002   Data   RW          685    .data               portserial.o
    0x200001bc   COMPRESSED   0x00000002   Data   RW          850    .data               bspaircom.o
    0x200001be   COMPRESSED   0x00000002   Data   RW          871    .data               bsprtc.o
    0x200001c0   COMPRESSED   0x00000002   Data   RW          890    .data               bspdevcom.o
    0x200001c2   COMPRESSED   0x00000002   PAD
    0x200001c4   COMPRESSED   0x00000008   Data   RW          926    .data               bspwhgm5.o
    0x200001cc   COMPRESSED   0x0000000c   Data   RW          944    .data               bspwifi232b2.o
    0x200001d8   COMPRESSED   0x00000002   Data   RW          960    .data               bspnetcom.o
    0x200001da   COMPRESSED   0x00000003   Data   RW          977    .data               devupdatecode.o
    0x200001dd   COMPRESSED   0x00000014   Data   RW         1092    .data               stm32f10x_rcc.o
    0x200001f1   COMPRESSED   0x00000003   PAD
    0x200001f4   COMPRESSED   0x00000014   Data   RW         1183    .data               system_stm32f10x.o
    0x20000208   COMPRESSED   0x00000004   Data   RW         1581    .data               mc_w.l(errno.o)
    0x2000020c        -       0x000018d8   Zero   RW          178    .bss                modbuscb.o
    0x20001ae4        -       0x00000010   Zero   RW          270    .bss                cfgthread.o
    0x20001af4        -       0x00000032   Zero   RW          313    .bss                whgm5.o
    0x20001b26   COMPRESSED   0x00000002   PAD
    0x20001b28        -       0x000000c8   Zero   RW          459    .bss                tasks.o
    0x20001bf0        -       0x00000028   Zero   RW          490    .bss                timers.o
    0x20001c18        -       0x00006400   Zero   RW          505    .bss                heap_1.o
    0x20008018        -       0x00000100   Zero   RW          655    .bss                mbrtu.o
    0x20008118        -       0x00000800   Zero   RW          834    .bss                bsp_internalflash.o
    0x20008918        -       0x0000046a   Zero   RW          849    .bss                bspaircom.o
    0x20008d82   COMPRESSED   0x00000002   PAD
    0x20008d84        -       0x00000010   Zero   RW          869    .bss                bsprtc.o
    0x20008d94        -       0x000014f0   Zero   RW          889    .bss                bspdevcom.o
    0x2000a284        -       0x0000002a   Zero   RW          906    .bss                bspdevctl.o
    0x2000a2ae        -       0x00000041   Zero   RW          924    .bss                bspwhgm5.o
    0x2000a2ef   COMPRESSED   0x00000001   PAD
    0x2000a2f0        -       0x00000058   Zero   RW          942    .bss                bspwifi232b2.o
    0x2000a348        -       0x00001a5e   Zero   RW          959    .bss                bspnetcom.o
    0x2000bda6        -       0x000004c2   Zero   RW          976    .bss                devupdatecode.o
    0x2000c268        -       0x00000400   Zero   RW         1212    STACK               startup_stm32f10x_xl.o


==============================================================================

Image component sizes


      Code (inc. data)   RO Data    RW Data    ZI Data      Debug   Object Name

      2096        134          0         24          0      10009   airsensor.o
       328          4          0          0       2048       2642   bsp_internalflash.o
      1472         56          0          2       1130       5276   bspaircom.o
      1376         54          0          2       5360       5132   bspdevcom.o
      2284        126          0          0         42       2181   bspdevctl.o
        44          0          0          0          0        626   bspiwdg.o
        92          6          0          0          0        578   bspled.o
       980         36          0          2       6750       3622   bspnetcom.o
      1128         28         24          2         16       4394   bsprtc.o
       122          0          0          0          0        771   bsptimer.o
      2488        470        186          8         65       6911   bspwhgm5.o
      4016        498        408         12         88      10955   bspwifi232b2.o
      1204         90          9          8         16       5372   cfgthread.o
      1932        178          0         31          0       3028   devcom.o
      4072         96          0          3       1218      27652   devupdatecode.o
         0          0          0          0          0       9392   event_groups.o
       132         12          0          8      25600       1928   heap_1.o
        80         18          0          0          0        653   ledthread.o
       148          0          0          0          0       1846   list.o
        36          0          0          0          0     279272   main.o
       748         96          0        181          0       4782   mb.o
        56          8        512          0          0       1200   mbcrc.o
       316          0          0          0          0       3281   mbfuncholding.o
       140          0          0          0          0       1579   mbfuncinput.o
       616         28          0         12        256       3725   mbrtu.o
       172          0          0          0          0       1954   mbutils.o
       220         22          0          0          0       2013   misc.o
       864         58          0          9       6360      19105   modbuscb.o
       524         74          0         14          0       1422   netthread.o
       216          0          0          0          0        810   nvic.o
       382         28          0          4          0       6988   port.o
        60          8          0          2          0       1512   portevent.o
       684         38          0          2          0       3885   portserial.o
        76          6          0          0          0       1045   porttimer.o
      1880         10          0          0          0      11463   queue.o
        36          8        304          0       1024        940   startup_stm32f10x_xl.o
       196          8          0          0          0       3712   stm32f10x_bkp.o
      2284         46          0          0          0       9927   stm32f10x_flash.o
       860         38          0          0          0       5945   stm32f10x_gpio.o
        26          0          0          0          0       1507   stm32f10x_it.o
        64          6          0          0          0       1357   stm32f10x_iwdg.o
       204         14          0          0          0       2035   stm32f10x_pwr.o
       936         38          0         20          0       9152   stm32f10x_rcc.o
       328          4          0          0          0       2806   stm32f10x_rtc.o
      3610         88          0          0          0      23052   stm32f10x_tim.o
      1032         22          0          0          0       8672   stm32f10x_usart.o
       484         42          0         20          0       2039   system_stm32f10x.o
      4480        268          0         60        200      28907   tasks.o
      1100         56          0         20         40       7723   timers.o
       460        100          4         32         50       4283   whgm5.o
       444         66          0         28          0       1324   wifi232.o

    ----------------------------------------------------------------------
     47536       2986       1484        520      50268     560385   Object Totals
         0          0         32          0          0          0   (incl. Generated)
         8          0          5         14          5          0   (incl. Padding)

    ----------------------------------------------------------------------

      Code (inc. data)   RO Data    RW Data    ZI Data      Debug   Library Member Name

        34          4          0          0          0        204   dunder.o
       860         52         56          0          0        256   log.o
       228         30          0          0          0        120   log10.o
       170          0          0          0          0         96   poly.o
         0          0          8          0          0          0   qnan.o
        86          0          0          0          0          0   __dczerorl2.o
         0          0          0          0          0          0   entry.o
         0          0          0          0          0          0   entry10a.o
         0          0          0          0          0          0   entry11a.o
         8          4          0          0          0          0   entry2.o
         4          0          0          0          0          0   entry5.o
         0          0          0          0          0          0   entry7b.o
         0          0          0          0          0          0   entry8b.o
         8          4          0          0          0          0   entry9a.o
        12          6          0          4          0         68   errno.o
        30          0          0          0          0          0   handlers.o
        36          8          0          0          0         68   init.o
         0          0          0          0          0          0   iusefp.o
        30          0          0          0          0         68   llshl.o
        36          0          0          0          0         68   llsshr.o
        32          0          0          0          0         68   llushr.o
        26          0          0          0          0         80   memcmp.o
        36          0          0          0          0         68   memcpya.o
        36          0          0          0          0        108   memseta.o
       754         52          0          0          0        252   printf5.o
        28          0          0          0          0         76   strcmp.o
        18          0          0          0          0         68   strcpy.o
        14          0          0          0          0         68   strlen.o
        30          0          0          0          0         80   strncmp.o
        24          0          0          0          0         76   strncpy.o
        36          0          0          0          0         80   strstr.o
        98          0          0          0          0         92   uldiv.o
        48          0          0          0          0         68   cdcmple.o
        48          0          0          0          0         68   cdrcmple.o
        56          0          0          0          0         88   d2f.o
       334          0          0          0          0        148   dadd.o
       222          0          0          0          0        100   ddiv.o
       186          0          0          0          0        176   depilogue.o
        34          0          0          0          0         76   dflti.o
       228          0          0          0          0         96   dmul.o
        46          0          0          0          0         80   dscalb.o
        38          0          0          0          0         68   f2d.o
       110          0          0          0          0        168   fepilogue.o
        50          0          0          0          0         68   ffixi.o

    ----------------------------------------------------------------------
      4084        160         64          4          0       3268   Library Totals
        10          0          0          0          0          0   (incl. Padding)

    ----------------------------------------------------------------------

      Code (inc. data)   RO Data    RW Data    ZI Data      Debug   Library Name

      1292         86         64          0          0        676   m_ws.l
      1382         74          0          4          0       1388   mc_w.l
      1400          0          0          0          0       1204   mf_w.l

    ----------------------------------------------------------------------
      4084        160         64          4          0       3268   Library Totals

    ----------------------------------------------------------------------

==============================================================================


      Code (inc. data)   RO Data    RW Data    ZI Data      Debug   

     51620       3146       1548        524      50268     557385   Grand Totals
     51620       3146       1548         72      50268     557385   ELF Image Totals (compressed)
     51620       3146       1548         72          0          0   ROM Totals

==============================================================================

    Total RO  Size (Code + RO Data)                53168 (  51.92kB)
    Total RW  Size (RW Data + ZI Data)             50792 (  49.60kB)
    Total ROM Size (Code + RO Data + RW Data)      53240 (  51.99kB)

==============================================================================

