Component: ARM Compiler 5.06 update 6 (build 750) Tool: armlink [4d35ed]

==============================================================================

Section Cross References

    main.o(.text) refers to nvic.o(.text) for NVIC_Configuration
    main.o(.text) refers to ledthread.o(.text) for ledthread_init
    main.o(.text) refers to modbuscb.o(.text) for modbus_init
    main.o(.text) refers to cfgthread.o(.text) for cfgThread_init
    main.o(.text) refers to netthread.o(.text) for netThread_init
    main.o(.text) refers to airsensor.o(.text) for airSensorThread_init
    main.o(.text) refers to devcom.o(.text) for devComThread_init
    main.o(.text) refers to tasks.o(.text) for vTaskStartScheduler
    ledthread.o(.text) refers to bspled.o(.text) for bspLedInit
    ledthread.o(.text) refers to tasks.o(.text) for vTaskDelay
    ledthread.o(.text) refers to bspiwdg.o(.text) for IWDG_Feed
    modbuscb.o(.text) refers to mb.o(.text) for eMBInit
    modbuscb.o(.text) refers to devupdatecode.o(.text) for DevUpdate
    modbuscb.o(.text) refers to tasks.o(.text) for vTaskDelay
    modbuscb.o(.text) refers to queue.o(.text) for xQueueGenericCreate
    modbuscb.o(.text) refers to memcpya.o(.text) for __aeabi_memcpy
    modbuscb.o(.text) refers to devupdatecode.o(.bss) for g_updatePara
    modbuscb.o(.text) refers to portserial.o(.data) for g_mbRcved
    modbuscb.o(.text) refers to modbuscb.o(.bss) for usRegHoldingBuf
    modbuscb.o(.text) refers to modbuscb.o(.data) for timCount
    modbuscb.o(.text) refers to cfgthread.o(.data) for g_Config_Queue
    airsensor.o(.text) refers to memcpya.o(.text) for __aeabi_memcpy
    airsensor.o(.text) refers to memcmp.o(.text) for memcmp
    airsensor.o(.text) refers to queue.o(.text) for xQueueGenericSend
    airsensor.o(.text) refers to bspaircom.o(.bss) for Air_Para
    airsensor.o(.text) refers to modbuscb.o(.bss) for usRegHoldingBuf
    airsensor.o(.text) refers to modbuscb.o(.data) for g_modbusWriteFlag
    airsensor.o(.text) refers to airsensor.o(.data) for Air_Snd_Queue
    airsensor.o(.text) refers to bspaircom.o(.text) for Air_485_Config
    airsensor.o(.text) refers to tasks.o(.text) for xTaskGetTickCount
    airsensor.o(.text) refers to timers.o(.text) for xTimerGenericCommand
    airsensor.o(.text) refers to memseta.o(.text) for __aeabi_memclr4
    cfgthread.o(.text) refers to memseta.o(.text) for __aeabi_memclr4
    cfgthread.o(.text) refers to queue.o(.text) for xQueueGenericSend
    cfgthread.o(.text) refers to bsp_internalflash.o(.text) for STMFLASH_Write
    cfgthread.o(.text) refers to memcpya.o(.text) for __aeabi_memcpy
    cfgthread.o(.text) refers to bsprtc.o(.text) for RTC_Set
    cfgthread.o(.text) refers to memcmp.o(.text) for memcmp
    cfgthread.o(.text) refers to bspnetcom.o(.text) for net_change_IP
    cfgthread.o(.text) refers to devcom.o(.data) for Dev_Snd_Queue
    cfgthread.o(.text) refers to airsensor.o(.data) for Air_Snd_Queue
    cfgthread.o(.text) refers to modbuscb.o(.bss) for usRegHoldingBuf
    cfgthread.o(.text) refers to cfgthread.o(.constdata) for .constdata
    cfgthread.o(.text) refers to bspnetcom.o(.data) for g_netModule
    cfgthread.o(.text) refers to bspwifi232b2.o(.bss) for wifi232b2Para
    cfgthread.o(.text) refers to bsprtc.o(.bss) for calendar
    cfgthread.o(.text) refers to modbuscb.o(.data) for g_modbusWriteFlag
    cfgthread.o(.text) refers to cfgthread.o(.bss) for tempBuf
    cfgthread.o(.text) refers to tasks.o(.text) for vTaskDelay
    cfgthread.o(.text) refers to cfgthread.o(.data) for g_SysRegOpt_Mutex
    devcom.o(.text) refers to timers.o(.text) for xTimerGenericCommand
    devcom.o(.text) refers to queue.o(.text) for xQueueGenericReceive
    devcom.o(.text) refers to memcpya.o(.text) for __aeabi_memcpy
    devcom.o(.text) refers to bspdevcom.o(.text) for Dev_485_Config
    devcom.o(.text) refers to tasks.o(.text) for vTaskDelay
    devcom.o(.text) refers to devupdatecode.o(.text) for SlaveDevDateCodeSend
    devcom.o(.text) refers to bspdevcom.o(.bss) for Dev_Para
    devcom.o(.text) refers to modbuscb.o(.bss) for usRegHoldingBuf
    devcom.o(.text) refers to modbuscb.o(.data) for g_modbusWriteFlag
    devcom.o(.text) refers to airsensor.o(.data) for g_handChangeFlag
    devcom.o(.text) refers to devcom.o(.data) for Dev_Query_Timer
    devcom.o(.text) refers to devupdatecode.o(.bss) for g_updatePara
    devcom.o(.text) refers to bspdevctl.o(.text) for bsp_dev_ctl
    whgm5.o(.text) refers to tasks.o(.text) for vTaskDelay
    whgm5.o(.text) refers to memcpya.o(.text) for __aeabi_memcpy
    whgm5.o(.text) refers to bspwhgm5.o(.text) for bspWhgm5_Rcv_Cmd
    whgm5.o(.text) refers to bspnetcom.o(.text) for net_rcv_data_handle
    whgm5.o(.text) refers to memseta.o(.text) for __aeabi_memclr
    whgm5.o(.text) refers to whgm5.o(.constdata) for .constdata
    whgm5.o(.text) refers to bspwhgm5.o(.bss) for Whgm5_Com_Para
    whgm5.o(.text) refers to whgm5.o(.bss) for temptemp
[...]
    vPortSVCHandler                          0x08002545   Thumb Code    32  port.o(.emb_text)
    __asm___6_port_c_39a90d8d__prvStartFirstTask 0x08002569   Thumb Code    28  port.o(.emb_text)
    xPortPendSVHandler                       0x08002589   Thumb Code    72  port.o(.emb_text)
    vPortGetIPSR                             0x080025d5   Thumb Code     6  port.o(.emb_text)
    wait                                     0x080025dd   Thumb Code     2  stm32f10x_it.o(.emb_text)
    main                                     0x080025df   Thumb Code    36  main.o(.text)
    ledthread_init                           0x0800261d   Thumb Code    38  ledthread.o(.text)
    Modbus_Task                              0x08002655   Thumb Code   148  modbuscb.o(.text)
    modbus_init                              0x080026e9   Thumb Code    62  modbuscb.o(.text)
    eMBRegHoldingCB                          0x08002727   Thumb Code   516  modbuscb.o(.text)
    eMBRegInputCB                            0x0800292b   Thumb Code    70  modbuscb.o(.text)
    write_holdReg_handle                     0x08002971   Thumb Code     6  modbuscb.o(.text)
    air_data_update                          0x080029ad   Thumb Code  1134  airsensor.o(.text)
    air_para_query                           0x08002e9d   Thumb Code   340  airsensor.o(.text)
    air_rsp_timeOut                          0x08002ff1   Thumb Code    26  airsensor.o(.text)
    airSensorThread_init                     0x0800300b   Thumb Code   212  airsensor.o(.text)
    write_device                             0x08003149   Thumb Code   244  cfgthread.o(.text)
    set_dev_num                              0x0800323d   Thumb Code    74  cfgthread.o(.text)
    set_para_default                         0x08003287   Thumb Code    20  cfgthread.o(.text)
    write_flash                              0x0800329b   Thumb Code    96  cfgthread.o(.text)
    read_flash                               0x080032fb   Thumb Code   122  cfgthread.o(.text)
    sysTimUpdate                             0x08003375   Thumb Code   416  cfgthread.o(.text)
    sysConfig                                0x08003515   Thumb Code   132  cfgthread.o(.text)
    cfgThread_init                           0x08003643   Thumb Code   106  cfgthread.o(.text)
    dev_data_update                          0x080036dd   Thumb Code   708  devcom.o(.text)
    dev_para_query                           0x08003abd   Thumb Code   266  devcom.o(.text)
    dev_rsp_timeout                          0x08003bc7   Thumb Code    26  devcom.o(.text)
    devComThread_init                        0x08003be1   Thumb Code   276  devcom.o(.text)
    Whgm5_Thread_Init                        0x08003e87   Thumb Code    64  whgm5.o(.text)
    Wifi232_Thread_Init                      0x08004083   Thumb Code    36  wifi232.o(.text)
    netThread_init                           0x0800426d   Thumb Code    70  netthread.o(.text)
    vListInitialise                          0x080042fd   Thumb Code    26  list.o(.text)
    vListInitialiseItem                      0x08004317   Thumb Code     6  list.o(.text)
    vListInsertEnd                           0x0800431d   Thumb Code    24  list.o(.text)
    vListInsert                              0x08004335   Thumb Code    52  list.o(.text)
    uxListRemove                             0x08004369   Thumb Code    40  list.o(.text)
    xQueueGenericReset                       0x08004391   Thumb Code   122  queue.o(.text)
    xQueueGenericCreate                      0x08004431   Thumb Code    56  queue.o(.text)
    xQueueGenericSend                        0x08004581   Thumb Code   276  queue.o(.text)
    xQueueCreateMutex                        0x080046b1   Thumb Code    34  queue.o(.text)
    xQueueGenericSendFromISR                 0x080046d3   Thumb Code   134  queue.o(.text)
    xQueueGiveFromISR                        0x08004759   Thumb Code   124  queue.o(.text)
    xQueueGenericReceive                     0x08004819   Thumb Code   342  queue.o(.text)
    xQueueReceiveFromISR                     0x0800496f   Thumb Code   130  queue.o(.text)
    xQueuePeekFromISR                        0x080049f1   Thumb Code    74  queue.o(.text)
    uxQueueMessagesWaiting                   0x08004a3b   Thumb Code    18  queue.o(.text)
    uxQueueSpacesAvailable                   0x08004a4d   Thumb Code    24  queue.o(.text)
    uxQueueMessagesWaitingFromISR            0x08004a65   Thumb Code     6  queue.o(.text)
    vQueueDelete                             0x08004a6b   Thumb Code    14  queue.o(.text)
    xQueueIsQueueEmptyFromISR                0x08004a79   Thumb Code    14  queue.o(.text)
    xQueueIsQueueFullFromISR                 0x08004a87   Thumb Code    18  queue.o(.text)
    vQueueWaitForMessageRestricted           0x08004a99   Thumb Code    74  queue.o(.text)
    xTaskCreate                              0x08004c55   Thumb Code    96  tasks.o(.text)
    vTaskDelete                              0x08004cf1   Thumb Code   166  tasks.o(.text)
    xTaskIncrementTick                       0x08004d97   Thumb Code   238  tasks.o(.text)
    xTaskResumeAll                           0x08004e85   Thumb Code   282  tasks.o(.text)
    vTaskSuspendAll                          0x0800501b   Thumb Code    12  tasks.o(.text)
    vTaskDelayUntil                          0x08005027   Thumb Code   106  tasks.o(.text)
    vTaskDelay                               0x08005091   Thumb Code    46  tasks.o(.text)
    uxTaskPriorityGet                        0x080050bf   Thumb Code    30  tasks.o(.text)
    uxTaskPriorityGetFromISR                 0x080050dd   Thumb Code    52  tasks.o(.text)
    vTaskPrioritySet                         0x08005111   Thumb Code   226  tasks.o(.text)
    vTaskSwitchContext                       0x080051f3   Thumb Code    76  tasks.o(.text)
    vTaskSuspend                             0x0800523f   Thumb Code   160  tasks.o(.text)
    vTaskResume                              0x08005317   Thumb Code   172  tasks.o(.text)
    xTaskResumeFromISR                       0x080053c3   Thumb Code   130  tasks.o(.text)
    vTaskStartScheduler                      0x080054bb   Thumb Code    82  tasks.o(.text)
    vTaskEndScheduler                        0x0800550d   Thumb Code    32  tasks.o(.text)
    xTaskGetTickCount                        0x0800552d   Thumb Code     6  tasks.o(.text)
    xTaskGetTickCountFromISR                 0x08005533   Thumb Code     8  tasks.o(.text)
    uxTaskGetNumberOfTasks                   0x0800553b   Thumb Code     6  tasks.o(.text)
    pcTaskGetName                            0x08005541   Thumb Code    20  tasks.o(.text)
    vTaskPlaceOnEventList                    0x08005555   Thumb Code    28  tasks.o(.text)
    vTaskPlaceOnUnorderedEventList           0x08005571   Thumb Code    40  tasks.o(.text)
    vTaskPlaceOnEventListRestricted          0x08005599   Thumb Code    36  tasks.o(.text)
    xTaskRemoveFromEventList                 0x080055bd   Thumb Code   104  tasks.o(.text)
    xTaskRemoveFromUnorderedEventList        0x08005625   Thumb Code    94  tasks.o(.text)
    vTaskSetTimeOutState                     0x08005683   Thumb Code    14  tasks.o(.text)
    xTaskCheckForTimeOut                     0x08005691   Thumb Code    84  tasks.o(.text)
    vTaskMissedYield                         0x080056e5   Thumb Code     8  tasks.o(.text)
    uxTaskGetStackHighWaterMark              0x08005703   Thumb Code    34  tasks.o(.text)
    xTaskGetCurrentTaskHandle                0x08005725   Thumb Code     6  tasks.o(.text)
    xTaskGetSchedulerState                   0x0800572b   Thumb Code    24  tasks.o(.text)
    vTaskPriorityInherit                     0x08005743   Thumb Code   238  tasks.o(.text)
    xTaskPriorityDisinherit                  0x08005831   Thumb Code   122  tasks.o(.text)
    uxTaskResetEventItemValue                0x080058ab   Thumb Code    24  tasks.o(.text)
    pvTaskIncrementMutexHeldCount            0x080058c3   Thumb Code    26  tasks.o(.text)
    ulTaskNotifyTake                         0x080058dd   Thumb Code   108  tasks.o(.text)
    xTaskNotifyWait                          0x08005949   Thumb Code   150  tasks.o(.text)
    xTaskGenericNotify                       0x080059df   Thumb Code   178  tasks.o(.text)
    xTaskGenericNotifyFromISR                0x08005a91   Thumb Code   228  tasks.o(.text)
    vTaskNotifyGiveFromISR                   0x08005b75   Thumb Code   184  tasks.o(.text)
    xTaskNotifyStateClear                    0x08005c2d   Thumb Code    48  tasks.o(.text)
    xTimerGenericCommand                     0x08005cb9   Thumb Code   102  timers.o(.text)
    xTimerCreateTimerTask                    0x08005f9b   Thumb Code    40  timers.o(.text)
    xTimerCreate                             0x08005ff1   Thumb Code    48  timers.o(.text)
    xTimerGetTimerDaemonTaskHandle           0x08006021   Thumb Code     6  timers.o(.text)
    xTimerGetPeriod                          0x08006027   Thumb Code     8  timers.o(.text)
    xTimerGetExpiryTime                      0x0800602f   Thumb Code     8  timers.o(.text)
    pcTimerGetName                           0x08006037   Thumb Code     8  timers.o(.text)
    xTimerIsTimerActive                      0x0800603f   Thumb Code    32  timers.o(.text)
    pvTimerGetTimerID                        0x0800605f   Thumb Code    66  timers.o(.text)
    vTimerSetTimerID                         0x080060a1   Thumb Code    20  timers.o(.text)
    pvPortMalloc                             0x080060b5   Thumb Code    98  heap_1.o(.text)
    vPortFree                                0x08006117   Thumb Code     2  heap_1.o(.text)
    vPortInitialiseBlocks                    0x08006119   Thumb Code     8  heap_1.o(.text)
    xPortGetFreeHeapSize                     0x08006121   Thumb Code    12  heap_1.o(.text)
    pxPortInitialiseStack                    0x0800614f   Thumb Code    30  port.o(.text)
    vPortSetupTimerInterrupt                 0x0800616d   Thumb Code    14  port.o(.text)
    xPortStartScheduler                      0x0800617b   Thumb Code    42  port.o(.text)
    vPortEndScheduler                        0x080061a5   Thumb Code     2  port.o(.text)
    vPortEnterCritical                       0x080061a7   Thumb Code    30  port.o(.text)
    vPortExitCritical                        0x080061c5   Thumb Code    28  port.o(.text)
    xPortSysTickHandler                      0x080061e1   Thumb Code    48  port.o(.text)
    eMBInit                                  0x08006221   Thumb Code   150  mb.o(.text)
    eMBRegisterCB                            0x080062b7   Thumb Code   128  mb.o(.text)
    eMBClose                                 0x08006337   Thumb Code    32  mb.o(.text)
    eMBEnable                                0x08006357   Thumb Code    32  mb.o(.text)
    eMBDisable                               0x08006377   Thumb Code    42  mb.o(.text)
    eMBPoll                                  0x080063a1   Thumb Code   268  mb.o(.text)
    eMBFuncWriteHoldingRegister              0x0800650d   Thumb Code    66  mbfuncholding.o(.text)
    eMBFuncWriteMultipleHoldingRegister      0x0800654f   Thumb Code   110  mbfuncholding.o(.text)
    eMBFuncReadHoldingRegister               0x080065bd   Thumb Code   140  mbfuncholding.o(.text)
    eMBFuncReadInputRegister                 0x08006649   Thumb Code   140  mbfuncinput.o(.text)
    xMBUtilSetBits                           0x080066d5   Thumb Code    96  mbutils.o(.text)
    xMBUtilGetBits                           0x08006735   Thumb Code    42  mbutils.o(.text)
    prveMBError2Exception                    0x0800675f   Thumb Code    34  mbutils.o(.text)
    usMBCRC16                                0x08006781   Thumb Code    48  mbcrc.o(.text)
    eMBRTUInit                               0x080067b9   Thumb Code    80  mbrtu.o(.text)
    eMBRTUStart                              0x08006809   Thumb Code    26  mbrtu.o(.text)
    eMBRTUStop                               0x08006823   Thumb Code    20  mbrtu.o(.text)
    eMBRTUReceive                            0x08006837   Thumb Code    66  mbrtu.o(.text)
    eMBRTUSend                               0x08006879   Thumb Code   120  mbrtu.o(.text)
    xMBRTUReceiveFSM                         0x080068f1   Thumb Code   122  mbrtu.o(.text)
    xMBRTUTransmitFSM                        0x0800696b   Thumb Code    94  mbrtu.o(.text)
    xMBRTUTimerT35Expired                    0x080069c9   Thumb Code    60  mbrtu.o(.text)
    xMBPortEventInit                         0x08006a21   Thumb Code    10  portevent.o(.text)
    xMBPortEventPost                         0x08006a2b   Thumb Code    16  portevent.o(.text)
    xMBPortEventGet                          0x08006a3b   Thumb Code    26  portevent.o(.text)
    Modbus_485_Config                        0x08006a5d   Thumb Code   164  portserial.o(.text)
    vMBPortSerialEnable                      0x08006b01   Thumb Code    98  portserial.o(.text)
    xMBPortSerialInit                        0x08006b63   Thumb Code    24  portserial.o(.text)
    xMBPortSerialPutByte                     0x08006b7b   Thumb Code    30  portserial.o(.text)
    xMBPortSerialGetByte                     0x08006b99   Thumb Code    16  portserial.o(.text)
    MBPortSerialSend                         0x08006ba9   Thumb Code    56  portserial.o(.text)
    UART5_IRQHandler                         0x08006bf5   Thumb Code   238  portserial.o(.text)
    xMBPortTimersInit                        0x08006d09   Thumb Code    28  porttimer.o(.text)
    vMBPortTimersEnable                      0x08006d25   Thumb Code     8  porttimer.o(.text)
    vMBPortTimersDisable                     0x08006d2d   Thumb Code     8  porttimer.o(.text)
    TIM2_IRQHandler                          0x08006d3f   Thumb Code    16  porttimer.o(.text)
    bspLedInit                               0x08006d55   Thumb Code    48  bspled.o(.text)
    bspLedToggle                             0x08006d85   Thumb Code    38  bspled.o(.text)
    NVIC_Configuration                       0x08006db1   Thumb Code   184  nvic.o(.text)
    set_dev_priority                         0x08006e69   Thumb Code    36  nvic.o(.text)
    bspTIM2Init                              0x08006e8d   Thumb Code    50  bsptimer.o(.text)
    bspTIM2Enable                            0x08006ebf   Thumb Code    40  bsptimer.o(.text)
    bspTIM2Disable                           0x08006ee7   Thumb Code    32  bsptimer.o(.text)
    IWDG_Init                                0x08006f07   Thumb Code    36  bspiwdg.o(.text)
    IWDG_Feed                                0x08006f2b   Thumb Code     8  bspiwdg.o(.text)
    STMFLASH_ReadHalfWord                    0x08006f35   Thumb Code     6  bsp_internalflash.o(.text)
    STMFLASH_Write_NoCheck                   0x08006f3b   Thumb Code    38  bsp_internalflash.o(.text)
    STMFLASH_Read                            0x08006f61   Thumb Code    34  bsp_internalflash.o(.text)
    STMFLASH_Write                           0x08006f83   Thumb Code   230  bsp_internalflash.o(.text)
    Test_Write                               0x08007069   Thumb Code    16  bsp_internalflash.o(.text)
    Air_Snd_Buf                              0x080071b7   Thumb Code    46  bspaircom.o(.text)
    Air_TX_Service                           0x080071e5   Thumb Code   278  bspaircom.o(.text)
    Air_RX_Service                           0x080072fb   Thumb Code   304  bspaircom.o(.text)
    Air_485_Config                           0x0800742b   Thumb Code   192  bspaircom.o(.text)
    UART4_IRQHandler                         0x080074eb   Thumb Code   314  bspaircom.o(.text)
    RTC_Get_Week                             0x0800767b   Thumb Code   116  bsprtc.o(.text)
    Is_Leap_Year                             0x080076ef   Thumb Code    58  bsprtc.o(.text)
    RTC_Get                                  0x08007729   Thumb Code   240  bsprtc.o(.text)
    RTC_Set                                  0x08007819   Thumb Code   184  bsprtc.o(.text)
    RTC_Init                                 0x080078d1   Thumb Code   192  bsprtc.o(.text)
    RTC_IRQHandler                           0x08007991   Thumb Code    54  bsprtc.o(.text)
    RTC_Alarm_Set                            0x080079c7   Thumb Code   184  bsprtc.o(.text)
    Dev_Snd_Buf                              0x08007b85   Thumb Code    52  bspdevcom.o(.text)
    Dev_TX_Service                           0x08007bb9   Thumb Code   278  bspdevcom.o(.text)
    Dev_RX_Service                           0x08007ccf   Thumb Code   238  bspdevcom.o(.text)
    Dev_485_Config                           0x08007dbd   Thumb Code   166  bspdevcom.o(.text)
    USART1_IRQHandler                        0x08007e63   Thumb Code   380  bspdevcom.o(.text)
    Dew_point_Fun                            0x08007ffd   Thumb Code   246  bspdevctl.o(.text)
    bsp_dev_ctl                              0x080080f3   Thumb Code  1540  bspdevctl.o(.text)
    bsp_dev_schedule                         0x080086f7   Thumb Code   212  bspdevctl.o(.text)
    bspWhgm5_gpio_init                       0x080087e1   Thumb Code   108  bspwhgm5.o(.text)
    bspWhgm5_Snd_Buf                         0x0800884d   Thumb Code    48  bspwhgm5.o(.text)
    bspWhgm5_Snd_Cmd                         0x0800887d   Thumb Code    30  bspwhgm5.o(.text)
    bspWhgm5_Set_Heart_Dat                   0x08008a59   Thumb Code    24  bspwhgm5.o(.text)
    bspWhgm5_Usart_Init                      0x08008a71   Thumb Code   146  bspwhgm5.o(.text)
    bspWhgm5_Init                            0x08008b03   Thumb Code    28  bspwhgm5.o(.text)
    bspWhgm5_Reload                          0x08008b1f   Thumb Code    32  bspwhgm5.o(.text)
    bspWhgm5_Reset                           0x08008b3f   Thumb Code    30  bspwhgm5.o(.text)
    CheckXOR8                                0x08008b5d   Thumb Code    26  bspwhgm5.o(.text)
    str2Hex                                  0x08008b77   Thumb Code    48  bspwhgm5.o(.text)
    bspWhgm5_Set_TCP_Para                    0x08008bb7   Thumb Code   378  bspwhgm5.o(.text)
    bspWhgm5_Change_IP                       0x08008d31   Thumb Code    94  bspwhgm5.o(.text)
    bspWhgm5_Chk_Sta                         0x08008d8f   Thumb Code    68  bspwhgm5.o(.text)
    bspWhgm5_Rcv_Cmd                         0x08008dd3   Thumb Code   286  bspwhgm5.o(.text)
    bspWhgm5_State_Machine                   0x08008ef1   Thumb Code   140  bspwhgm5.o(.text)
    bspWhgm5_DeInit                          0x08008f7d   Thumb Code    18  bspwhgm5.o(.text)
    USART2_IRQHandler                        0x08008f8f   Thumb Code   270  bspwhgm5.o(.text)
    Wifi232b2_DeInit                         0x08009105   Thumb Code    18  bspwifi232b2.o(.text)
    wifi232b2_gpio_cfg                       0x08009117   Thumb Code   138  bspwifi232b2.o(.text)
    wifi232b2_usart_cfg                      0x080091a1   Thumb Code   152  bspwifi232b2.o(.text)
    USART3_IRQHandler                        0x08009239   Thumb Code   280  bspwifi232b2.o(.text)
    Usart_SendByte                           0x08009351   Thumb Code    30  bspwifi232b2.o(.text)
    Usart_SendArray                          0x0800936f   Thumb Code    48  bspwifi232b2.o(.text)
    delay_ms                                 0x0800939f   Thumb Code    10  bspwifi232b2.o(.text)
    wifi232b2_key_scan                       0x080093a9   Thumb Code    56  bspwifi232b2.o(.text)
    wifi232_Send                             0x080093e1   Thumb Code    44  bspwifi232b2.o(.text)
    Wait_Wifi232b2_Ready                     0x0800956d   Thumb Code    32  bspwifi232b2.o(.text)
    wifi232b2_Reset                          0x0800958d   Thumb Code    86  bspwifi232b2.o(.text)
    wifi232b2_Reload                         0x080095e3   Thumb Code    30  bspwifi232b2.o(.text)
    set_Tcp_Para                             0x08009c6f   Thumb Code    46  bspwifi232b2.o(.text)
    wifi232b2_chg_ip                         0x08009c9d   Thumb Code    16  bspwifi232b2.o(.text)
    wifi232b2_Con_Wifi                       0x08009cad   Thumb Code   336  bspwifi232b2.o(.text)
    check_Wifi232b2_Status                   0x08009dfd   Thumb Code   174  bspwifi232b2.o(.text)
    wifi232b2_State_Machine                  0x08009eab   Thumb Code   184  bspwifi232b2.o(.text)
    wifi232b2_Init                           0x08009f63   Thumb Code   104  bspwifi232b2.o(.text)
    WIFI_Task                                0x08009fcb   Thumb Code   122  bspwifi232b2.o(.text)
    net_change_IP                            0x0800a05d   Thumb Code    46  bspnetcom.o(.text)
    net_snd_buf                              0x0800a08b   Thumb Code   114  bspnetcom.o(.text)
    net_snd_info                             0x0800a0fd   Thumb Code   178  bspnetcom.o(.text)
    net_rcv_data_handle                      0x0800a1af   Thumb Code   596  bspnetcom.o(.text)
    SlaveDevUpDateCode_Init                  0x0800a429   Thumb Code    12  devupdatecode.o(.text)
    DevUpDateCode_Init                       0x0800a435   Thumb Code    12  devupdatecode.o(.text)
    GetGetSlaveDevUpDateCodeFream_ComType    0x0800a441   Thumb Code     6  devupdatecode.o(.text)
    SetGetSlaveDevUpDateCodeFream_ComType    0x0800a447   Thumb Code     8  devupdatecode.o(.text)
    GetDevUpDateCodeFream_UpDateCodeStatus   0x0800a44f   Thumb Code    22  devupdatecode.o(.text)
    GetDevUpDateCodeFream_NowSegLen          0x0800a465   Thumb Code    34  devupdatecode.o(.text)
    GetDevUpDateCodeFream_SessionNum         0x0800a487   Thumb Code    22  devupdatecode.o(.text)
    GetDevUpDateCodeFream_NowSegNum          0x0800a49d   Thumb Code    58  devupdatecode.o(.text)
    GetDevUpDateCodeFream_TotalSegNum        0x0800a4d7   Thumb Code    58  devupdatecode.o(.text)
    SlaveDevUpDateCode_TimeClr               0x0800a511   Thumb Code    10  devupdatecode.o(.text)
    IsSlaveDevDateCodeOK                     0x0800a51b   Thumb Code    32  devupdatecode.o(.text)
    IsGetSlaveDevUpDateCodeFream_UpDateCodeStatusOk 0x0800a53b   Thumb Code    50  devupdatecode.o(.text)
    GetDevUpDateCodeFream_FunCode            0x0800a56d   Thumb Code    22  devupdatecode.o(.text)
    GetGetDevUpDateCodeFream_ComType         0x0800a583   Thumb Code     6  devupdatecode.o(.text)
    SetGetDevUpDateCodeFream_ComType         0x0800a589   Thumb Code     8  devupdatecode.o(.text)
    DevUpDateCode_TimeClr                    0x0800a591   Thumb Code    10  devupdatecode.o(.text)
    IsGetDevUpDateCodeFream_UpDateCodeStatusOk 0x0800a59b   Thumb Code    50  devupdatecode.o(.text)
    GetDevUpDateCodeFream_Handle             0x0800a5cd   Thumb Code  2270  devupdatecode.o(.text)
    DevUpdate                                0x0800aeab   Thumb Code    86  devupdatecode.o(.text)
    DevConfigureConVar_Init                  0x0800af01   Thumb Code     8  devupdatecode.o(.text)
    Set_Fist_Init_Flag                       0x0800af09   Thumb Code    10  devupdatecode.o(.text)
    DevConfigureHandle                       0x0800af13   Thumb Code     2  devupdatecode.o(.text)
    Set_DevUpDateCode_Status                 0x0800af15   Thumb Code     6  devupdatecode.o(.text)
    Set_SlaveDevUpDateCode_Status            0x0800af1b   Thumb Code     6  devupdatecode.o(.text)
    DevUpDateCode_TimeCount                  0x0800af21   Thumb Code    30  devupdatecode.o(.text)
    IsDevUpDateCode_TimeOver                 0x0800af3f   Thumb Code    28  devupdatecode.o(.text)
    IsSlaveDevUpDateCode_TimeOver            0x0800af5b   Thumb Code    28  devupdatecode.o(.text)
    SetSlaveDateCodeComErr                   0x0800af77   Thumb Code     8  devupdatecode.o(.text)
    IsSlaveDateCodeComErrStatus              0x0800af7f   Thumb Code     8  devupdatecode.o(.text)
    SlaveDateCodeComBackHandle               0x0800af87   Thumb Code   246  devupdatecode.o(.text)
    IsSlaveDevDateCode                       0x0800b07d   Thumb Code     6  devupdatecode.o(.text)
    DevUpDateCodeHandle                      0x0800b083   Thumb Code   150  devupdatecode.o(.text)
    SlaveDevUpDateCodeHandle                 0x0800b119   Thumb Code   152  devupdatecode.o(.text)
    SlaveDevDateCodeSend                     0x0800b1b1   Thumb Code   552  devupdatecode.o(.text)
    IsGetDevUpDateCodeFream_NowSegLenOk      0x0800b3d9   Thumb Code    28  devupdatecode.o(.text)
    NVIC_PriorityGroupConfig                 0x0800b411   Thumb Code    10  misc.o(.text)
    NVIC_Init                                0x0800b41b   Thumb Code   100  misc.o(.text)
    NVIC_SetVectorTable                      0x0800b47f   Thumb Code    14  misc.o(.text)
    NVIC_SystemLPConfig                      0x0800b48d   Thumb Code    34  misc.o(.text)
    SysTick_CLKSourceConfig                  0x0800b4af   Thumb Code    40  misc.o(.text)
    FLASH_SetLatency                         0x0800b4ed   Thumb Code    18  stm32f10x_flash.o(.text)
    FLASH_HalfCycleAccessCmd                 0x0800b4ff   Thumb Code    22  stm32f10x_flash.o(.text)
    FLASH_PrefetchBufferCmd                  0x0800b515   Thumb Code    22  stm32f10x_flash.o(.text)
    FLASH_Unlock                             0x0800b52b   Thumb Code    20  stm32f10x_flash.o(.text)
    FLASH_UnlockBank1                        0x0800b53f   Thumb Code    12  stm32f10x_flash.o(.text)
    FLASH_UnlockBank2                        0x0800b54b   Thumb Code    12  stm32f10x_flash.o(.text)
    FLASH_Lock                               0x0800b557   Thumb Code    24  stm32f10x_flash.o(.text)
    FLASH_LockBank1                          0x0800b56f   Thumb Code    14  stm32f10x_flash.o(.text)
    FLASH_LockBank2                          0x0800b57d   Thumb Code    14  stm32f10x_flash.o(.text)
    FLASH_GetBank2Status                     0x0800b58b   Thumb Code    48  stm32f10x_flash.o(.text)
    FLASH_WaitForLastBank2Operation          0x0800b5bb   Thumb Code    38  stm32f10x_flash.o(.text)
    FLASH_GetBank1Status                     0x0800b5e1   Thumb Code    48  stm32f10x_flash.o(.text)
    FLASH_WaitForLastBank1Operation          0x0800b611   Thumb Code    38  stm32f10x_flash.o(.text)
    FLASH_ErasePage                          0x0800b637   Thumb Code   136  stm32f10x_flash.o(.text)
    FLASH_EraseAllPages                      0x0800b6bf   Thumb Code   112  stm32f10x_flash.o(.text)
    FLASH_EraseAllBank1Pages                 0x0800b72f   Thumb Code    64  stm32f10x_flash.o(.text)
    FLASH_EraseAllBank2Pages                 0x0800b76f   Thumb Code    64  stm32f10x_flash.o(.text)
    FLASH_WaitForLastOperation               0x0800b7af   Thumb Code    38  stm32f10x_flash.o(.text)
    FLASH_GetReadOutProtectionStatus         0x0800b7d5   Thumb Code    20  stm32f10x_flash.o(.text)
    FLASH_EraseOptionBytes                   0x0800b7e9   Thumb Code   156  stm32f10x_flash.o(.text)
    FLASH_ProgramWord                        0x0800b885   Thumb Code   368  stm32f10x_flash.o(.text)
    FLASH_ProgramHalfWord                    0x0800b9f5   Thumb Code   110  stm32f10x_flash.o(.text)
    FLASH_ProgramOptionByteData              0x0800ba63   Thumb Code    80  stm32f10x_flash.o(.text)
    FLASH_EnableWriteProtection              0x0800bab3   Thumb Code   188  stm32f10x_flash.o(.text)
    FLASH_ReadOutProtection                  0x0800bb6f   Thumb Code   164  stm32f10x_flash.o(.text)
    FLASH_UserOptionByteConfig               0x0800bc13   Thumb Code    88  stm32f10x_flash.o(.text)
    FLASH_BootConfig                         0x0800bc6b   Thumb Code   130  stm32f10x_flash.o(.text)
    FLASH_GetUserOptionByte                  0x0800bced   Thumb Code     8  stm32f10x_flash.o(.text)
    FLASH_GetWriteProtectionOptionByte       0x0800bcf5   Thumb Code     6  stm32f10x_flash.o(.text)
    FLASH_GetPrefetchBufferStatus            0x0800bcfb   Thumb Code    20  stm32f10x_flash.o(.text)
    FLASH_ITConfig                           0x0800bd0f   Thumb Code    66  stm32f10x_flash.o(.text)
    FLASH_GetFlagStatus                      0x0800bd51   Thumb Code    64  stm32f10x_flash.o(.text)
    FLASH_ClearFlag                          0x0800bd91   Thumb Code    18  stm32f10x_flash.o(.text)
    FLASH_GetStatus                          0x0800bda3   Thumb Code    48  stm32f10x_flash.o(.text)
    GPIO_DeInit                              0x0800bdd9   Thumb Code   172  stm32f10x_gpio.o(.text)
    GPIO_AFIODeInit                          0x0800be85   Thumb Code    20  stm32f10x_gpio.o(.text)
    GPIO_Init                                0x0800be99   Thumb Code   278  stm32f10x_gpio.o(.text)
    GPIO_StructInit                          0x0800bfaf   Thumb Code    16  stm32f10x_gpio.o(.text)
    GPIO_ReadInputDataBit                    0x0800bfbf   Thumb Code    18  stm32f10x_gpio.o(.text)
    GPIO_ReadInputData                       0x0800bfd1   Thumb Code     8  stm32f10x_gpio.o(.text)
    GPIO_ReadOutputDataBit                   0x0800bfd9   Thumb Code    18  stm32f10x_gpio.o(.text)
    GPIO_ReadOutputData                      0x0800bfeb   Thumb Code     8  stm32f10x_gpio.o(.text)
    GPIO_SetBits                             0x0800bff3   Thumb Code     4  stm32f10x_gpio.o(.text)
    GPIO_ResetBits                           0x0800bff7   Thumb Code     4  stm32f10x_gpio.o(.text)
    GPIO_WriteBit                            0x0800bffb   Thumb Code    10  stm32f10x_gpio.o(.text)
    GPIO_Write                               0x0800c005   Thumb Code     4  stm32f10x_gpio.o(.text)
    GPIO_PinLockConfig                       0x0800c009   Thumb Code    18  stm32f10x_gpio.o(.text)
    GPIO_EventOutputConfig                   0x0800c01b   Thumb Code    26  stm32f10x_gpio.o(.text)
    GPIO_EventOutputCmd                      0x0800c035   Thumb Code     6  stm32f10x_gpio.o(.text)
    GPIO_PinRemapConfig                      0x0800c03b   Thumb Code   138  stm32f10x_gpio.o(.text)
    GPIO_EXTILineConfig                      0x0800c0c5   Thumb Code    66  stm32f10x_gpio.o(.text)
    GPIO_ETH_MediaInterfaceConfig            0x0800c107   Thumb Code     8  stm32f10x_gpio.o(.text)
    IWDG_WriteAccessCmd                      0x0800c135   Thumb Code     6  stm32f10x_iwdg.o(.text)
    IWDG_SetPrescaler                        0x0800c13b   Thumb Code     6  stm32f10x_iwdg.o(.text)
    IWDG_SetReload                           0x0800c141   Thumb Code     6  stm32f10x_iwdg.o(.text)
    IWDG_ReloadCounter                       0x0800c147   Thumb Code    10  stm32f10x_iwdg.o(.text)
    IWDG_Enable                              0x0800c151   Thumb Code    10  stm32f10x_iwdg.o(.text)
    IWDG_GetFlagStatus                       0x0800c15b   Thumb Code    20  stm32f10x_iwdg.o(.text)
    PWR_DeInit                               0x0800c175   Thumb Code    22  stm32f10x_pwr.o(.text)
    PWR_BackupAccessCmd                      0x0800c18b   Thumb Code     6  stm32f10x_pwr.o(.text)
    PWR_PVDCmd                               0x0800c191   Thumb Code     6  stm32f10x_pwr.o(.text)
    PWR_PVDLevelConfig                       0x0800c197   Thumb Code    18  stm32f10x_pwr.o(.text)
    PWR_WakeUpPinCmd                         0x0800c1a9   Thumb Code     8  stm32f10x_pwr.o(.text)
    PWR_EnterSTOPMode                        0x0800c1b1   Thumb Code    54  stm32f10x_pwr.o(.text)
    PWR_EnterSTANDBYMode                     0x0800c1e7   Thumb Code    42  stm32f10x_pwr.o(.text)
    PWR_GetFlagStatus                        0x0800c211   Thumb Code    20  stm32f10x_pwr.o(.text)
    PWR_ClearFlag                            0x0800c225   Thumb Code    14  stm32f10x_pwr.o(.text)
    RCC_DeInit                               0x0800c241   Thumb Code    64  stm32f10x_rcc.o(.text)
    RCC_HSEConfig                            0x0800c281   Thumb Code    70  stm32f10x_rcc.o(.text)
    RCC_GetFlagStatus                        0x0800c2c7   Thumb Code    56  stm32f10x_rcc.o(.text)
    RCC_WaitForHSEStartUp                    0x0800c2ff   Thumb Code    58  stm32f10x_rcc.o(.text)
    RCC_AdjustHSICalibrationValue            0x0800c339   Thumb Code    20  stm32f10x_rcc.o(.text)
    RCC_HSICmd                               0x0800c34d   Thumb Code     6  stm32f10x_rcc.o(.text)
    RCC_PLLConfig                            0x0800c353   Thumb Code    24  stm32f10x_rcc.o(.text)
    RCC_PLLCmd                               0x0800c36b   Thumb Code     6  stm32f10x_rcc.o(.text)
    RCC_SYSCLKConfig                         0x0800c371   Thumb Code    18  stm32f10x_rcc.o(.text)
    RCC_GetSYSCLKSource                      0x0800c383   Thumb Code    10  stm32f10x_rcc.o(.text)
    RCC_HCLKConfig                           0x0800c38d   Thumb Code    18  stm32f10x_rcc.o(.text)
    RCC_PCLK1Config                          0x0800c39f   Thumb Code    18  stm32f10x_rcc.o(.text)
    RCC_PCLK2Config                          0x0800c3b1   Thumb Code    20  stm32f10x_rcc.o(.text)
    RCC_ITConfig                             0x0800c3c5   Thumb Code    26  stm32f10x_rcc.o(.text)
    RCC_USBCLKConfig                         0x0800c3df   Thumb Code     8  stm32f10x_rcc.o(.text)
    RCC_ADCCLKConfig                         0x0800c3e7   Thumb Code    18  stm32f10x_rcc.o(.text)
    RCC_LSEConfig                            0x0800c3f9   Thumb Code    50  stm32f10x_rcc.o(.text)
    RCC_LSICmd                               0x0800c42b   Thumb Code     6  stm32f10x_rcc.o(.text)
    RCC_RTCCLKConfig                         0x0800c431   Thumb Code    12  stm32f10x_rcc.o(.text)
    RCC_RTCCLKCmd                            0x0800c43d   Thumb Code     8  stm32f10x_rcc.o(.text)
    RCC_GetClocksFreq                        0x0800c445   Thumb Code   192  stm32f10x_rcc.o(.text)
    RCC_AHBPeriphClockCmd                    0x0800c505   Thumb Code    26  stm32f10x_rcc.o(.text)
    RCC_APB2PeriphClockCmd                   0x0800c51f   Thumb Code    26  stm32f10x_rcc.o(.text)
    RCC_APB1PeriphClockCmd                   0x0800c539   Thumb Code    26  stm32f10x_rcc.o(.text)
    RCC_APB2PeriphResetCmd                   0x0800c553   Thumb Code    26  stm32f10x_rcc.o(.text)
    RCC_APB1PeriphResetCmd                   0x0800c56d   Thumb Code    26  stm32f10x_rcc.o(.text)
    RCC_BackupResetCmd                       0x0800c587   Thumb Code     8  stm32f10x_rcc.o(.text)
    RCC_ClockSecuritySystemCmd               0x0800c58f   Thumb Code     6  stm32f10x_rcc.o(.text)
    RCC_MCOConfig                            0x0800c595   Thumb Code     6  stm32f10x_rcc.o(.text)
    RCC_ClearFlag                            0x0800c59b   Thumb Code    14  stm32f10x_rcc.o(.text)
    RCC_GetITStatus                          0x0800c5a9   Thumb Code    20  stm32f10x_rcc.o(.text)
    RCC_ClearITPendingBit                    0x0800c5bd   Thumb Code     6  stm32f10x_rcc.o(.text)
    RTC_ITConfig                             0x0800c5e9   Thumb Code    26  stm32f10x_rtc.o(.text)
    RTC_EnterConfigMode                      0x0800c603   Thumb Code    18  stm32f10x_rtc.o(.text)
    RTC_ExitConfigMode                       0x0800c615   Thumb Code    20  stm32f10x_rtc.o(.text)
    RTC_GetCounter                           0x0800c629   Thumb Code    18  stm32f10x_rtc.o(.text)
    RTC_SetCounter                           0x0800c63b   Thumb Code    26  stm32f10x_rtc.o(.text)
    RTC_SetPrescaler                         0x0800c655   Thumb Code    28  stm32f10x_rtc.o(.text)
    RTC_SetAlarm                             0x0800c671   Thumb Code    26  stm32f10x_rtc.o(.text)
    RTC_GetDivider                           0x0800c68b   Thumb Code    22  stm32f10x_rtc.o(.text)
    RTC_WaitForLastTask                      0x0800c6a1   Thumb Code    18  stm32f10x_rtc.o(.text)
    RTC_WaitForSynchro                       0x0800c6b3   Thumb Code    36  stm32f10x_rtc.o(.text)
    RTC_GetFlagStatus                        0x0800c6d7   Thumb Code    22  stm32f10x_rtc.o(.text)
    RTC_ClearFlag                            0x0800c6ed   Thumb Code    16  stm32f10x_rtc.o(.text)
    RTC_GetITStatus                          0x0800c6fd   Thumb Code    32  stm32f10x_rtc.o(.text)
    RTC_ClearITPendingBit                    0x0800c71d   Thumb Code    16  stm32f10x_rtc.o(.text)
    TIM_DeInit                               0x0800c731   Thumb Code   424  stm32f10x_tim.o(.text)
    TIM_TimeBaseInit                         0x0800c8d9   Thumb Code   122  stm32f10x_tim.o(.text)
    TIM_OC1Init                              0x0800c953   Thumb Code   132  stm32f10x_tim.o(.text)
    TIM_OC2Init                              0x0800c9d7   Thumb Code   154  stm32f10x_tim.o(.text)
    TIM_OC3Init                              0x0800ca71   Thumb Code   150  stm32f10x_tim.o(.text)
    TIM_OC4Init                              0x0800cb07   Thumb Code   182  stm32f10x_tim.o(.text)
    TIM_SetIC4Prescaler                      0x0800cbbd   Thumb Code    26  stm32f10x_tim.o(.text)
    TIM_SetIC3Prescaler                      0x0800cc59   Thumb Code    18  stm32f10x_tim.o(.text)
    TIM_SetIC2Prescaler                      0x0800cce5   Thumb Code    26  stm32f10x_tim.o(.text)
    TIM_SetIC1Prescaler                      0x0800cd81   Thumb Code    18  stm32f10x_tim.o(.text)
    TIM_ICInit                               0x0800cdff   Thumb Code   150  stm32f10x_tim.o(.text)
    TIM_PWMIConfig                           0x0800ce95   Thumb Code   124  stm32f10x_tim.o(.text)
    TIM_BDTRConfig                           0x0800cf11   Thumb Code    32  stm32f10x_tim.o(.text)
    TIM_TimeBaseStructInit                   0x0800cf31   Thumb Code    18  stm32f10x_tim.o(.text)
    TIM_OCStructInit                         0x0800cf43   Thumb Code    20  stm32f10x_tim.o(.text)
    TIM_ICStructInit                         0x0800cf57   Thumb Code    18  stm32f10x_tim.o(.text)
    TIM_BDTRStructInit                       0x0800cf69   Thumb Code    40  stm32f10x_tim.o(.text)
    TIM_Cmd                                  0x0800cf91   Thumb Code    24  stm32f10x_tim.o(.text)
    TIM_CtrlPWMOutputs                       0x0800cfa9   Thumb Code    30  stm32f10x_tim.o(.text)
    TIM_ITConfig                             0x0800cfc7   Thumb Code    18  stm32f10x_tim.o(.text)
    TIM_GenerateEvent                        0x0800cfd9   Thumb Code     4  stm32f10x_tim.o(.text)
    TIM_DMAConfig                            0x0800cfdd   Thumb Code    10  stm32f10x_tim.o(.text)
    TIM_DMACmd                               0x0800cfe7   Thumb Code    18  stm32f10x_tim.o(.text)
    TIM_InternalClockConfig                  0x0800cff9   Thumb Code    12  stm32f10x_tim.o(.text)
    TIM_SelectInputTrigger                   0x0800d005   Thumb Code    18  stm32f10x_tim.o(.text)
    TIM_ITRxExternalClockConfig              0x0800d017   Thumb Code    24  stm32f10x_tim.o(.text)
    TIM_TIxExternalClockConfig               0x0800d02f   Thumb Code    62  stm32f10x_tim.o(.text)
    TIM_ETRConfig                            0x0800d06d   Thumb Code    28  stm32f10x_tim.o(.text)
    TIM_ETRClockMode1Config                  0x0800d089   Thumb Code    54  stm32f10x_tim.o(.text)
    TIM_ETRClockMode2Config                  0x0800d0bf   Thumb Code    32  stm32f10x_tim.o(.text)
    TIM_PrescalerConfig                      0x0800d0df   Thumb Code     6  stm32f10x_tim.o(.text)
    TIM_CounterModeConfig                    0x0800d0e5   Thumb Code    18  stm32f10x_tim.o(.text)
    TIM_EncoderInterfaceConfig               0x0800d0f7   Thumb Code    66  stm32f10x_tim.o(.text)
    TIM_ForcedOC1Config                      0x0800d139   Thumb Code    18  stm32f10x_tim.o(.text)
    TIM_ForcedOC2Config                      0x0800d14b   Thumb Code    26  stm32f10x_tim.o(.text)
    TIM_ForcedOC3Config                      0x0800d165   Thumb Code    18  stm32f10x_tim.o(.text)
    TIM_ForcedOC4Config                      0x0800d177   Thumb Code    26  stm32f10x_tim.o(.text)
    TIM_ARRPreloadConfig                     0x0800d191   Thumb Code    24  stm32f10x_tim.o(.text)
    TIM_SelectCOM                            0x0800d1a9   Thumb Code    24  stm32f10x_tim.o(.text)
    TIM_SelectCCDMA                          0x0800d1c1   Thumb Code    24  stm32f10x_tim.o(.text)
    TIM_CCPreloadControl                     0x0800d1d9   Thumb Code    24  stm32f10x_tim.o(.text)
    TIM_OC1PreloadConfig                     0x0800d1f1   Thumb Code    18  stm32f10x_tim.o(.text)
    TIM_OC2PreloadConfig                     0x0800d203   Thumb Code    26  stm32f10x_tim.o(.text)
    TIM_OC3PreloadConfig                     0x0800d21d   Thumb Code    18  stm32f10x_tim.o(.text)
    TIM_OC4PreloadConfig                     0x0800d22f   Thumb Code    26  stm32f10x_tim.o(.text)
    TIM_OC1FastConfig                        0x0800d249   Thumb Code    18  stm32f10x_tim.o(.text)
    TIM_OC2FastConfig                        0x0800d25b   Thumb Code    26  stm32f10x_tim.o(.text)
    TIM_OC3FastConfig                        0x0800d275   Thumb Code    18  stm32f10x_tim.o(.text)
    TIM_OC4FastConfig                        0x0800d287   Thumb Code    26  stm32f10x_tim.o(.text)
    TIM_ClearOC1Ref                          0x0800d2a1   Thumb Code    18  stm32f10x_tim.o(.text)
    TIM_ClearOC2Ref                          0x0800d2b3   Thumb Code    24  stm32f10x_tim.o(.text)
    TIM_ClearOC3Ref                          0x0800d2cb   Thumb Code    18  stm32f10x_tim.o(.text)
    TIM_ClearOC4Ref                          0x0800d2dd   Thumb Code    24  stm32f10x_tim.o(.text)
    TIM_OC1PolarityConfig                    0x0800d2f5   Thumb Code    18  stm32f10x_tim.o(.text)
    TIM_OC1NPolarityConfig                   0x0800d307   Thumb Code    18  stm32f10x_tim.o(.text)
    TIM_OC2PolarityConfig                    0x0800d319   Thumb Code    26  stm32f10x_tim.o(.text)
    TIM_OC2NPolarityConfig                   0x0800d333   Thumb Code    26  stm32f10x_tim.o(.text)
    TIM_OC3PolarityConfig                    0x0800d34d   Thumb Code    26  stm32f10x_tim.o(.text)
    TIM_OC3NPolarityConfig                   0x0800d367   Thumb Code    26  stm32f10x_tim.o(.text)
    TIM_OC4PolarityConfig                    0x0800d381   Thumb Code    26  stm32f10x_tim.o(.text)
    TIM_CCxCmd                               0x0800d39b   Thumb Code    30  stm32f10x_tim.o(.text)
    TIM_CCxNCmd                              0x0800d3b9   Thumb Code    30  stm32f10x_tim.o(.text)
    TIM_SelectOCxM                           0x0800d3d7   Thumb Code    82  stm32f10x_tim.o(.text)
    TIM_UpdateDisableConfig                  0x0800d429   Thumb Code    24  stm32f10x_tim.o(.text)
    TIM_UpdateRequestConfig                  0x0800d441   Thumb Code    24  stm32f10x_tim.o(.text)
    TIM_SelectHallSensor                     0x0800d459   Thumb Code    24  stm32f10x_tim.o(.text)
    TIM_SelectOnePulseMode                   0x0800d471   Thumb Code    18  stm32f10x_tim.o(.text)
    TIM_SelectOutputTrigger                  0x0800d483   Thumb Code    18  stm32f10x_tim.o(.text)
    TIM_SelectSlaveMode                      0x0800d495   Thumb Code    18  stm32f10x_tim.o(.text)
    TIM_SelectMasterSlaveMode                0x0800d4a7   Thumb Code    18  stm32f10x_tim.o(.text)
    TIM_SetCounter                           0x0800d4b9   Thumb Code     4  stm32f10x_tim.o(.text)
    TIM_SetAutoreload                        0x0800d4bd   Thumb Code     4  stm32f10x_tim.o(.text)
    TIM_SetCompare1                          0x0800d4c1   Thumb Code     4  stm32f10x_tim.o(.text)
    TIM_SetCompare2                          0x0800d4c5   Thumb Code     4  stm32f10x_tim.o(.text)
    TIM_SetCompare3                          0x0800d4c9   Thumb Code     4  stm32f10x_tim.o(.text)
    TIM_SetCompare4                          0x0800d4cd   Thumb Code     6  stm32f10x_tim.o(.text)
    TIM_SetClockDivision                     0x0800d4d3   Thumb Code    18  stm32f10x_tim.o(.text)
    TIM_GetCapture1                          0x0800d4e5   Thumb Code     6  stm32f10x_tim.o(.text)
    TIM_GetCapture2                          0x0800d4eb   Thumb Code     6  stm32f10x_tim.o(.text)
    TIM_GetCapture3                          0x0800d4f1   Thumb Code     6  stm32f10x_tim.o(.text)
    TIM_GetCapture4                          0x0800d4f7   Thumb Code     8  stm32f10x_tim.o(.text)
    TIM_GetCounter                           0x0800d4ff   Thumb Code     6  stm32f10x_tim.o(.text)
    TIM_GetPrescaler                         0x0800d505   Thumb Code     6  stm32f10x_tim.o(.text)
    TIM_GetFlagStatus                        0x0800d50b   Thumb Code    18  stm32f10x_tim.o(.text)
    TIM_ClearFlag                            0x0800d51d   Thumb Code     6  stm32f10x_tim.o(.text)
    TIM_GetITStatus                          0x0800d523   Thumb Code    34  stm32f10x_tim.o(.text)
    TIM_ClearITPendingBit                    0x0800d545   Thumb Code     6  stm32f10x_tim.o(.text)
    USART_DeInit                             0x0800d54d   Thumb Code   134  stm32f10x_usart.o(.text)
    USART_Init                               0x0800d5d3   Thumb Code   210  stm32f10x_usart.o(.text)
    USART_StructInit                         0x0800d6a5   Thumb Code    24  stm32f10x_usart.o(.text)
    USART_ClockInit                          0x0800d6bd   Thumb Code    34  stm32f10x_usart.o(.text)
    USART_ClockStructInit                    0x0800d6df   Thumb Code    12  stm32f10x_usart.o(.text)
    USART_Cmd                                0x0800d6eb   Thumb Code    24  stm32f10x_usart.o(.text)
    USART_ITConfig                           0x0800d703   Thumb Code    74  stm32f10x_usart.o(.text)
    USART_DMACmd                             0x0800d74d   Thumb Code    18  stm32f10x_usart.o(.text)
    USART_SetAddress                         0x0800d75f   Thumb Code    18  stm32f10x_usart.o(.text)
    USART_WakeUpConfig                       0x0800d771   Thumb Code    18  stm32f10x_usart.o(.text)
    USART_ReceiverWakeUpCmd                  0x0800d783   Thumb Code    24  stm32f10x_usart.o(.text)
    USART_LINBreakDetectLengthConfig         0x0800d79b   Thumb Code    18  stm32f10x_usart.o(.text)
    USART_LINCmd                             0x0800d7ad   Thumb Code    24  stm32f10x_usart.o(.text)
    USART_SendData                           0x0800d7c5   Thumb Code     8  stm32f10x_usart.o(.text)
    USART_ReceiveData                        0x0800d7cd   Thumb Code    10  stm32f10x_usart.o(.text)
    USART_SendBreak                          0x0800d7d7   Thumb Code    10  stm32f10x_usart.o(.text)
    USART_SetGuardTime                       0x0800d7e1   Thumb Code    16  stm32f10x_usart.o(.text)
    USART_SetPrescaler                       0x0800d7f1   Thumb Code    16  stm32f10x_usart.o(.text)
    USART_SmartCardCmd                       0x0800d801   Thumb Code    24  stm32f10x_usart.o(.text)
    USART_SmartCardNACKCmd                   0x0800d819   Thumb Code    24  stm32f10x_usart.o(.text)
    USART_HalfDuplexCmd                      0x0800d831   Thumb Code    24  stm32f10x_usart.o(.text)
    USART_OverSampling8Cmd                   0x0800d849   Thumb Code    22  stm32f10x_usart.o(.text)
    USART_OneBitMethodCmd                    0x0800d85f   Thumb Code    24  stm32f10x_usart.o(.text)
    USART_IrDAConfig                         0x0800d877   Thumb Code    18  stm32f10x_usart.o(.text)
    USART_IrDACmd                            0x0800d889   Thumb Code    24  stm32f10x_usart.o(.text)
    USART_GetFlagStatus                      0x0800d8a1   Thumb Code    26  stm32f10x_usart.o(.text)
    USART_ClearFlag                          0x0800d8bb   Thumb Code    18  stm32f10x_usart.o(.text)
    USART_GetITStatus                        0x0800d8cd   Thumb Code    84  stm32f10x_usart.o(.text)
    USART_ClearITPendingBit                  0x0800d921   Thumb Code    52  stm32f10x_usart.o(.text)
    NMI_Handler                              0x0800d955   Thumb Code     2  stm32f10x_it.o(.text)
    HardFault_Handler                        0x0800d957   Thumb Code     8  stm32f10x_it.o(.text)
    MemManage_Handler                        0x0800d95f   Thumb Code     4  stm32f10x_it.o(.text)
    BusFault_Handler                         0x0800d963   Thumb Code     4  stm32f10x_it.o(.text)
    UsageFault_Handler                       0x0800d967   Thumb Code     4  stm32f10x_it.o(.text)
    DebugMon_Handler                         0x0800d96b   Thumb Code     2  stm32f10x_it.o(.text)
    SystemInit                               0x0800da4d   Thumb Code    76  system_stm32f10x.o(.text)
    SystemCoreClockUpdate                    0x0800da99   Thumb Code   142  system_stm32f10x.o(.text)
    BKP_DeInit                               0x0800db51   Thumb Code    16  stm32f10x_bkp.o(.text)
    BKP_TamperPinLevelConfig                 0x0800db61   Thumb Code     6  stm32f10x_bkp.o(.text)
    BKP_TamperPinCmd                         0x0800db67   Thumb Code     8  stm32f10x_bkp.o(.text)
    BKP_ITConfig                             0x0800db6f   Thumb Code     8  stm32f10x_bkp.o(.text)
    BKP_RTCOutputConfig                      0x0800db77   Thumb Code    22  stm32f10x_bkp.o(.text)
    BKP_SetRTCCalibrationValue               0x0800db8d   Thumb Code    22  stm32f10x_bkp.o(.text)
    BKP_WriteBackupRegister                  0x0800dba3   Thumb Code    24  stm32f10x_bkp.o(.text)
    BKP_ReadBackupRegister                   0x0800dbbb   Thumb Code    26  stm32f10x_bkp.o(.text)
    BKP_GetFlagStatus                        0x0800dbd5   Thumb Code    10  stm32f10x_bkp.o(.text)
    BKP_ClearFlag                            0x0800dbdf   Thumb Code    18  stm32f10x_bkp.o(.text)
    BKP_GetITStatus                          0x0800dbf1   Thumb Code    10  stm32f10x_bkp.o(.text)
    BKP_ClearITPendingBit                    0x0800dbfb   Thumb Code    18  stm32f10x_bkp.o(.text)
    Reset_Handler                            0x0800dc15   Thumb Code     8  startup_stm32f10x_xl.o(.text)
    SVC_Handler                              0x0800dc27   Thumb Code     2  startup_stm32f10x_xl.o(.text)
    PendSV_Handler                           0x0800dc2b   Thumb Code     2  startup_stm32f10x_xl.o(.text)
    SysTick_Handler                          0x0800dc2d   Thumb Code     2  startup_stm32f10x_xl.o(.text)
    ADC1_2_IRQHandler                        0x0800dc2f   Thumb Code     0  startup_stm32f10x_xl.o(.text)
    ADC3_IRQHandler                          0x0800dc2f   Thumb Code     0  startup_stm32f10x_xl.o(.text)
    CAN1_RX1_IRQHandler                      0x0800dc2f   Thumb Code     0  startup_stm32f10x_xl.o(.text)
    CAN1_SCE_IRQHandler                      0x0800dc2f   Thumb Code     0  startup_stm32f10x_xl.o(.text)
    DMA1_Channel1_IRQHandler                 0x0800dc2f   Thumb Code     0  startup_stm32f10x_xl.o(.text)
    DMA1_Channel2_IRQHandler                 0x0800dc2f   Thumb Code     0  startup_stm32f10x_xl.o(.text)
    DMA1_Channel3_IRQHandler                 0x0800dc2f   Thumb Code     0  startup_stm32f10x_xl.o(.text)
    DMA1_Channel4_IRQHandler                 0x0800dc2f   Thumb Code     0  startup_stm32f10x_xl.o(.text)
    DMA1_Channel5_IRQHandler                 0x0800dc2f   Thumb Code     0  startup_stm32f10x_xl.o(.text)
    DMA1_Channel6_IRQHandler                 0x0800dc2f   Thumb Code     0  startup_stm32f10x_xl.o(.text)
    DMA1_Channel7_IRQHandler                 0x0800dc2f   Thumb Code     0  startup_stm32f10x_xl.o(.text)
    DMA2_Channel1_IRQHandler                 0x0800dc2f   Thumb Code     0  startup_stm32f10x_xl.o(.text)
    DMA2_Channel2_IRQHandler                 0x0800dc2f   Thumb Code     0  startup_stm32f10x_xl.o(.text)
    DMA2_Channel3_IRQHandler                 0x0800dc2f   Thumb Code     0  startup_stm32f10x_xl.o(.text)
    DMA2_Channel4_5_IRQHandler               0x0800dc2f   Thumb Code     0  startup_stm32f10x_xl.o(.text)
    EXTI0_IRQHandler                         0x0800dc2f   Thumb Code     0  startup_stm32f10x_xl.o(.text)
    EXTI15_10_IRQHandler                     0x0800dc2f   Thumb Code     0  startup_stm32f10x_xl.o(.text)
    EXTI1_IRQHandler                         0x0800dc2f   Thumb Code     0  startup_stm32f10x_xl.o(.text)
    EXTI2_IRQHandler                         0x0800dc2f   Thumb Code     0  startup_stm32f10x_xl.o(.text)
    EXTI3_IRQHandler                         0x0800dc2f   Thumb Code     0  startup_stm32f10x_xl.o(.text)
    EXTI4_IRQHandler                         0x0800dc2f   Thumb Code     0  startup_stm32f10x_xl.o(.text)
    EXTI9_5_IRQHandler                       0x0800dc2f   Thumb Code     0  startup_stm32f10x_xl.o(.text)
    FLASH_IRQHandler                         0x0800dc2f   Thumb Code     0  startup_stm32f10x_xl.o(.text)
    FSMC_IRQHandler                          0x0800dc2f   Thumb Code     0  startup_stm32f10x_xl.o(.text)
    I2C1_ER_IRQHandler                       0x0800dc2f   Thumb Code     0  startup_stm32f10x_xl.o(.text)
    I2C1_EV_IRQHandler                       0x0800dc2f   Thumb Code     0  startup_stm32f10x_xl.o(.text)
    I2C2_ER_IRQHandler                       0x0800dc2f   Thumb Code     0  startup_stm32f10x_xl.o(.text)
    I2C2_EV_IRQHandler                       0x0800dc2f   Thumb Code     0  startup_stm32f10x_xl.o(.text)
    PVD_IRQHandler                           0x0800dc2f   Thumb Code     0  startup_stm32f10x_xl.o(.text)
    RCC_IRQHandler                           0x0800dc2f   Thumb Code     0  startup_stm32f10x_xl.o(.text)
    RTCAlarm_IRQHandler                      0x0800dc2f   Thumb Code     0  startup_stm32f10x_xl.o(.text)
    SDIO_IRQHandler                          0x0800dc2f   Thumb Code     0  startup_stm32f10x_xl.o(.text)
    SPI1_IRQHandler                          0x0800dc2f   Thumb Code     0  startup_stm32f10x_xl.o(.text)
    SPI2_IRQHandler                          0x0800dc2f   Thumb Code     0  startup_stm32f10x_xl.o(.text)
    SPI3_IRQHandler                          0x0800dc2f   Thumb Code     0  startup_stm32f10x_xl.o(.text)
    TAMPER_IRQHandler                        0x0800dc2f   Thumb Code     0  startup_stm32f10x_xl.o(.text)
    TIM1_BRK_TIM9_IRQHandler                 0x0800dc2f   Thumb Code     0  startup_stm32f10x_xl.o(.text)
    TIM1_CC_IRQHandler                       0x0800dc2f   Thumb Code     0  startup_stm32f10x_xl.o(.text)
    TIM1_TRG_COM_TIM11_IRQHandler            0x0800dc2f   Thumb Code     0  startup_stm32f10x_xl.o(.text)
    TIM1_UP_TIM10_IRQHandler                 0x0800dc2f   Thumb Code     0  startup_stm32f10x_xl.o(.text)
    TIM3_IRQHandler                          0x0800dc2f   Thumb Code     0  startup_stm32f10x_xl.o(.text)
    TIM4_IRQHandler                          0x0800dc2f   Thumb Code     0  startup_stm32f10x_xl.o(.text)
    TIM5_IRQHandler                          0x0800dc2f   Thumb Code     0  startup_stm32f10x_xl.o(.text)
    TIM6_IRQHandler                          0x0800dc2f   Thumb Code     0  startup_stm32f10x_xl.o(.text)
    TIM7_IRQHandler                          0x0800dc2f   Thumb Code     0  startup_stm32f10x_xl.o(.text)
    TIM8_BRK_TIM12_IRQHandler                0x0800dc2f   Thumb Code     0  startup_stm32f10x_xl.o(.text)
    TIM8_CC_IRQHandler                       0x0800dc2f   Thumb Code     0  startup_stm32f10x_xl.o(.text)
    TIM8_TRG_COM_TIM14_IRQHandler            0x0800dc2f   Thumb Code     0  startup_stm32f10x_xl.o(.text)
    TIM8_UP_TIM13_IRQHandler                 0x0800dc2f   Thumb Code     0  startup_stm32f10x_xl.o(.text)
    USBWakeUp_IRQHandler                     0x0800dc2f   Thumb Code     0  startup_stm32f10x_xl.o(.text)
    USB_HP_CAN1_TX_IRQHandler                0x0800dc2f   Thumb Code     0  startup_stm32f10x_xl.o(.text)
    USB_LP_CAN1_RX0_IRQHandler               0x0800dc2f   Thumb Code     0  startup_stm32f10x_xl.o(.text)
    WWDG_IRQHandler                          0x0800dc2f   Thumb Code     0  startup_stm32f10x_xl.o(.text)
    __aeabi_memcpy                           0x0800dc39   Thumb Code    36  memcpya.o(.text)
    __aeabi_memcpy4                          0x0800dc39   Thumb Code     0  memcpya.o(.text)
    __aeabi_memcpy8                          0x0800dc39   Thumb Code     0  memcpya.o(.text)
    __aeabi_memset                           0x0800dc5d   Thumb Code    14  memseta.o(.text)
    __aeabi_memset4                          0x0800dc5d   Thumb Code     0  memseta.o(.text)
    __aeabi_memset8                          0x0800dc5d   Thumb Code     0  memseta.o(.text)
    __aeabi_memclr                           0x0800dc6b   Thumb Code     4  memseta.o(.text)
    __aeabi_memclr4                          0x0800dc6b   Thumb Code     0  memseta.o(.text)
    __aeabi_memclr8                          0x0800dc6b   Thumb Code     0  memseta.o(.text)
    _memset$wrapper                          0x0800dc6f   Thumb Code    18  memseta.o(.text)
    strstr                                   0x0800dc81   Thumb Code    36  strstr.o(.text)
    strncpy                                  0x0800dca5   Thumb Code    24  strncpy.o(.text)
    strlen                                   0x0800dcbd   Thumb Code    14  strlen.o(.text)
    strcmp                                   0x0800dccb   Thumb Code    28  strcmp.o(.text)
    memcmp                                   0x0800dce7   Thumb Code    26  memcmp.o(.text)
    strcpy                                   0x0800dd01   Thumb Code    18  strcpy.o(.text)
    strncmp                                  0x0800dd13   Thumb Code    30  strncmp.o(.text)
    __aeabi_dadd                             0x0800dd31   Thumb Code   322  dadd.o(.text)
    __aeabi_dsub                             0x0800de73   Thumb Code     6  dadd.o(.text)
    __aeabi_drsub                            0x0800de79   Thumb Code     6  dadd.o(.text)
    __aeabi_dmul                             0x0800de7f   Thumb Code   228  dmul.o(.text)
    __aeabi_ddiv                             0x0800df63   Thumb Code   222  ddiv.o(.text)
    __aeabi_i2d                              0x0800e041   Thumb Code    34  dflti.o(.text)
    __aeabi_f2iz                             0x0800e063   Thumb Code    50  ffixi.o(.text)
    __aeabi_f2d                              0x0800e095   Thumb Code    38  f2d.o(.text)
    __aeabi_cdcmpeq                          0x0800e0bd   Thumb Code     0  cdcmple.o(.text)
    __aeabi_cdcmple                          0x0800e0bd   Thumb Code    48  cdcmple.o(.text)
    __aeabi_cdrcmple                         0x0800e0ed   Thumb Code    48  cdrcmple.o(.text)
    __aeabi_d2f                              0x0800e11d   Thumb Code    56  d2f.o(.text)
    __aeabi_uldivmod                         0x0800e155   Thumb Code    98  uldiv.o(.text)
    __aeabi_llsl                             0x0800e1b7   Thumb Code    30  llshl.o(.text)
    _ll_shift_l                              0x0800e1b7   Thumb Code     0  llshl.o(.text)
    __aeabi_lasr                             0x0800e1d5   Thumb Code    36  llsshr.o(.text)
    _ll_sshift_r                             0x0800e1d5   Thumb Code     0  llsshr.o(.text)
    __I$use$fp                               0x0800e1f9   Thumb Code     0  iusefp.o(.text)
    _float_round                             0x0800e1f9   Thumb Code    18  fepilogue.o(.text)
    _float_epilogue                          0x0800e20b   Thumb Code    92  fepilogue.o(.text)
    _double_round                            0x0800e267   Thumb Code    30  depilogue.o(.text)
    _double_epilogue                         0x0800e285   Thumb Code   156  depilogue.o(.text)
    __ARM_scalbn                             0x0800e321   Thumb Code    46  dscalb.o(.text)
    scalbn                                   0x0800e321   Thumb Code     0  dscalb.o(.text)
    __scatterload                            0x0800e351   Thumb Code    28  init.o(.text)
    __scatterload_rt2                        0x0800e351   Thumb Code     0  init.o(.text)
    __aeabi_llsr                             0x0800e375   Thumb Code    32  llushr.o(.text)
    _ll_ushift_r                             0x0800e375   Thumb Code     0  llushr.o(.text)
    __decompress                             0x0800e395   Thumb Code     0  __dczerorl2.o(.text)
    __decompress1                            0x0800e395   Thumb Code    86  __dczerorl2.o(.text)
    __0sprintf$5                             0x0800e3ed   Thumb Code    34  printf5.o(i.__0sprintf$5)
    __1sprintf$5                             0x0800e3ed   Thumb Code     0  printf5.o(i.__0sprintf$5)
    __2sprintf                               0x0800e3ed   Thumb Code     0  printf5.o(i.__0sprintf$5)
    __kernel_poly                            0x0800e415   Thumb Code   170  poly.o(i.__kernel_poly)
    __mathlib_dbl_divzero                    0x0800e4c1   Thumb Code    12  dunder.o(i.__mathlib_dbl_divzero)
    __mathlib_dbl_infnan                     0x0800e4d1   Thumb Code     6  dunder.o(i.__mathlib_dbl_infnan)
    __mathlib_dbl_invalid                    0x0800e4d7   Thumb Code    12  dunder.o(i.__mathlib_dbl_invalid)
    __scatterload_copy                       0x0800e4e3   Thumb Code    14  handlers.o(i.__scatterload_copy)
    __scatterload_null                       0x0800e4f1   Thumb Code     2  handlers.o(i.__scatterload_null)
    __scatterload_zeroinit                   0x0800e4f3   Thumb Code    14  handlers.o(i.__scatterload_zeroinit)
    __set_errno                              0x0800e501   Thumb Code     6  errno.o(i.__set_errno)
    log                                      0x0800e7d9   Thumb Code   808  log.o(i.log)
    log10                                    0x0800eb35   Thumb Code   198  log10.o(i.log10)
    table_week                               0x0800ee28   Data          12  bsprtc.o(.constdata)
    mon_table                                0x0800ee34   Data          12  bsprtc.o(.constdata)
    __mathlib_zero                           0x0800f0b0   Data           8  qnan.o(.constdata)
    Region$$Table$$Base                      0x0800f0b8   Number         0  anon$$obj.o(Region$$Table)
    Region$$Table$$Limit                     0x0800f0d8   Number         0  anon$$obj.o(Region$$Table)
    Modbus_Write_Queue                       0x20000000   Data           4  modbuscb.o(.data)
    g_modbusWriteFlag                        0x20000004   Data           4  modbuscb.o(.data)
    g_handChangeFlag                         0x2000000c   Data           1  airsensor.o(.data)
    Air_Snd_Queue                            0x20000010   Data           4  airsensor.o(.data)
    Air_Query_Timer                          0x20000014   Data           4  airsensor.o(.data)
    Air_Rsp_Timeout                          0x20000018   Data           4  airsensor.o(.data)
    Air_Snd_Flag                             0x2000001c   Data           4  airsensor.o(.data)
    Air_Rcv_Flag                             0x20000020   Data           4  airsensor.o(.data)
    g_Config_Queue                           0x20000024   Data           4  cfgthread.o(.data)
    g_SysRegOpt_Mutex                        0x20000028   Data           4  cfgthread.o(.data)
    Dev_Snd_Queue                            0x2000002c   Data           4  devcom.o(.data)
    Dev_Query_Timer                          0x20000030   Data           4  devcom.o(.data)
    Dev_Rsp_Timeout                          0x20000034   Data           4  devcom.o(.data)
    Dev_Snd_Flag                             0x20000038   Data           4  devcom.o(.data)
    Dev_Rcv_Flag                             0x2000003c   Data           4  devcom.o(.data)
    Dev_Upd_Mutex                            0x20000040   Data           4  devcom.o(.data)
    whgm5Handle1                             0x20000048   Data           4  whgm5.o(.data)
    whgm5Handle2                             0x2000004c   Data           4  whgm5.o(.data)
    whgm5_status_check                       0x20000050   Data           4  whgm5.o(.data)
    wifiHandle1                              0x20000068   Data           4  wifi232.o(.data)
    wifiHandle2                              0x2000006c   Data           4  wifi232.o(.data)
    Net_Snd_Queue                            0x20000084   Data           4  netthread.o(.data)
    Net_Queue_Data                           0x20000088   Data           8  netthread.o(.data)
    g_infoSndFlag                            0x20000090   Data           1  netthread.o(.data)
    pxCurrentTCB                             0x20000094   Data           4  tasks.o(.data)
    pxMBFrameCBByteReceived                  0x20000108   Data           4  mb.o(.data)
    pxMBFrameCBTransmitterEmpty              0x2000010c   Data           4  mb.o(.data)
    pxMBPortCBTimerExpired                   0x20000110   Data           4  mb.o(.data)
    pxMBFrameCBReceiveFSMCur                 0x20000114   Data           4  mb.o(.data)
    pxMBFrameCBTransmitFSMCur                0x20000118   Data           4  mb.o(.data)
    g_mbRcved                                0x200001b6   Data           2  portserial.o(.data)
    g_netModuleChgFlag                       0x200001d4   Data           1  bspnetcom.o(.data)
    g_netModule                              0x200001d5   Data           1  bspnetcom.o(.data)
    s_DevRegHandle                           0x200001d6   Data           3  devupdatecode.o(.data)
    SystemCoreClock                          0x200001f0   Data           4  system_stm32f10x.o(.data)
    AHBPrescTable                            0x200001f4   Data          16  system_stm32f10x.o(.data)
    usSysRegHoldingBuf                       0x20000208   Data         200  modbuscb.o(.bss)
    usRegHoldingBuf                          0x200002d0   Data        5640  modbuscb.o(.bss)
    usRegInputBuf                            0x200018d8   Data         320  modbuscb.o(.bss)
    temptemp                                 0x20001af0   Data          50  whgm5.o(.bss)
    ucRTUBuf                                 0x20008014   Data         256  mbrtu.o(.bss)
    STMFLASH_BUF                             0x20008114   Data        2048  bsp_internalflash.o(.bss)
    HoldReg_Air                              0x20008914   Data         352  bspaircom.o(.bss)
    HoldReg_Hand                             0x20008a74   Data         560  bspaircom.o(.bss)
    Air_Com_Para                             0x20008ca4   Data         166  bspaircom.o(.bss)
    Air_Para                                 0x20008d4a   Data          32  bspaircom.o(.bss)
    calendar                                 0x20008d6c   Data          16  bsprtc.o(.bss)
    HoldReg_Dev                              0x20008d7c   Data        3776  bspdevcom.o(.bss)
    Dev_Com_Para                             0x20009c3c   Data        1568  bspdevcom.o(.bss)
    Dev_Para                                 0x2000a25c   Data          16  bspdevcom.o(.bss)
    Whgm5_Para                               0x2000a27a   Data          50  bspwhgm5.o(.bss)
    Whgm5_Com_Para                           0x2000a2ac   Data          14  bspwhgm5.o(.bss)
    wifi232b2Para                            0x2000a2bc   Data          88  bspwifi232b2.o(.bss)
    g_netRcvBuf                              0x2000a314   Data        1050  bspnetcom.o(.bss)
    g_netSndBuf                              0x2000a72e   Data        5700  bspnetcom.o(.bss)
    s_DevUpDateCode                          0x2000bd72   Data          25  devupdatecode.o(.bss)
    s_SlaveDevUpDateCode                     0x2000bd8b   Data          42  devupdatecode.o(.bss)
    g_updatePara                             0x2000bdb5   Data        1151  devupdatecode.o(.bss)
    __initial_sp                             0x2000c638   Data           0  startup_stm32f10x_xl.o(STACK)



==============================================================================

Memory Map of the image

  Image Entry point : 0x08002531

  Load Region LR_IROM1 (Base: 0x08002400, Size: 0x0000cee0, Max: 0x00100000, ABSOLUTE, COMPRESSED[0x0000cd20])

    Execution Region ER_IROM1 (Exec base: 0x08002400, Load base: 0x08002400, Size: 0x0000ccd8, Max: 0x00100000, ABSOLUTE)

    Exec Addr    Load Addr    Size         Type   Attr      Idx    E Section Name        Object

    0x08002400   0x08002400   0x00000130   Data   RO         1380    RESET               startup_stm32f10x_xl.o
    0x08002530   0x08002530   0x00000000   Code   RO         1393  * .ARM.Collect$$$$00000000  mc_w.l(entry.o)
    0x08002530   0x08002530   0x00000004   Code   RO         1719    .ARM.Collect$$$$00000001  mc_w.l(entry2.o)
    0x08002534   0x08002534   0x00000004   Code   RO         1722    .ARM.Collect$$$$00000004  mc_w.l(entry5.o)
    0x08002538   0x08002538   0x00000000   Code   RO         1724    .ARM.Collect$$$$00000008  mc_w.l(entry7b.o)
    0x08002538   0x08002538   0x00000000   Code   RO         1726    .ARM.Collect$$$$0000000A  mc_w.l(entry8b.o)
    0x08002538   0x08002538   0x00000008   Code   RO         1727    .ARM.Collect$$$$0000000B  mc_w.l(entry9a.o)
    0x08002540   0x08002540   0x00000000   Code   RO         1729    .ARM.Collect$$$$0000000D  mc_w.l(entry10a.o)
    0x08002540   0x08002540   0x00000000   Code   RO         1731    .ARM.Collect$$$$0000000F  mc_w.l(entry11a.o)
    0x08002540   0x08002540   0x00000004   Code   RO         1720    .ARM.Collect$$$$00002712  mc_w.l(entry2.o)
    0x08002544   0x08002544   0x00000096   Code   RO          666    .emb_text           port.o
    0x080025da   0x080025da   0x00000002   PAD
    0x080025dc   0x080025dc   0x00000002   Code   RO         1329    .emb_text           stm32f10x_it.o
    0x080025de   0x080025de   0x00000024   Code   RO            1    .text               main.o
    0x08002602   0x08002602   0x00000002   PAD
    0x08002604   0x08002604   0x00000050   Code   RO          159    .text               ledthread.o
    0x08002654   0x08002654   0x00000358   Code   RO          290    .text               modbuscb.o
    0x080029ac   0x080029ac   0x0000079c   Code   RO          347    .text               airsensor.o
    0x08003148   0x08003148   0x00000594   Code   RO          378    .text               cfgthread.o
    0x080036dc   0x080036dc   0x00000688   Code   RO          406    .text               devcom.o
    0x08003d64   0x08003d64   0x000001c8   Code   RO          425    .text               whgm5.o
    0x08003f2c   0x08003f2c   0x000001bc   Code   RO          477    .text               wifi232.o
    0x080040e8   0x080040e8   0x00000214   Code   RO          502    .text               netthread.o
    0x080042fc   0x080042fc   0x00000094   Code   RO          578    .text               list.o
    0x08004390   0x08004390   0x00000758   Code   RO          590    .text               queue.o
    0x08004ae8   0x08004ae8   0x00001180   Code   RO          605    .text               tasks.o
    0x08005c68   0x08005c68   0x0000044c   Code   RO          636    .text               timers.o
    0x080060b4   0x080060b4   0x00000084   Code   RO          651    .text               heap_1.o
    0x08006138   0x08006138   0x000000e8   Code   RO          667    .text               port.o
    0x08006220   0x08006220   0x000002ec   Code   RO          697    .text               mb.o
    0x0800650c   0x0800650c   0x0000013c   Code   RO          755    .text               mbfuncholding.o
    0x08006648   0x08006648   0x0000008c   Code   RO          767    .text               mbfuncinput.o
    0x080066d4   0x080066d4   0x000000ac   Code   RO          785    .text               mbutils.o
    0x08006780   0x08006780   0x00000038   Code   RO          797    .text               mbcrc.o
    0x080067b8   0x080067b8   0x00000268   Code   RO          811    .text               mbrtu.o
    0x08006a20   0x08006a20   0x0000003c   Code   RO          827    .text               portevent.o
    0x08006a5c   0x08006a5c   0x000002ac   Code   RO          841    .text               portserial.o
    0x08006d08   0x08006d08   0x0000004c   Code   RO          857    .text               porttimer.o
    0x08006d54   0x08006d54   0x0000005c   Code   RO          942    .text               bspled.o
    0x08006db0   0x08006db0   0x000000dc   Code   RO          954    .text               nvic.o
    0x08006e8c   0x08006e8c   0x0000007a   Code   RO          969    .text               bsptimer.o
    0x08006f06   0x08006f06   0x0000002c   Code   RO          981    .text               bspiwdg.o
    0x08006f32   0x08006f32   0x00000002   PAD
    0x08006f34   0x08006f34   0x00000148   Code   RO          993    .text               bsp_internalflash.o
    0x0800707c   0x0800707c   0x000005c0   Code   RO         1008    .text               bspaircom.o
    0x0800763c   0x0800763c   0x00000460   Code   RO         1034    .text               bsprtc.o
    0x08007a9c   0x08007a9c   0x00000560   Code   RO         1054    .text               bspdevcom.o
    0x08007ffc   0x08007ffc   0x000007e4   Code   RO         1071    .text               bspdevctl.o
    0x080087e0   0x080087e0   0x00000924   Code   RO         1089    .text               bspwhgm5.o
    0x08009104   0x08009104   0x00000f58   Code   RO         1107    .text               bspwifi232b2.o
    0x0800a05c   0x0800a05c   0x000003cc   Code   RO         1124    .text               bspnetcom.o
    0x0800a428   0x0800a428   0x00000fe8   Code   RO         1141    .text               devupdatecode.o
    0x0800b410   0x0800b410   0x000000dc   Code   RO         1161    .text               misc.o
    0x0800b4ec   0x0800b4ec   0x000008ec   Code   RO         1209    .text               stm32f10x_flash.o
    0x0800bdd8   0x0800bdd8   0x0000035c   Code   RO         1221    .text               stm32f10x_gpio.o
    0x0800c134   0x0800c134   0x00000040   Code   RO         1233    .text               stm32f10x_iwdg.o
    0x0800c174   0x0800c174   0x000000cc   Code   RO         1245    .text               stm32f10x_pwr.o
    0x0800c240   0x0800c240   0x000003a8   Code   RO         1257    .text               stm32f10x_rcc.o
    0x0800c5e8   0x0800c5e8   0x00000148   Code   RO         1271    .text               stm32f10x_rtc.o
    0x0800c730   0x0800c730   0x00000e1a   Code   RO         1295    .text               stm32f10x_tim.o
    0x0800d54a   0x0800d54a   0x00000002   PAD
    0x0800d54c   0x0800d54c   0x00000408   Code   RO         1307    .text               stm32f10x_usart.o
    0x0800d954   0x0800d954   0x00000018   Code   RO         1330    .text               stm32f10x_it.o
    0x0800d96c   0x0800d96c   0x000001e4   Code   RO         1348    .text               system_stm32f10x.o
    0x0800db50   0x0800db50   0x000000c4   Code   RO         1366    .text               stm32f10x_bkp.o
    0x0800dc14   0x0800dc14   0x00000024   Code   RO         1381    .text               startup_stm32f10x_xl.o
    0x0800dc38   0x0800dc38   0x00000024   Code   RO         1396    .text               mc_w.l(memcpya.o)
    0x0800dc5c   0x0800dc5c   0x00000024   Code   RO         1398    .text               mc_w.l(memseta.o)
    0x0800dc80   0x0800dc80   0x00000024   Code   RO         1400    .text               mc_w.l(strstr.o)
    0x0800dca4   0x0800dca4   0x00000018   Code   RO         1402    .text               mc_w.l(strncpy.o)
    0x0800dcbc   0x0800dcbc   0x0000000e   Code   RO         1404    .text               mc_w.l(strlen.o)
    0x0800dcca   0x0800dcca   0x0000001c   Code   RO         1406    .text               mc_w.l(strcmp.o)
    0x0800dce6   0x0800dce6   0x0000001a   Code   RO         1408    .text               mc_w.l(memcmp.o)
    0x0800dd00   0x0800dd00   0x00000012   Code   RO         1410    .text               mc_w.l(strcpy.o)
    0x0800dd12   0x0800dd12   0x0000001e   Code   RO         1412    .text               mc_w.l(strncmp.o)
    0x0800dd30   0x0800dd30   0x0000014e   Code   RO         1677    .text               mf_w.l(dadd.o)
    0x0800de7e   0x0800de7e   0x000000e4   Code   RO         1679    .text               mf_w.l(dmul.o)
    0x0800df62   0x0800df62   0x000000de   Code   RO         1681    .text               mf_w.l(ddiv.o)
    0x0800e040   0x0800e040   0x00000022   Code   RO         1683    .text               mf_w.l(dflti.o)
    0x0800e062   0x0800e062   0x00000032   Code   RO         1685    .text               mf_w.l(ffixi.o)
    0x0800e094   0x0800e094   0x00000026   Code   RO         1687    .text               mf_w.l(f2d.o)
    0x0800e0ba   0x0800e0ba   0x00000002   PAD
    0x0800e0bc   0x0800e0bc   0x00000030   Code   RO         1689    .text               mf_w.l(cdcmple.o)
    0x0800e0ec   0x0800e0ec   0x00000030   Code   RO         1691    .text               mf_w.l(cdrcmple.o)
    0x0800e11c   0x0800e11c   0x00000038   Code   RO         1693    .text               mf_w.l(d2f.o)
    0x0800e154   0x0800e154   0x00000062   Code   RO         1738    .text               mc_w.l(uldiv.o)
    0x0800e1b6   0x0800e1b6   0x0000001e   Code   RO         1740    .text               mc_w.l(llshl.o)
    0x0800e1d4   0x0800e1d4   0x00000024   Code   RO         1742    .text               mc_w.l(llsshr.o)
    0x0800e1f8   0x0800e1f8   0x00000000   Code   RO         1751    .text               mc_w.l(iusefp.o)
    0x0800e1f8   0x0800e1f8   0x0000006e   Code   RO         1752    .text               mf_w.l(fepilogue.o)
    0x0800e266   0x0800e266   0x000000ba   Code   RO         1754    .text               mf_w.l(depilogue.o)
    0x0800e320   0x0800e320   0x0000002e   Code   RO         1756    .text               mf_w.l(dscalb.o)
    0x0800e34e   0x0800e34e   0x00000002   PAD
    0x0800e350   0x0800e350   0x00000024   Code   RO         1763    .text               mc_w.l(init.o)
    0x0800e374   0x0800e374   0x00000020   Code   RO         1766    .text               mc_w.l(llushr.o)
    0x0800e394   0x0800e394   0x00000056   Code   RO         1777    .text               mc_w.l(__dczerorl2.o)
    0x0800e3ea   0x0800e3ea   0x00000002   PAD
    0x0800e3ec   0x0800e3ec   0x00000028   Code   RO         1551    i.__0sprintf$5      mc_w.l(printf5.o)
    0x0800e414   0x0800e414   0x000000aa   Code   RO         1760    i.__kernel_poly     m_ws.l(poly.o)
    0x0800e4be   0x0800e4be   0x00000002   PAD
    0x0800e4c0   0x0800e4c0   0x00000010   Code   RO         1695    i.__mathlib_dbl_divzero  m_ws.l(dunder.o)
    0x0800e4d0   0x0800e4d0   0x00000006   Code   RO         1696    i.__mathlib_dbl_infnan  m_ws.l(dunder.o)
    0x0800e4d6   0x0800e4d6   0x0000000c   Code   RO         1698    i.__mathlib_dbl_invalid  m_ws.l(dunder.o)
    0x0800e4e2   0x0800e4e2   0x0000000e   Code   RO         1771    i.__scatterload_copy  mc_w.l(handlers.o)
    0x0800e4f0   0x0800e4f0   0x00000002   Code   RO         1772    i.__scatterload_null  mc_w.l(handlers.o)
    0x0800e4f2   0x0800e4f2   0x0000000e   Code   RO         1773    i.__scatterload_zeroinit  mc_w.l(handlers.o)
    0x0800e500   0x0800e500   0x0000000c   Code   RO         1746    i.__set_errno       mc_w.l(errno.o)
    0x0800e50c   0x0800e50c   0x000002c0   Code   RO         1556    i._printf_core      mc_w.l(printf5.o)
    0x0800e7cc   0x0800e7cc   0x0000000a   Code   RO         1558    i._sputc            mc_w.l(printf5.o)
    0x0800e7d6   0x0800e7d6   0x00000002   PAD
    0x0800e7d8   0x0800e7d8   0x0000035c   Code   RO         1710    i.log               m_ws.l(log.o)
    0x0800eb34   0x0800eb34   0x000000e4   Code   RO         1386    i.log10             m_ws.l(log10.o)
    0x0800ec18   0x0800ec18   0x00000009   Data   RO          380    .constdata          cfgthread.o
    0x0800ec21   0x0800ec21   0x00000003   PAD
    0x0800ec24   0x0800ec24   0x00000004   Data   RO          427    .constdata          whgm5.o
    0x0800ec28   0x0800ec28   0x00000200   Data   RO          798    .constdata          mbcrc.o
    0x0800ee28   0x0800ee28   0x00000018   Data   RO         1036    .constdata          bsprtc.o
    0x0800ee40   0x0800ee40   0x0000009a   Data   RO         1091    .constdata          bspwhgm5.o
    0x0800eeda   0x0800eeda   0x00000002   PAD
    0x0800eedc   0x0800eedc   0x00000198   Data   RO         1109    .constdata          bspwifi232b2.o
    0x0800f074   0x0800f074   0x00000004   PAD
    0x0800f078   0x0800f078   0x00000038   Data   RO         1711    .constdata          m_ws.l(log.o)
    0x0800f0b0   0x0800f0b0   0x00000008   Data   RO         1762    .constdata          m_ws.l(qnan.o)
    0x0800f0b8   0x0800f0b8   0x00000020   Data   RO         1769    Region$$Table       anon$$obj.o


    Execution Region RW_IRAM1 (Exec base: 0x20000000, Load base: 0x0800f0d8, Size: 0x0000c638, Max: 0x00018000, ABSOLUTE, COMPRESSED[0x00000048])

    Exec Addr    Load Addr    Size         Type   Attr      Idx    E Section Name        Object

    0x20000000   COMPRESSED   0x00000009   Data   RW          292    .data               modbuscb.o
    0x20000009   COMPRESSED   0x00000003   PAD
    0x2000000c   COMPRESSED   0x00000018   Data   RW          348    .data               airsensor.o
    0x20000024   COMPRESSED   0x00000008   Data   RW          381    .data               cfgthread.o
    0x2000002c   COMPRESSED   0x0000001b   Data   RW          407    .data               devcom.o
    0x20000047   COMPRESSED   0x00000001   PAD
    0x20000048   COMPRESSED   0x00000020   Data   RW          428    .data               whgm5.o
    0x20000068   COMPRESSED   0x0000001c   Data   RW          478    .data               wifi232.o
    0x20000084   COMPRESSED   0x0000000e   Data   RW          503    .data               netthread.o
    0x20000092   COMPRESSED   0x00000002   PAD
    0x20000094   COMPRESSED   0x0000003c   Data   RW          607    .data               tasks.o
    0x200000d0   COMPRESSED   0x00000014   Data   RW          638    .data               timers.o
    0x200000e4   COMPRESSED   0x00000008   Data   RW          653    .data               heap_1.o
    0x200000ec   COMPRESSED   0x00000004   Data   RW          668    .data               port.o
    0x200000f0   COMPRESSED   0x000000b5   Data   RW          698    .data               mb.o
    0x200001a5   COMPRESSED   0x00000003   PAD
    0x200001a8   COMPRESSED   0x0000000c   Data   RW          813    .data               mbrtu.o
    0x200001b4   COMPRESSED   0x00000002   Data   RW          828    .data               portevent.o
    0x200001b6   COMPRESSED   0x00000002   Data   RW          842    .data               portserial.o
    0x200001b8   COMPRESSED   0x00000002   Data   RW         1010    .data               bspaircom.o
    0x200001ba   COMPRESSED   0x00000002   Data   RW         1037    .data               bsprtc.o
    0x200001bc   COMPRESSED   0x00000002   Data   RW         1056    .data               bspdevcom.o
    0x200001be   COMPRESSED   0x00000002   PAD
    0x200001c0   COMPRESSED   0x00000008   Data   RW         1092    .data               bspwhgm5.o
    0x200001c8   COMPRESSED   0x0000000c   Data   RW         1110    .data               bspwifi232b2.o
    0x200001d4   COMPRESSED   0x00000002   Data   RW         1126    .data               bspnetcom.o
    0x200001d6   COMPRESSED   0x00000003   Data   RW         1143    .data               devupdatecode.o
    0x200001d9   COMPRESSED   0x00000014   Data   RW         1258    .data               stm32f10x_rcc.o
    0x200001ed   COMPRESSED   0x00000003   PAD
    0x200001f0   COMPRESSED   0x00000014   Data   RW         1349    .data               system_stm32f10x.o
    0x20000204   COMPRESSED   0x00000004   Data   RW         1747    .data               mc_w.l(errno.o)
    0x20000208        -       0x000018d8   Zero   RW          291    .bss                modbuscb.o
    0x20001ae0        -       0x00000010   Zero   RW          379    .bss                cfgthread.o
    0x20001af0        -       0x00000032   Zero   RW          426    .bss                whgm5.o
    0x20001b22   COMPRESSED   0x00000002   PAD
    0x20001b24        -       0x000000c8   Zero   RW          606    .bss                tasks.o
    0x20001bec        -       0x00000028   Zero   RW          637    .bss                timers.o
    0x20001c14        -       0x00006400   Zero   RW          652    .bss                heap_1.o
    0x20008014        -       0x00000100   Zero   RW          812    .bss                mbrtu.o
    0x20008114        -       0x00000800   Zero   RW          994    .bss                bsp_internalflash.o
    0x20008914        -       0x00000456   Zero   RW         1009    .bss                bspaircom.o
    0x20008d6a   COMPRESSED   0x00000002   PAD
    0x20008d6c        -       0x00000010   Zero   RW         1035    .bss                bsprtc.o
    0x20008d7c        -       0x000014f0   Zero   RW         1055    .bss                bspdevcom.o
    0x2000a26c        -       0x0000000e   Zero   RW         1072    .bss                bspdevctl.o
    0x2000a27a        -       0x00000040   Zero   RW         1090    .bss                bspwhgm5.o
    0x2000a2ba   COMPRESSED   0x00000002   PAD
    0x2000a2bc        -       0x00000058   Zero   RW         1108    .bss                bspwifi232b2.o
    0x2000a314        -       0x00001a5e   Zero   RW         1125    .bss                bspnetcom.o
    0x2000bd72        -       0x000004c2   Zero   RW         1142    .bss                devupdatecode.o
    0x2000c234   COMPRESSED   0x00000004   PAD
    0x2000c238        -       0x00000400   Zero   RW         1378    STACK               startup_stm32f10x_xl.o


==============================================================================

Image component sizes


      Code (inc. data)   RO Data    RW Data    ZI Data      Debug   Object Name

      1948        136          0         24          0       9941   airsensor.o
       328          4          0          0       2048       2642   bsp_internalflash.o
      1472         52          0          2       1110       5280   bspaircom.o
      1376         54          0          2       5360       5132   bspdevcom.o
      2020         96          0          0         14       1989   bspdevctl.o
        44          0          0          0          0        626   bspiwdg.o
        92          6          0          0          0        578   bspled.o
       972         38          0          2       6750       3371   bspnetcom.o
      1120         30         24          2         16       4382   bsprtc.o
       122          0          0          0          0        771   bsptimer.o
      2340        442        154          8         64       6679   bspwhgm5.o
      3928        480        408         12         88      10851   bspwifi232b2.o
      1428         96          9          8         16       3256   cfgthread.o
      1672        166          0         27          0       2855   devcom.o
      4072         94          0          3       1218      27652   devupdatecode.o
         0          0          0          0          0       9392   event_groups.o
       132         12          0          8      25600       1928   heap_1.o
        80         18          0          0          0     267373   ledthread.o
       148          0          0          0          0       1846   list.o
        36          0          0          0          0     238360   main.o
       748         96          0        181          0       6726   mb.o
        56          8        512          0          0       1200   mbcrc.o
         0          0          0          0          0        669   mbfunccoils.o
       316          0          0          0          0       3281   mbfuncholding.o
       140          0          0          0          0       1579   mbfuncinput.o
       616         28          0         12        256       3725   mbrtu.o
       172          0          0          0          0       1954   mbutils.o
       220         22          0          0          0       2013   misc.o
       856         54          0          9       6360      17672   modbuscb.o
       532         74          0         14          0       2166   netthread.o
       220          0          0          0          0        838   nvic.o
       382         28          0          4          0       6988   port.o
        60          8          0          2          0       1512   portevent.o
       684         38          0          2          0       3885   portserial.o
        76          6          0          0          0       1045   porttimer.o
      1880         10          0          0          0      11463   queue.o
        36          8        304          0       1024        940   startup_stm32f10x_xl.o
       196          8          0          0          0       3712   stm32f10x_bkp.o
      2284         46          0          0          0       9927   stm32f10x_flash.o
       860         38          0          0          0       5945   stm32f10x_gpio.o
        26          0          0          0          0       1507   stm32f10x_it.o
        64          6          0          0          0       1357   stm32f10x_iwdg.o
       204         14          0          0          0       2035   stm32f10x_pwr.o
       936         38          0         20          0       9152   stm32f10x_rcc.o
       328          4          0          0          0       2806   stm32f10x_rtc.o
      3610         88          0          0          0      23052   stm32f10x_tim.o
      1032         22          0          0          0       8672   stm32f10x_usart.o
       484         42          0         20          0       2039   system_stm32f10x.o
      4480        268          0         60        200      28907   tasks.o
      1100         56          0         20         40       7723   timers.o
       456        102          4         32         50       9547   whgm5.o
       444         66          0         28          0       5356   wifi232.o

    ----------------------------------------------------------------------
     46836       2902       1456        516      50224     794297   Object Totals
         0          0         32          0          0          0   (incl. Generated)
         8          0          9         14         10          0   (incl. Padding)

    ----------------------------------------------------------------------

      Code (inc. data)   RO Data    RW Data    ZI Data      Debug   Library Member Name

        34          4          0          0          0        204   dunder.o
       860         52         56          0          0        256   log.o
       228         30          0          0          0        120   log10.o
       170          0          0          0          0         96   poly.o
         0          0          8          0          0          0   qnan.o
        86          0          0          0          0          0   __dczerorl2.o
         0          0          0          0          0          0   entry.o
         0          0          0          0          0          0   entry10a.o
         0          0          0          0          0          0   entry11a.o
         8          4          0          0          0          0   entry2.o
         4          0          0          0          0          0   entry5.o
         0          0          0          0          0          0   entry7b.o
         0          0          0          0          0          0   entry8b.o
         8          4          0          0          0          0   entry9a.o
        12          6          0          4          0         68   errno.o
        30          0          0          0          0          0   handlers.o
        36          8          0          0          0         68   init.o
         0          0          0          0          0          0   iusefp.o
        30          0          0          0          0         68   llshl.o
        36          0          0          0          0         68   llsshr.o
        32          0          0          0          0         68   llushr.o
        26          0          0          0          0         80   memcmp.o
        36          0          0          0          0         68   memcpya.o
        36          0          0          0          0        108   memseta.o
       754         52          0          0          0        252   printf5.o
        28          0          0          0          0         76   strcmp.o
        18          0          0          0          0         68   strcpy.o
        14          0          0          0          0         68   strlen.o
        30          0          0          0          0         80   strncmp.o
        24          0          0          0          0         76   strncpy.o
        36          0          0          0          0         80   strstr.o
        98          0          0          0          0         92   uldiv.o
        48          0          0          0          0         68   cdcmple.o
        48          0          0          0          0         68   cdrcmple.o
        56          0          0          0          0         88   d2f.o
       334          0          0          0          0        148   dadd.o
       222          0          0          0          0        100   ddiv.o
       186          0          0          0          0        176   depilogue.o
        34          0          0          0          0         76   dflti.o
       228          0          0          0          0         96   dmul.o
        46          0          0          0          0         80   dscalb.o
        38          0          0          0          0         68   f2d.o
       110          0          0          0          0        168   fepilogue.o
        50          0          0          0          0         68   ffixi.o

    ----------------------------------------------------------------------
      4084        160         64          4          0       3268   Library Totals
        10          0          0          0          0          0   (incl. Padding)

    ----------------------------------------------------------------------

      Code (inc. data)   RO Data    RW Data    ZI Data      Debug   Library Name

      1292         86         64          0          0        676   m_ws.l
      1382         74          0          4          0       1388   mc_w.l
      1400          0          0          0          0       1204   mf_w.l

    ----------------------------------------------------------------------
      4084        160         64          4          0       3268   Library Totals

    ----------------------------------------------------------------------

==============================================================================


      Code (inc. data)   RO Data    RW Data    ZI Data      Debug   

     50920       3062       1520        520      50224     791297   Grand Totals
     50920       3062       1520         72      50224     791297   ELF Image Totals (compressed)
     50920       3062       1520         72          0          0   ROM Totals

==============================================================================

    Total RO  Size (Code + RO Data)                52440 (  51.21kB)
    Total RW  Size (RW Data + ZI Data)             50744 (  49.55kB)
    Total ROM Size (Code + RO Data + RW Data)      52512 (  51.28kB)

==============================================================================

